[  OK  ] Started Flush Journal to Persistent Storage.
[  OK  ] Started udev Kernel Device Manager.
         Starting Network Service...
[  OK  ] Found device /dev/ttyFIQ0.
[  OK  ] Listening on Load/Save RF Kill Switch Status /dev/rfkill Watch.
[  OK  ] Reached target Sound Card.
[   38.957348] rk_gmac-dwmac ff540000.eth: rk_get_eth_addr: mac address: 82:1d:da:1f:fd:31
[   38.961785] eth0: device MAC address 82:1d:da:1f:fd:31
[  OK  ] Started Network Service.
[  OK  ] Reached target Network.
[  OK  ] Found device /dev/disk/by-label/boot.
         Mounting /boot/efi...
[   39.079229] FAT-fs (mmcblk1p6): utf8 is not a recommended IO charset for FAT filesystems, filesystem will be case sensitive!
[   39.112929] FAT-fs (mmcblk1p6): Volume was not properly unmounted. Some data may be corrupt. Please run fsck.
[  OK  ] Mounted /boot/efi.
[  OK  ] Reached target Local File Systems.
         Starting Create Volatile Files and Directories...
[  OK  ] Started Create Volatile Files and Directories.
         Starting Network Time Synchronization...
         Starting Update UTMP about System Boot/Shutdown...
[  OK  ] Started Update UTMP about System Boot/Shutdown.
[  OK  ] Started Network Time Synchronization.
[  OK  ] Reached target System Initialization.
[  OK  ] Listening on D-Bus System Message Bus Socket.
[  OK  ] Reached target Sockets.
[  OK  ] Reached target Basic System.
         Starting Permit User Sessions...
[  OK  ] Started D-Bus System Message Bus.
         Starting Network Name Resolution...
         Starting Login Service...
[  OK  ] Started OpenSSH Daemon.
[  OK  ] Started Daily Cleanup of Temporary Directories.
[  OK  ] Started Entropy Harvesting Daemon.
[  OK  ] Reached target System Time Synchronized.
[  OK  ] Started Daily rotation of log files.
[  OK  ] Started Daily verification of password and group files.
[  OK  ] Started Daily man-db cache update.
[  OK  ] Reached target Timers.
[  OK  ] Started Permit User Sessions.
[  OK  ] Started Getty on tty1.
[  OK  ] Started Serial Getty on ttyFIQ0.
[  OK  ] Reached target Login Prompts.
[  OK  ] Started Login Service.
[  OK  ] Started Network Name Resolution.
[  OK  ] Reached target Host and Network Name Lookups.
[  OK  ] Reached target Multi-User System.
[  OK  ] Reached target Graphical Interface.
[   39.846844] tty_port_close_start: tty->count = 1 port count = 2.

Arch Linux 4.4.77-rockchip-ayufan-118 (ttyFIQ0)

rock64 login: [   41.031878] rk_gmac-dwmac ff540000.eth eth0: Link is Up - 100Mbps/Half - flow control off
DDR version 1.06 20170424
In
LPDDR3
786MHz
Bus Width=32 Col=11 Bank=8 Row=15/15 CS=2 Die Bus-Width=32 Size=4096MB
ddrconfig:7
OUT
Boot1 Release Time: 2017-05-18, version: 2.43
ChipType = 0x11, 128
emmc reinit
emmc reinit
SdmmcInit=2 20
SdmmcInit=0 0
BootCapSize=0
UserCapSize=14756MB
FwPartOffset=2000 , 0
StorageInit ok = 49139
Raw SecureMode = 0
SecureInit read PBA: 0x4
SecureInit read PBA: 0x404
SecureInit read PBA: 0x804
SecureInit read PBA: 0xc04
SecureInit read PBA: 0x1004
SecureInit ret = 0, SecureMode = 0
LoadTrustBL
No find bl30.bin
No find bl32.bin
Load uboot, ReadLba = 2000
Load OK, addr=0x200000, size=0x9268c
RunBL31 0x10000
NOTICE:  BL31: v1.3(debug):f947c7e
NOTICE:  BL31: Built : 09:28:45, May 31 2017
NOTICE:  BL31:Rockchip release version: v1.3
INFO:    ARM GICv2 driver initialized
INFO:    Using opteed sec cpu_context!
INFO:    boot cpu mask: 1
INFO:    plat_rockchip_pmu_init: pd status 0xe
INFO:    BL31: Initializing runtime services
WARNING: No OPTEE provided by BL2 boot loader, Booting device without OPTEE initialization. SMC`s destined for OPTEE will return SMC_UNK
ERROR:   Error initializing runtime service opteed_fast
INFO:    BL31: Preparing for EL3 exit to normal world
INFO:    Entry point address = 0x200000
INFO:    SPSR = 0x3c9


U-Boot 2017.09-rc4-g22993de (Sep 14 2017 - 21:57:17 +0000), Build: jenkins-linux-build-rock-64-118

Model: Pine64 Rock64
DRAM:  4 GiB
MMC:   rksdmmc@ff500000: 1, rksdmmc@ff520000: 0
*** Warning - bad CRC, using default environment

In:    serial@ff130000
Out:   serial@ff130000
Err:   serial@ff130000
Model: Pine64 Rock64
Net:   eth0: ethernet@ff540000
Hit any key to stop autoboot:  2  1  0 
Card did not respond to voltage select!
mmc_init: -95, time 9
switch to partitions #0, OK
mmc1 is current device
Scanning mmc 1:6...
Found /extlinux/extlinux.conf
Retrieving file: /extlinux/extlinux.conf
reading /extlinux/extlinux.conf
255 bytes read in 5 ms (49.8 KiB/s)
1:	kernel-4.4
Retrieving file: /initrd.img
reading /initrd.img
2816953 bytes read in 169 ms (15.9 MiB/s)
Retrieving file: /Image
reading /Image
18606088 bytes read in 996 ms (17.8 MiB/s)
append: earlycon=uart8250,mmio32,0xff130000 rw root=LABEL=rootfs rootwait rootfstype=ext4 init=/sbin/init coherent_pool=1M ethaddr=82:1d:da:1f:fd:31 eth1addr=82:1d:da:1f:fd:51 serial=2ddb74eed0071ba
Retrieving file: /dtb
reading /dtb
42707 bytes read in 10 ms (4.1 MiB/s)
## Flattened Device Tree blob at 01f00000
   Booting using the fdt blob at 0x1f00000
   Loading Ramdisk to fcc6b000, end fcf1abb9 ... OK
   Loading Device Tree to 00000000fcc5d000, end 00000000fcc6a6d2 ... OK

Starting kernel ...

[    0.000000] Booting Linux on physical CPU 0x0
[    0.000000] Initializing cgroup subsys cpuset
[    0.000000] Initializing cgroup subsys cpu
[    0.000000] Initializing cgroup subsys cpuacct
[    0.000000] Linux version 4.4.77-rockchip-ayufan-118 (root@e4248ef129ba) (gcc version 5.4.0 20160609 (Ubuntu/Linaro 5.4.0-6ubuntu1~16.04.4) ) #1 SMP Thu Sep 14 21:59:24 UTC 2017
[    0.000000] Boot CPU: AArch64 Processor [410fd034]
[    0.000000] earlycon: Early serial console at MMIO32 0xff130000 (options '')
[    0.000000] bootconsole [uart0] enabled
[    0.000000] psci: probing for conduit method from DT.
[    0.000000] psci: PSCIv1.0 detected in firmware.
[    0.000000] psci: Using standard PSCI v0.2 function IDs
[    0.000000] psci: MIGRATE_INFO_TYPE not supported.
[    0.000000] PERCPU: Embedded 21 pages/cpu @ffffffc0fef39000 s46504 r8192 d31320 u86016
[    0.000000] Detected VIPT I-cache on CPU0
[    0.000000] CPU features: enabling workaround for ARM erratum 845719
[    0.000000] Built 1 zonelists in Zone order, mobility grouping on.  Total pages: 1027656
[    0.000000] Kernel command line: earlycon=uart8250,mmio32,0xff130000 rw root=LABEL=rootfs rootwait rootfstype=ext4 init=/sbin/init coherent_pool=1M ethaddr=82:1d:da:1f:fd:31 eth1addr=82:1d:da:1f:fd:51 serial=2ddb74eed0071ba
[    0.000000] PID hash table entries: 4096 (order: 3, 32768 bytes)
[    0.000000] Dentry cache hash table entries: 524288 (order: 10, 4194304 bytes)
[    0.000000] Inode-cache hash table entries: 262144 (order: 9, 2097152 bytes)
[    0.000000] software IO TLB [mem 0xf6200000-0xfa200000] (64MB) mapped at [ffffffc0f6200000-ffffffc0fa1fffff]
[    0.000000] Memory: 4015672K/4175872K available (11390K kernel code, 1466K rwdata, 4124K rodata, 1152K init, 747K bss, 160200K reserved, 0K cma-reserved)
[    0.000000] Virtual kernel memory layout:
[    0.000000]     modules : 0xffffff8000000000 - 0xffffff8008000000   (   128 MB)
[    0.000000]     vmalloc : 0xffffff8008000000 - 0xffffffbdbfff0000   (   246 GB)
[    0.000000]       .init : 0xffffff8008fb0000 - 0xffffff80090d0000   (  1152 KB)
[    0.000000]       .text : 0xffffff8008080000 - 0xffffff8008ba0000   ( 11392 KB)
[    0.000000]     .rodata : 0xffffff8008ba0000 - 0xffffff8008fb0000   (  4160 KB)
[    0.000000]       .data : 0xffffff80090d0000 - 0xffffff800923e808   (  1467 KB)
[    0.000000]     vmemmap : 0xffffffbdc0000000 - 0xffffffbfc0000000   (     8 GB maximum)
[    0.000000]               0xffffffbdc0008000 - 0xffffffbdc3fc0000   (    63 MB actual)
[    0.000000]     fixed   : 0xffffffbffe7fd000 - 0xffffffbffec00000   (  4108 KB)
[    0.000000]     PCI I/O : 0xffffffbffee00000 - 0xffffffbfffe00000   (    16 MB)
[    0.000000]     memory  : 0xffffffc000200000 - 0xffffffc0ff000000   (  4078 MB)
[    0.000000] SLUB: HWalign=64, Order=0-3, MinObjects=0, CPUs=4, Nodes=1
[    0.000000] Hierarchical RCU implementation.
[    0.000000] 	Build-time adjustment of leaf fanout to 64.
[    0.000000] 	RCU restricting CPUs from NR_CPUS=8 to nr_cpu_ids=4.
[    0.000000] RCU: Adjusting geometry for rcu_fanout_leaf=64, nr_cpu_ids=4
[    0.000000] NR_IRQS:64 nr_irqs:64 0
[    0.000000] GIC: Using split EOI/Deactivate mode
[    0.000000] Architected cp15 timer(s) running at 24.00MHz (phys).
[    0.000000] clocksource: arch_sys_counter: mask: 0xffffffffffffff max_cycles: 0x588fe9dc0, max_idle_ns: 440795202592 ns
[    0.000006] sched_clock: 56 bits at 24MHz, resolution 41ns, wraps every 4398046511097ns
[    0.001575] Console: colour dummy device 80x25
[    0.001987] console [tty0] enabled
[    0.002311] bootconsole [uart0] disabled
<hit enter to activate fiq debugger>
[    0.000000] Booting Linux on physical CPU 0x0
[    0.000000] Initializing cgroup subsys cpuset
[    0.000000] Initializing cgroup subsys cpu
[    0.000000] Initializing cgroup subsys cpuacct
[    0.000000] Linux version 4.4.77-rockchip-ayufan-118 (root@e4248ef129ba) (gcc version 5.4.0 20160609 (Ubuntu/Linaro 5.4.0-6ubuntu1~16.04.4) ) #1 SMP Thu Sep 14 21:59:24 UTC 2017
[    0.000000] Boot CPU: AArch64 Processor [410fd034]
[    0.000000] earlycon: Early serial console at MMIO32 0xff130000 (options '')
[    0.000000] bootconsole [uart0] enabled
[    0.000000] psci: probing for conduit method from DT.
[    0.000000] psci: PSCIv1.0 detected in firmware.
[    0.000000] psci: Using standard PSCI v0.2 function IDs
[    0.000000] psci: MIGRATE_INFO_TYPE not supported.
[    0.000000] PERCPU: Embedded 21 pages/cpu @ffffffc0fef39000 s46504 r8192 d31320 u86016
[    0.000000] Detected VIPT I-cache on CPU0
[    0.000000] CPU features: enabling workaround for ARM erratum 845719
[    0.000000] Built 1 zonelists in Zone order, mobility grouping on.  Total pages: 1027656
[    0.000000] Kernel command line: earlycon=uart8250,mmio32,0xff130000 rw root=LABEL=rootfs rootwait rootfstype=ext4 init=/sbin/init coherent_pool=1M ethaddr=82:1d:da:1f:fd:31 eth1addr=82:1d:da:1f:fd:51 serial=2ddb74eed0071ba
[    0.000000] PID hash table entries: 4096 (order: 3, 32768 bytes)
[    0.000000] Dentry cache hash table entries: 524288 (order: 10, 4194304 bytes)
[    0.000000] Inode-cache hash table entries: 262144 (order: 9, 2097152 bytes)
[    0.000000] software IO TLB [mem 0xf6200000-0xfa200000] (64MB) mapped at [ffffffc0f6200000-ffffffc0fa1fffff]
[    0.000000] Memory: 4015672K/4175872K available (11390K kernel code, 1466K rwdata, 4124K rodata, 1152K init, 747K bss, 160200K reserved, 0K cma-reserved)
[    0.000000] Virtual kernel memory layout:
[    0.000000]     modules : 0xffffff8000000000 - 0xffffff8008000000   (   128 MB)
[    0.000000]     vmalloc : 0xffffff8008000000 - 0xffffffbdbfff0000   (   246 GB)
[    0.000000]       .init : 0xffffff8008fb0000 - 0xffffff80090d0000   (  1152 KB)
[    0.000000]       .text : 0xffffff8008080000 - 0xffffff8008ba0000   ( 11392 KB)
[    0.000000]     .rodata : 0xffffff8008ba0000 - 0xffffff8008fb0000   (  4160 KB)
[    0.000000]       .data : 0xffffff80090d0000 - 0xffffff800923e808   (  1467 KB)
[    0.000000]     vmemmap : 0xffffffbdc0000000 - 0xffffffbfc0000000   (     8 GB maximum)
[    0.000000]               0xffffffbdc0008000 - 0xffffffbdc3fc0000   (    63 MB actual)
[    0.000000]     fixed   : 0xffffffbffe7fd000 - 0xffffffbffec00000   (  4108 KB)
[    0.000000]     PCI I/O : 0xffffffbffee00000 - 0xffffffbfffe00000   (    16 MB)
[    0.000000]     memory  : 0xffffffc000200000 - 0xffffffc0ff000000   (  4078 MB)
[    0.000000] SLUB: HWalign=64, Order=0-3, MinObjects=0, CPUs=4, Nodes=1
[    0.000000] Hierarchical RCU implementation.
[    0.000000] 	Build-time adjustment of leaf fanout to 64.
[    0.000000] 	RCU restricting CPUs from NR_CPUS=8 to nr_cpu_ids=4.
[    0.000000] RCU: Adjusting geometry for rcu_fanout_leaf=64, nr_cpu_ids=4
[    0.000000] NR_IRQS:64 nr_irqs:64 0
[    0.000000] GIC: Using split EOI/Deactivate mode
[    0.000000] Architected cp15 timer(s) running at 24.00MHz (phys).
[    0.000000] clocksource: arch_sys_counter: mask: 0xffffffffffffff max_cycles: 0x588fe9dc0, max_idle_ns: 440795202592 ns
[    0.000006] sched_clock: 56 bits at 24MHz, resolution 41ns, wraps every 4398046511097ns
[    0.001575] Console: colour dummy device 80x25
[    0.001987] console [tty0] enabled
[    0.002311] bootconsole [uart0] disabled
[    0.002706] Calibrating delay loop (skipped), value calculated using timer frequency.. 48.00 BogoMIPS (lpj=24000)
[    0.002744] pid_max: default: 32768 minimum: 301
[    0.002880] Security Framework initialized
[    0.002900] Yama: becoming mindful.
[    0.002934] AppArmor: AppArmor disabled by boot time parameter
[    0.003016] Mount-cache hash table entries: 8192 (order: 4, 65536 bytes)
[    0.003045] Mountpoint-cache hash table entries: 8192 (order: 4, 65536 bytes)
[    0.003965] Initializing cgroup subsys io
[    0.003999] Initializing cgroup subsys memory
[    0.004046] Initializing cgroup subsys devices
[    0.004073] Initializing cgroup subsys freezer
[    0.004098] Initializing cgroup subsys net_cls
[    0.004123] Initializing cgroup subsys perf_event
[    0.004149] Initializing cgroup subsys net_prio
[    0.004180] Initializing cgroup subsys hugetlb
[    0.004202] Initializing cgroup subsys pids
[    0.004265] ftrace: allocating 42863 entries in 168 pages
[    0.121775] sched-energy: CPU device node has no sched-energy-costs
[    0.121811] Invalid sched_group_energy for CPU0
[    0.121828] CPU0: update cpu_capacity 1024
[    0.121895] ASID allocator initialised with 65536 entries
[    0.127155] Detected VIPT I-cache on CPU1
[    0.127212] Invalid sched_group_energy for CPU1
[    0.127217] CPU1: update cpu_capacity 1024
[    0.127222] CPU1: Booted secondary processor [410fd034]
[    0.128018] Detected VIPT I-cache on CPU2
[    0.128065] Invalid sched_group_energy for CPU2
[    0.128070] CPU2: update cpu_capacity 1024
[    0.128075] CPU2: Booted secondary processor [410fd034]
[    0.128822] Detected VIPT I-cache on CPU3
[    0.128867] Invalid sched_group_energy for CPU3
[    0.128872] CPU3: update cpu_capacity 1024
[    0.128876] CPU3: Booted secondary processor [410fd034]
[    0.129006] Brought up 4 CPUs
[    0.129300] SMP: Total of 4 processors activated.
[    0.129336] CPU: All CPU(s) started at EL2
[    0.129398] alternatives: patching kernel code
[    0.129652] Invalid sched_group_energy for CPU3
[    0.129684] Invalid sched_group_energy for Cluster3
[    0.129712] Invalid sched_group_energy for CPU2
[    0.129739] Invalid sched_group_energy for Cluster2
[    0.129766] Invalid sched_group_energy for CPU1
[    0.129793] Invalid sched_group_energy for Cluster1
[    0.129845] Invalid sched_group_energy for CPU0
[    0.129877] Invalid sched_group_energy for Cluster0
[    0.130594] devtmpfs: initialized
[    0.147216] clocksource: jiffies: mask: 0xffffffff max_cycles: 0xffffffff, max_idle_ns: 1911260446275000 ns
[    0.147293] futex hash table entries: 1024 (order: 4, 65536 bytes)
[    0.147937] xor: measuring software checksum speed
[    0.157229]    8regs     :  1080.000 MB/sec
[    0.167325]    8regs_prefetch:   968.000 MB/sec
[    0.177421]    32regs    :  1352.000 MB/sec
[    0.187518]    32regs_prefetch:  1116.000 MB/sec
[    0.187548] xor: using function: 32regs (1352.000 MB/sec)
[    0.187627] pinctrl core: initialized pinctrl subsystem
[    0.188940] NET: Registered protocol family 16
[    0.192627] cpuidle: using governor ladder
[    0.196662] cpuidle: using governor menu
[    0.196711] Registered FIQ tty driver
[    0.197165] vdso: 2 pages (1 code @ ffffff8008ba6000, 1 data @ ffffff80090d4000)
[    0.197241] hw-breakpoint: found 6 breakpoint and 4 watchpoint registers.
[    0.197744] DMA: preallocated 1024 KiB pool for atomic allocations
[    0.221412] genirq: Setting trigger mode 8 for irq 176 failed (gic_set_type+0x0/0x68)
[    0.279931] console [ttyFIQ0] enabled
[    0.280597] Registered fiq debugger ttyFIQ0
[    0.315780] raid6: int64x1  gen()   191 MB/s
[    0.332733] raid6: int64x1  xor()   185 MB/s
[    0.350022] raid6: int64x2  gen()   296 MB/s
[    0.367106] raid6: int64x2  xor()   277 MB/s
[    0.384410] raid6: int64x4  gen()   472 MB/s
[    0.401530] raid6: int64x4  xor()   339 MB/s
[    0.418798] raid6: int64x8  gen()   332 MB/s
[    0.435940] raid6: int64x8  xor()   267 MB/s
[    0.453143] raid6: neonx1   gen()   363 MB/s
[    0.470323] raid6: neonx1   xor()   369 MB/s
[    0.487543] raid6: neonx2   gen()   570 MB/s
[    0.504730] raid6: neonx2   xor()   494 MB/s
[    0.521926] raid6: neonx4   gen()   761 MB/s
[    0.539114] raid6: neonx4   xor()   578 MB/s
[    0.556330] raid6: neonx8   gen()   777 MB/s
[    0.573512] raid6: neonx8   xor()   578 MB/s
[    0.573912] raid6: using algorithm neonx8 gen() 777 MB/s
[    0.574402] raid6: .... xor() 578 MB/s, rmw enabled
[    0.574871] raid6: using intx1 recovery algorithm
[    0.575787] mpp venc_srv: mpp_probe enter
[    0.576223] mpp venc_srv: init success
[    0.579175] iommu: Adding device ff350000.vpu-service to group 0
[    0.579865] iommu: Adding device ff360000.rkvdec to group 1
[    0.580460] iommu: Adding device ff330000.h265e to group 2
[    0.581066] iommu: Adding device ff340000.vepu to group 3
[    0.581641] iommu: Adding device ff370000.vop to group 4
[    0.583064] rk_iommu ff360480.iommu: can't get aclk
[    0.583572] rk_iommu ff360480.iommu: can't get hclk
[    0.584193] rk_iommu ff330200.iommu: can't get aclk
[    0.584679] rk_iommu ff330200.iommu: can't get hclk
[    0.585489] rk_iommu ff373f00.iommu: can't get aclk
[    0.585974] rk_iommu ff373f00.iommu: can't get hclk
[    0.587066] SCSI subsystem initialized
[    0.587732] usbcore: registered new interface driver usbfs
[    0.588337] usbcore: registered new interface driver hub
[    0.588950] usbcore: registered new device driver usb
[    0.589549] media: Linux media interface: v0.10
[    0.590034] Linux video capture interface: v2.00
[    0.590586] pps_core: LinuxPPS API ver. 1 registered
[    0.591054] pps_core: Software ver. 5.3.6 - Copyright 2005-2007 Rodolfo Giometti <giometti@linux.it>
[    0.592029] PTP clock support registered
[    0.594066] Advanced Linux Sound Architecture Driver Initialized.
[    0.595503] Bluetooth: Core ver 2.21
[    0.595918] NET: Registered protocol family 31
[    0.596362] Bluetooth: HCI device and connection manager initialized
[    0.596959] Bluetooth: HCI socket layer initialized
[    0.597438] Bluetooth: L2CAP socket layer initialized
[    0.597939] Bluetooth: SCO socket layer initialized
[    0.599112] NetLabel: Initializing
[    0.599475] NetLabel:  domain hash size = 128
[    0.599885] NetLabel:  protocols = UNLABELED CIPSOv4
[    0.600422] NetLabel:  unlabeled traffic allowed by default
[    0.601409] rockchip-cpuinfo cpuinfo: Serial		: 2ddb74eed0071ba0
[    0.602755] clocksource: Switched to clocksource arch_sys_counter
[    0.702829] NET: Registered protocol family 2
[    0.704122] TCP established hash table entries: 32768 (order: 6, 262144 bytes)
[    0.705243] TCP bind hash table entries: 32768 (order: 8, 1048576 bytes)
[    0.707414] TCP: Hash tables configured (established 32768 bind 32768)
[    0.708168] UDP hash table entries: 2048 (order: 5, 196608 bytes)
[    0.709014] UDP-Lite hash table entries: 2048 (order: 5, 196608 bytes)
[    0.710191] NET: Registered protocol family 1
[    0.711169] RPC: Registered named UNIX socket transport module.
[    0.711728] RPC: Registered udp transport module.
[    0.712204] RPC: Registered tcp transport module.
[    0.712652] RPC: Registered tcp NFSv4.1 backchannel transport module.
[    0.713563] Trying to unpack rootfs image as initramfs...
[    0.989977] Freeing initrd memory: 2748K (ffffffc0fcc6b000 - ffffffc0fcf1a000)
[    0.991447] hw perfevents: enabled with armv8_cortex_a53 PMU driver, 7 counters available
[    0.993438] kvm [1]: 8-bit VMID
[    0.993785] kvm [1]: Hyp mode initialized successfully
[    0.994701] kvm [1]: interrupt-controller@ff814000 IRQ43
[    0.995531] kvm [1]: timer IRQ3
[    1.000050] audit: initializing netlink subsys (disabled)
[    1.000610] audit: type=2000 audit(0.906:1): initialized
[    1.001728] Initialise system trusted keyring
[    1.002880] HugeTLB registered 2 MB page size, pre-allocated 0 pages
[    1.016538] VFS: Disk quotas dquot_6.6.0
[    1.017250] VFS: Dquot-cache hash table entries: 512 (order 0, 4096 bytes)
[    1.022159] NFS: Registering the id_resolver key type
[    1.022673] Key type id_resolver registered
[    1.023097] Key type id_legacy registered
[    1.023498] Installing knfsd (copyright (C) 1996 okir@monad.swb.de).
[    1.025216] fuse init (API version 7.23)
[    1.026685] JFS: nTxBlock = 8192, nTxLock = 65536
[    1.034235] SGI XFS with ACLs, security attributes, realtime, no debug enabled
[    1.037628] Key type big_key registered
[    1.038160] 
[    1.038160] TEE Core Framework initialization (ver 1:0.1)
[    1.038854] TEE armv7 Driver initialization
[    1.039677] tz_tee_probe: name="armv7sec", id=0, pdev_name="armv7sec.0"
[    1.040316] TEE core: Alloc the misc device "opteearmtz00" (id=0)
[    1.041224] TEE Core: Register the misc device "opteearmtz00" (id=0,minor=62)
[    1.048227] NET: Registered protocol family 38
[    1.048684] Key type asymmetric registered
[    1.049118] Asymmetric key parser 'x509' registered
[    1.049917] Block layer SCSI generic (bsg) driver version 0.4 loaded (major 247)
[    1.051070] io scheduler noop registered
[    1.051454] io scheduler deadline registered (default)
[    1.052022] io scheduler cfq registered
[    1.058821] rockchip-u3phy ff470000.usb3-phy: Rockchip u3phy initialized successfully
[    1.063045] rk-vcodec ff350000.vpu-service: probe device
[    1.063587] rk-vcodec ff350000.vpu-service: vpu mmu dec ffffffc0f5f82c10
[    1.064501] rk-vcodec ff350000.vpu-service: allocator is drm
[    1.065145] rk-vcodec ff350000.vpu-service: checking hw id 0
[    1.066344] rk-vcodec ff350000.vpu-service: init success
[    1.067648] rk-vcodec ff360000.rkvdec: probe device
[    1.068187] rk-vcodec ff360000.rkvdec: vpu mmu dec ffffffc0f5f83410
[    1.069063] rk-vcodec ff360000.rkvdec: allocator is drm
[    1.069631] rk-vcodec ff360000.rkvdec: checking hw id 3410
[    1.070841] rk-vcodec ff360000.rkvdec: init success
[    1.071734] probe device ff330000.h265e
[    1.072541] mpp_dev ff330000.h265e: try to get iommu dev ffffffc0f5f83c10
[    1.073616] mpp_dev ff330000.h265e: resource ready, register device
[    1.074530] probe device ff340000.vepu
[    1.075268] mpp_dev ff340000.vepu: try to get iommu dev ffffffc0f5fa4410
[    1.076231] rockchip_mpp_vepu_reset_init:143: No aclk reset resource define
[    1.076899] rockchip_mpp_vepu_reset_init:148: No hclk reset resource define
[    1.077543] mpp_dev ff340000.vepu: resource ready, register device
[    1.081246] dma-pl330 ff1f0000.dmac: Loaded driver for PL330 DMAC-241330
[    1.081904] dma-pl330 ff1f0000.dmac: 	DBUFF-128x8bytes Num_Chans-8 Num_Peri-20 Num_Events-16
[    1.083713] Serial: 8250/16550 driver, 5 ports, IRQ sharing disabled
[    1.087288] [drm:drm_core_init] Initialized drm 1.1.0 20060810
[    1.091068] rockchip-vop ff370000.vop: invalid resource
[    1.091569] rockchip-vop ff370000.vop: failed to get vop lut registers
[    1.092206] rockchip-vop ff370000.vop: invalid resource
[    1.092699] rockchip-vop ff370000.vop: failed to get vop cabc lut registers
[    1.093598] rockchip-drm display-subsystem: bound ff370000.vop (ops 0xffffff8008c61338)
[    1.094733] i2c i2c-4: of_i2c: modalias failure on /hdmi@ff3c0000/ports
[    1.095378] dwhdmi-rockchip ff3c0000.hdmi: registered DesignWare HDMI I2C bus driver
[    1.096198] dwhdmi-rockchip ff3c0000.hdmi: Detected HDMI TX controller v2.11a with HDCP (inno_dw_hdmi_phy2)
[    1.098111] rockchip-drm display-subsystem: bound ff3c0000.hdmi (ops 0xffffff8008c5bd28)
[    1.098912] [drm:drm_vblank_init] Supports vblank timestamp caching Rev 2 (21.10.2013).
[    1.099660] [drm:drm_vblank_init] No driver support for vblank timestamp query.
[    1.100427] rockchip-drm display-subsystem: failed to parse display resources
[    1.101142] rockchip-drm display-subsystem: No connectors reported connected with modes
[    1.102012] [drm:drm_fb_helper_single_fb_probe] Cannot find any crtc or sizes - going 1024x768
[    1.128228] Console: switching to colour frame buffer device 128x48
[    1.148302] rockchip-drm display-subsystem: fb0:  frame buffer device
[    1.157692] Unable to detect cache hierarchy from DT for CPU 0
[    1.159844] brd: module loaded
[    1.169630] loop: module loaded
[    1.171137] zram: Added device: zram0
[    1.171964] lkdtm: No crash points registered, enable through debugfs
[    1.174439] rockchip-spi ff190000.spi: Failed to request TX DMA channel
[    1.175338] rockchip-spi ff190000.spi: Failed to request RX DMA channel
[    1.177132] m25p80 spi32766.0: gd25q128 (16384 Kbytes)
[    1.177874] 6 ofpart partitions found on MTD device spi32766.0
[    1.178615] Creating 6 MTD partitions on "spi32766.0":
[    1.179295] 0x000000000000-0x000000008000 : "system"
[    1.180455] 0x000000008000-0x000000400000 : "loader"
[    1.181548] 0x000000400000-0x0000007c0000 : "reserved"
[    1.182663] 0x0000007c0000-0x000000800000 : "vendor"
[    1.183811] 0x000000800000-0x000000c00000 : "uboot"
[    1.184917] 0x000000c00000-0x000001000000 : "atf"
[    1.188043] rk_gmac-dwmac ff540000.eth: clock input or output? (input).
[    1.188930] rk_gmac-dwmac ff540000.eth: TX delay(0x26).
[    1.189610] rk_gmac-dwmac ff540000.eth: RX delay(0x11).
[    1.190493] rk_gmac-dwmac ff540000.eth: clock input from PHY
[    1.191239] rk_gmac-dwmac ff540000.eth: init for RGMII
[    1.197102] stmmac - user ID: 0x10, Synopsys ID: 0x35
[    1.205527]  Ring mode enabled
[    1.213639]  DMA HW capability register supported
[    1.214237]  Normal descriptors
[    1.230042]  RX Checksum Offload Engine supported (type 2)
[    1.238471]  TX Checksum insertion supported
[    1.246754]  Wake-Up On Lan supported
[    1.254947]  Enable RX Mitigation via HW Watchdog Timer
[    1.341624] libphy: stmmac: probed
[    1.349619] eth%d: PHY ID 001cc916 at 0 IRQ POLL (stmmac-0:00) active
[    1.357904] eth%d: PHY ID 001cc916 at 1 IRQ POLL (stmmac-0:01)
[    1.367174] Rockchip WiFi SYS interface (V1.00) ... 
[    1.375219] usbcore: registered new interface driver cdc_ether
[    1.383286] usbcore: registered new interface driver rndis_host
[    1.392906] phy phy-ff470000.usb3-phy.2: u3phy u2 power on
[    1.400624] phy phy-ff470000.usb3-phy.3: u3phy u3 power on
[    1.409094] ff580000.usb supply vusb_d not found, using dummy regulator
[    1.416758] ff580000.usb supply vusb_a not found, using dummy regulator
[    1.580012] dwc2 ff580000.usb: DWC OTG Controller
[    1.587089] dwc2 ff580000.usb: new USB bus registered, assigned bus number 1
[    1.594358] dwc2 ff580000.usb: irq 40, io mem 0x00000000
[    1.601689] usb usb1: New USB device found, idVendor=1d6b, idProduct=0002
[    1.608871] usb usb1: New USB device strings: Mfr=3, Product=2, SerialNumber=1
[    1.616001] usb usb1: Product: DWC OTG Controller
[    1.622773] usb usb1: Manufacturer: Linux 4.4.77-rockchip-ayufan-118 dwc2_hsotg
[    1.629853] usb usb1: SerialNumber: ff580000.usb
[    1.637456] hub 1-0:1.0: USB hub found
[    1.644133] hub 1-0:1.0: 1 port detected
[    1.651949] ehci_hcd: USB 2.0 'Enhanced' Host Controller (EHCI) Driver
[    1.658964] ehci-pci: EHCI PCI platform driver
[    1.665839] ehci-platform: EHCI generic platform driver
[    1.675215] ehci-platform ff5c0000.usb: EHCI Host Controller
[    1.682329] ehci-platform ff5c0000.usb: new USB bus registered, assigned bus number 2
[    1.689682] ehci-platform ff5c0000.usb: irq 41, io mem 0xff5c0000
[    1.701796] ehci-platform ff5c0000.usb: USB 2.0 started, EHCI 1.00
[    1.709070] usb usb2: New USB device found, idVendor=1d6b, idProduct=0002
[    1.716063] usb usb2: New USB device strings: Mfr=3, Product=2, SerialNumber=1
[    1.723091] usb usb2: Product: EHCI Host Controller
[    1.729972] usb usb2: Manufacturer: Linux 4.4.77-rockchip-ayufan-118 ehci_hcd
[    1.737245] usb usb2: SerialNumber: ff5c0000.usb
[    1.745210] hub 2-0:1.0: USB hub found
[    1.752553] hub 2-0:1.0: 1 port detected
[    1.760378] ohci_hcd: USB 1.1 'Open' Host Controller (OHCI) Driver
[    1.767806] ohci-platform: OHCI generic platform driver
[    1.775563] ohci-platform ff5d0000.usb: Generic Platform OHCI controller
[    1.783514] ohci-platform ff5d0000.usb: new USB bus registered, assigned bus number 3
[    1.791493] ohci-platform ff5d0000.usb: irq 42, io mem 0xff5d0000
[    1.854073] usb usb3: New USB device found, idVendor=1d6b, idProduct=0001
[    1.861938] usb usb3: New USB device strings: Mfr=3, Product=2, SerialNumber=1
[    1.869828] usb usb3: Product: Generic Platform OHCI controller
[    1.877611] usb usb3: Manufacturer: Linux 4.4.77-rockchip-ayufan-118 ohci_hcd
[    1.885602] usb usb3: SerialNumber: ff5d0000.usb
[    1.894462] hub 3-0:1.0: USB hub found
[    1.902182] hub 3-0:1.0: 1 port detected
[    1.911056] xhci-hcd xhci-hcd.8.auto: xHCI Host Controller
[    1.919229] xhci-hcd xhci-hcd.8.auto: new USB bus registered, assigned bus number 4
[    1.927510] xhci-hcd xhci-hcd.8.auto: hcc params 0x0220fe64 hci version 0x110 quirks 0x00210010
[    1.935796] xhci-hcd xhci-hcd.8.auto: irq 180, io mem 0xff600000
[    1.944060] usb usb4: New USB device found, idVendor=1d6b, idProduct=0002
[    1.952198] usb usb4: New USB device strings: Mfr=3, Product=2, SerialNumber=1
[    1.960357] usb usb4: Product: xHCI Host Controller
[    1.968368] usb usb4: Manufacturer: Linux 4.4.77-rockchip-ayufan-118 xhci-hcd
[    1.976659] usb usb4: SerialNumber: xhci-hcd.8.auto
[    1.985678] hub 4-0:1.0: USB hub found
[    1.993789] hub 4-0:1.0: 1 port detected
[    2.002375] xhci-hcd xhci-hcd.8.auto: xHCI Host Controller
[    2.011097] xhci-hcd xhci-hcd.8.auto: new USB bus registered, assigned bus number 5
[    2.019720] usb usb5: We don't know the algorithms for LPM for this host, disabling LPM.
[    2.028548] usb usb5: New USB device found, idVendor=1d6b, idProduct=0003
[    2.037017] usb usb5: New USB device strings: Mfr=3, Product=2, SerialNumber=1
[    2.045533] usb usb5: Product: xHCI Host Controller
[    2.053769] usb usb5: Manufacturer: Linux 4.4.77-rockchip-ayufan-118 xhci-hcd
[    2.062269] usb usb5: SerialNumber: xhci-hcd.8.auto
[    2.071339] hub 5-0:1.0: USB hub found
[    2.079542] hub 5-0:1.0: 1 port detected
[    2.090064] usbcore: registered new interface driver usbtouchscreen
[    2.099225] i2c /dev entries driver
[    2.110346] rk808 1-0018: Pmic Chip id: 0x8050
[    2.119647] rk808 1-0018: source: on=0x40, off=0x01
[    2.133583] DCDC_REG1: supplied by vcc_sys
[    2.144838] DCDC_REG2: supplied by vcc_sys
[    2.155374] DCDC_REG3: supplied by vcc_sys
[    2.165029] DCDC_REG4: supplied by vcc_sys
[    2.174351] vcc_sd: supplied by vcc_io
[    2.182114] LDO_REG1: supplied by vcc_io
[    2.192784] LDO_REG2: supplied by vcc_io
[    2.203044] LDO_REG3: supplied by vcc_sys
[    2.213063] rk808 1-0018: register rk8050 regulators
[    2.220909] rk8xx-gpio rk8xx-gpio: register rk8050 gpio successful
[    2.230670] input: rk8xx_pwrkey as /devices/platform/ff160000.i2c/i2c-1/1-0018/input/input0
[    2.239289] rk808-rtc rk808-rtc: device is disabled
[    2.247051] rk808-rtc: probe of rk808-rtc failed with error -22
[    2.254945] rk3x-i2c ff160000.i2c: Initialized RK3xxx I2C bus at ffffff8009d64000
[    2.264626] IR NEC protocol handler initialized
[    2.272966] usbcore: registered new interface driver uvcvideo
[    2.280847] USB Video Class driver (1.1.1)
[    2.292542] rockchip-thermal ff250000.tsadc: Missing tshut mode property, using default (cru)
[    2.300906] rockchip-thermal ff250000.tsadc: Missing tshut-polarity property, using default (low)
[    2.310898] device-mapper: ioctl: 4.34.0-ioctl (2015-10-28) initialised: dm-devel@redhat.com
[    2.319327] Bluetooth: Virtual HCI driver ver 1.5
[    2.327581] Bluetooth: HCI UART driver ver 2.3
[    2.335610] Bluetooth: HCI UART protocol H4 registered
[    2.343633] Bluetooth: HCI UART protocol LL registered
[    2.351538] Bluetooth: HCI UART protocol ATH3K registered
[    2.359477] usbcore: registered new interface driver bfusb
[    2.367385] usbcore: registered new interface driver btusb
[    2.378183] sdhci: Secure Digital Host Controller Interface driver
[    2.385990] sdhci: Copyright(c) Pierre Ossman
[    2.393528] Synopsys Designware Multimedia Card Interface Driver
[    2.402521] dwmmc_rockchip ff520000.rksdmmc: IDMAC supports 32-bit address mode.
[    2.407613] dwmmc_rockchip ff520000.rksdmmc: Using internal DMA controller.
[    2.412538] dwmmc_rockchip ff520000.rksdmmc: Version ID is 270a
[    2.417403] dwmmc_rockchip ff520000.rksdmmc: DW MMC controller at irq 37,32 bit host data width,256 deep fifo
[    2.434781] mmc_host mmc0: Bus speed (slot 0) = 400000Hz (slot req 400000Hz, actual 400000HZ div = 0)
[    2.449825] dwmmc_rockchip ff520000.rksdmmc: 1 slots initialized
[    2.454552] dwmmc_rockchip ff500000.rksdmmc: IDMAC supports 32-bit address mode.
[    2.458994] dwmmc_rockchip ff500000.rksdmmc: Using internal DMA controller.
[    2.463309] dwmmc_rockchip ff500000.rksdmmc: Version ID is 270a
[    2.467522] dwmmc_rockchip ff500000.rksdmmc: DW MMC controller at irq 38,32 bit host data width,256 deep fifo
[    2.472640] dwmmc_rockchip ff500000.rksdmmc: Got CD GPIO
[    2.486790] mmc_host mmc0: Bus speed (slot 0) = 300000Hz (slot req 300000Hz, actual 300000HZ div = 0)
[    2.491172] mmc_host mmc1: Bus speed (slot 0) = 400000Hz (slot req 400000Hz, actual 400000HZ div = 0)
[    2.506068] dwmmc_rockchip ff500000.rksdmmc: 1 slots initialized
[    2.510259] sdhci-pltfm: SDHCI platform and OF driver helper
[    2.515547] hidraw: raw HID events driver (C) Jiri Kosina
[    2.519923] usbcore: registered new interface driver usbhid
[    2.521997] mmc_host mmc0: Bus speed (slot 0) = 200000Hz (slot req 200000Hz, actual 200000HZ div = 0)
[    2.534176] usbhid: USB HID core driver
[    2.540770] usbcore: registered new interface driver snd-usb-audio
[    2.547176] rk3328-codec ff410000.codec: spk_depop_time use default value.
[    2.555828] mmc_host mmc0: Bus speed (slot 0) = 100000Hz (slot req 100000Hz, actual 100000HZ div = 0)
[    2.556038] u32 classifier
[    2.556049] Netfilter messages via NETLINK v0.30.
[    2.556094] ip_set: protocol 6
[    2.556251] Initializing XFRM netlink socket
[    2.556816] NET: Registered protocol family 10
[    2.575561] NET: Registered protocol family 17
[    2.575584] NET: Registered protocol family 15
[    2.575620] bridge: automatic filtering via arp/ip/ip6tables has been deprecated. Update your scripts to load br_netfilter if you need this.
[    2.575642] Bridge firewalling registered
[    2.575767] Bluetooth: RFCOMM socket layer initialized
[    2.575791] Bluetooth: RFCOMM ver 1.11
[    2.575808] Bluetooth: HIDP (Human Interface Emulation) ver 1.2
[    2.575815] Bluetooth: HIDP socket layer initialized
[    2.575874] 8021q: 802.1Q VLAN Support v1.8
[    2.575898] [WLAN_RFKILL]: Enter rfkill_wlan_init
[    2.576121] [BT_RFKILL]: Enter rfkill_rk_init
[    2.576249] Key type dns_resolver registered
[    2.579778] Registered cp15_barrier emulation handler
[    2.579790] Registered setend emulation handler
[    2.580493] registered taskstats version 1
[    2.580508] Loading compiled-in X.509 certificates
[    2.598432] Btrfs loaded, integrity-checker=on
[    2.598512] BTRFS: selftest: Running btrfs free space cache tests
[    2.598534] BTRFS: selftest: Running extent only tests
[    2.598548] BTRFS: selftest: Running bitmap only tests
[    2.598563] BTRFS: selftest: Running bitmap and extent tests
[    2.598584] BTRFS: selftest: Running space stealing from bitmap to extent
[    2.599525] BTRFS: selftest: Free space cache tests finished
[    2.599529] BTRFS: selftest: Running extent buffer operation tests
[    2.599529] BTRFS: selftest: Running btrfs_split_item tests
[    2.599565] BTRFS: selftest: Running find delalloc tests
[    2.661101] vendor storage:20160801 ret = 0
[    2.713679] mmc_host mmc1: Bus speed (slot 0) = 50000000Hz (slot req 50000000Hz, actual 50000000HZ div = 0)
[    2.718388] mmc1: new high speed SDHC card at address 0007
[    2.723243] mmcblk1: mmc1:0007 SD16G 14.4 GiB 
[    2.738045]  mmcblk1: p1 p2 p3 p4 p5 p6 p7
[    2.824225] BTRFS: selftest: Running btrfs_get_extent tests
[    2.828483] BTRFS: selftest: Running hole first btrfs_get_extent test
[    2.832572] BTRFS: selftest: Running outstanding_extents tests
[    2.836572] BTRFS: selftest: Running qgroup tests
[    2.840367] BTRFS: selftest: Qgroup basic add
[    2.844150] BTRFS: selftest: Qgroup multiple refs test
[    2.859801] asoc-simple-card hdmi-sound: i2s-hifi <-> ff000000.i2s mapping ok
[    2.885261] asoc-simple-card sound: rk3328-hifi <-> ff010000.i2s mapping ok
[    2.889538] asoc-simple-card sound: snd-soc-dummy-dai <-> ff010000.i2s mapping ok
[    2.894937] asoc-simple-card spdif-sound: dit-hifi <-> ff030000.spdif mapping ok
[    2.899614] hctosys: unable to open rtc device (rtc0)
[    2.922224] rockchip-pm-domain ff100000.syscon:power-controller: failed to get ack on domain 'pd_video', val=0x10040
[    2.936514] rockchip-pm-domain ff100000.syscon:power-controller: failed to get ack on domain 'pd_vpu', val=0x10040
[    2.940763] I : [File] : drivers/gpu/arm/mali400/mali/linux/mali_kernel_linux.c; [Line] : 414; [Func] : mali_module_init(); svn_rev_string_from_arm of this mali_ko is '-3a91761', rk_ko_ver is '5', built at '21:58:15', on 'Sep 14 2017'.
[    2.949641] mali-utgard ff300000.gpu: mali_platform_device->num_resources = 9
[    2.953885] mali-utgard ff300000.gpu: resource[0].start = 0x0x00000000ff300000
[    2.958189] mali-utgard ff300000.gpu: resource[1].start = 0x0x00000000ff300000
[    2.962344] mali-utgard ff300000.gpu: resource[2].start = 0x0x0000000000000011
[    2.966347] mali-utgard ff300000.gpu: resource[3].start = 0x0x0000000000000012
[    2.970296] mali-utgard ff300000.gpu: resource[4].start = 0x0x0000000000000013
[    2.974199] mali-utgard ff300000.gpu: resource[5].start = 0x0x0000000000000014
[    2.978071] mali-utgard ff300000.gpu: resource[6].start = 0x0x0000000000000015
[    2.981894] mali-utgard ff300000.gpu: resource[7].start = 0x0x0000000000000016
[    2.985681] mali-utgard ff300000.gpu: resource[8].start = 0x0x0000000000000017
[    2.989415] D : [File] : drivers/gpu/arm/mali400/mali/platform/rk/rk.c; [Line] : 518; [Func] : mali_platform_device_init(); to add platform_specific_data to platform_device_of_mali.
[    2.999264] Mali: Mali device driver loaded
[    3.004239] ALSA device list:
[    3.007821]   #0: HDMI
[    3.011271]   #1: I2S
[    3.014686]   #2: SPDIF
[    3.018595] Freeing unused kernel memory: 1152K (ffffff8008fb0000 - ffffff80090d0000)
Loading, please wait...
[    3.055288] systemd-udevd[166]: starting version 215
[    3.060582] random: systemd-udevd: uninitialized urandom read (16 bytes read, 5 bits of entropy available)
[    3.390782] usb 2-1: new high-speed USB device number 2 using ehci-platform
Begin: Loading essential drivers ... done.
Begin: Running /scripts/init-premount ... done.
Begin: Mounting root file system ... Begin: Running /scripts/local-top ... done.
Begin: Running /scripts/local-premount ... done.
Begin: Waiting for root file system ... [    3.515468] usb 2-1: New USB device found, idVendor=13fe, idProduct=4100
[    3.519686] usb 2-1: New USB device strings: Mfr=1, Product=2, SerialNumber=3
[    3.523912] usb 2-1: Product: Patriot Memory
[    3.527860] usb 2-1: Manufacturer:         
[    3.531791] usb 2-1: SerialNumber: 070B3419357FCC23
[    3.546427] usb-storage 2-1:1.0: USB Mass Storage device detected
[    3.552347] scsi host0: usb-storage 2-1:1.0
[    3.557868] usbcore: registered new interface driver usb-storage
[    3.564324] usbcore: registered new interface driver uas
Begin: Running /scripts/local-block ... done.
[    4.581116] scsi 0:0:0:0: Direct-Access              Patriot Memory   PMAP PQ: 0 ANSI: 4
Begin: Running /scripts/local-block ... done.
[    6.325337] sd 0:0:0:0: [sda] 60604416 512-byte logical blocks: (31.0 GB/28.9 GiB)
[    6.339838] sd 0:0:0:0: [sda] Write Protect is off
[    6.353946] sd 0:0:0:0: [sda] No Caching mode page found
[    6.365770] sd 0:0:0:0: [sda] Assuming drive cache: write through
[    6.411542]  sda: sda1
[    6.428105] sd 0:0:0:0: [sda] Attached SCSI removable disk
Begin: Running /scripts/local-block ... done.
Begin: Running /scripts/local-block ... done.
Begin: Running /scripts/local-block ... done.
Begin: Running /scripts/local-block ... done.
done.
Begin: Will now check root file system ... fsck from util-linux 2.25.2
fsck: error 2 (No such file or directory) while executing fsck.ext4 for /dev/sda1
fsck exited with status code 8
done.
Warning: File system check failed but did not detect errors
[   16.557123] random: nonblocking pool is initialized
[   24.707138] EXT4-fs (sda1): recovery complete
[   24.734790] EXT4-fs (sda1): mounted filesystem with ordered data mode. Opts: (null)
done.
Begin: Running /scripts/local-bottom ... done.
Begin: Running /scripts/init-bottom ... done.
[   27.390702] systemd[1]: System time before build time, advancing clock.
[   27.432509] systemd[1]: Failed to insert module 'autofs4': No such file or directory
[   27.448856] cgroup: cgroup2: unknown option "nsdelegate"
[   27.495608] systemd[1]: systemd 235 running in system mode. (+PAM -AUDIT -SELINUX -IMA -APPARMOR +SMACK -SYSVINIT +UTMP +LIBCRYPTSETUP +GCRYPT +GNUTLS +ACL +XZ +LZ4 +SECCOMP +BLKID +ELFUTILS +KMOD -IDN2 +IDN default-hierarchy=hybrid)
[   27.515008] systemd[1]: Detected architecture arm64.

Welcome to Arch Linux ARM!

[   27.533534] systemd[1]: Set hostname to <rock64>.
[   28.197613] systemd[1]: File /usr/lib/systemd/system/systemd-journald.service:33 configures an IP firewall (IPAddressDeny=any), but the local system does not support BPF/cgroup based firewalling.
[   28.223602] systemd[1]: Proceeding WITHOUT firewalling in effect!
[   28.288311] systemd[1]: File /usr/lib/systemd/system/systemd-udevd.service:32 configures an IP firewall (IPAddressDeny=any), but the local system does not support BPF/cgroup based firewalling.
[   28.316588] systemd[1]: Proceeding WITHOUT firewalling in effect!
[   28.590874] systemd[1]: File /usr/lib/systemd/system/systemd-logind.service:34 configures an IP firewall (IPAddressDeny=any), but the local system does not support BPF/cgroup based firewalling.
[   28.621510] systemd[1]: Proceeding WITHOUT firewalling in effect!
[   28.712705] systemd[1]: Started Forward Password Requests to Wall Directory Watch.
[  OK  ] Started Forward Password Requests to Wall Directory Watch.
[   28.733502] systemd[1]: Created slice User and Session Slice.
[  OK  ] Created slice User and Session Slice.
[   28.749590] systemd[1]: Reached target Swap.
[  OK  ] Reached target Swap.
[   28.757054] systemd[1]: Created slice System Slice.
[  OK  ] Created slice System Slice.
[   28.764054] systemd[1]: Listening on Network Service Netlink Socket.
[  OK  ] Listening on Network Service Netlink Socket.
[   28.770908] systemd[1]: Reached target Slices.
[  OK  ] Reached target Slices.
[   28.779515] systemd[1]: Mounting Kernel Debug File System...
         Mounting Kernel Debug File System...
[   28.786262] systemd[1]: Created slice system-serial\x2dgetty.slice.
[  OK  ] Created slice system-serial\x2dgetty.slice.
[   28.793106] systemd[1]: Created slice system-getty.slice.
[  OK  ] Created slice system-getty.slice.
[   28.798680] systemd[1]: Listening on udev Kernel Socket.
[  OK  ] Listening on udev Kernel Socket.
[   28.804355] systemd[1]: Listening on Journal Socket.
[  OK  ] Listening on Journal Socket.
[   28.812622] systemd[1]: Starting Remount Root and Kernel File Systems...
         Starting Remount Root and Kernel File Systems...
[   28.827935] systemd[1]: Listening on LVM2 metadata daemon socket.
[  OK  ] Listening on LVM2 metadata daemon socket.
[   28.833426] systemd[1]: Listening on Journal Socket (/dev/log).
[  OK  ] Listening on Journal Socket (/dev/log).
[   28.841319] systemd[1]: Mounting POSIX Message Queue File System...
         Mounting POSIX Message Queue File System...
[   28.859362] systemd[1]: Mounting FUSE Control File System...
         Mounting FUSE Control File System...
[   28.867372] systemd[1]: Starting Apply Kernel Variables...
         Starting Apply Kernel Variables...
[   28.875890] systemd[1]: Mounting Kernel Configuration File System...
         Mounting Kernel Configuration File System...
[   28.881610] systemd[1]: Started Dispatch Password Requests to Console Directory Watch.
[  OK  ] Started Dispatch Password Requests to Console Directory Watch.
[   28.887219] systemd[1]: Reached target Local Encrypted Volumes.
[  OK  ] Reached target Local Encrypted Volumes.
[   28.895584] systemd[1]: Mounting Huge Pages File System...
         Mounting Huge Pages File System...
[   28.901144] systemd[1]: Listening on Device-mapper event daemon FIFOs.
[  OK  ] Listening on Device-mapper event daemon FIFOs.
[   28.906498] systemd[1]: Reached target Remote Encrypted Volumes.
[  OK  ] Reached target Remote Encrypted Volumes.
[   28.912161] systemd[1]: Listening on udev Control Socket.
[  OK  ] Listening on udev Control Socket.
[   28.920211] systemd[1]: Starting udev Coldplug all Devices...
         Starting udev Coldplug all Devices...
[   28.932898] systemd[1]: File /usr/lib/systemd/system/systemd-coredump@.service:37 configures an IP firewall (IPAddressDeny=any), but the local system does not support BPF/cgroup based firewalling.
[   28.943618] systemd[1]: Proceeding WITHOUT firewalling in effect!
[   28.952146] systemd[1]: Listening on Process Core Dump Socket.
[  OK  ] Listening on Process Core Dump Socket.
[   28.957613] systemd[1]: Reached target Remote File Systems.
[  OK  ] Reached target Remote File Systems.
[   28.963626] systemd[1]: Listening on Journal Audit Socket.
[  OK  ] Listening on Journal Audit Socket.
[   28.971873] systemd[1]: Starting Journal Service...
         Starting Journal Service...
[   28.977392] systemd[1]: Listening on /dev/initctl Compatibility Named Pipe.
[  OK  ] Listening on /dev/initctl Compatibility Named Pipe.
[   28.983127] systemd[1]: Reached target Paths.
[  OK  ] Reached target Paths.
[   28.993655] systemd[1]: Mounting Temporary Directory (/tmp)...
         Mounting Temporary Directory (/tmp)...
[   29.016873] systemd[1]: Mounted Temporary Directory (/tmp).
[  OK  ] Mounted Temporary Directory (/tmp).
[   29.022232] systemd[1]: Mounted Kernel Debug File System.
[  OK  ] Mounted Kernel Debug File System.
[   29.027435] systemd[1]: Mounted Kernel Configuration File System.
[  OK  ] Mounted Kernel Configuration File System.
[   29.032704] systemd[1]: Mounted FUSE Control File System.
[  OK  ] Mounted FUSE Control File System.
[   29.037891] systemd[1]: Mounted POSIX Message Queue File System.
[  OK  ] Mounted POSIX Message Queue File System.
[   29.042929] systemd[1]: Mounted Huge Pages File System.
[  OK  ] Mounted Huge Pages File System.
[   29.049297] systemd[1]: Started Remount Root and Kernel File Systems.
[  OK  ] Started Remount Root and Kernel File Systems.
[   29.055988] systemd[1]: Started Apply Kernel Variables.
[  OK  ] Started Apply Kernel Variables.
[   29.072237] systemd[1]: Starting Load/Save Random Seed...
         Starting Load/Save Random Seed...
[   29.094280] systemd[1]: Starting Create Static Device Nodes in /dev...
         Starting Create Static Device Nodes in /dev...
[   29.143887] systemd[1]: Started Load/Save Random Seed.
[  OK  ] Started Load/Save Random Seed.
[   29.199420] systemd[1]: Started Journal Service.
[  OK  ] Started Journal Service.
         Starting Flush Journal to Persistent Storage...
[   29.236553] systemd-journald[245]: Received request to flush runtime journal from PID 1
[  OK  ] Started udev Coldplug all Devices.
[   30.129318] systemd-journald[245]: File /var/log/journal/7052aab1d81748638be6afa1cc7125b2/system.journal corrupted or uncleanly shut down, renaming and replacing.
[  OK  ] Started Create Static Device Nodes in /dev.
         Starting udev Kernel Device Manager...
[  OK  ] Reached target Local File Systems (Pre).
[  OK  ] Reached target Containers.
[  OK  ] Started Flush Journal to Persistent Storage.
[  OK  ] Started udev Kernel Device Manager.
         Starting Network Service...
[  OK  ] Found device /dev/ttyFIQ0.
[  OK  ] Listening on Load/Save RF Kill Switch Status /dev/rfkill Watch.
[  OK  ] Reached target Sound Card.
[  OK  ] Started Network Service.
[  OK  ] Reached target Network.
[   33.891329] rk_gmac-dwmac ff540000.eth: rk_get_eth_addr: mac address: 82:1d:da:1f:fd:31
[   33.895761] eth0: device MAC address 82:1d:da:1f:fd:31
[  OK  ] Found device /dev/disk/by-label/boot.
         Mounting /boot/efi...
[   34.061054] FAT-fs (mmcblk1p6): utf8 is not a recommended IO charset for FAT filesystems, filesystem will be case sensitive!
[   34.095345] FAT-fs (mmcblk1p6): Volume was not properly unmounted. Some data may be corrupt. Please run fsck.
[  OK  ] Mounted /boot/efi.
[  OK  ] Reached target Local File Systems.
         Starting Create Volatile Files and Directories...
[  OK  ] Started Create Volatile Files and Directories.
         Starting Network Time Synchronization...
         Starting Update UTMP about System Boot/Shutdown...
[  OK  ] Started Update UTMP about System Boot/Shutdown.
[  OK  ] Started Network Time Synchronization.
[  OK  ] Reached target System Initialization.
[  OK  ] Listening on D-Bus System Message Bus Socket.
[  OK  ] Reached target Sockets.
[  OK  ] Reached target Basic System.
         Starting Permit User Sessions...
[  OK  ] Started OpenSSH Daemon.
         Starting Login Service...
         Starting Network Name Resolution...
[  OK  ] Started Entropy Harvesting Daemon.
[  OK  ] Started Daily Cleanup of Temporary Directories.
[  OK  ] Started D-Bus System Message Bus.
[  OK  ] Reached target System Time Synchronized.
[  OK  ] Started Daily man-db cache update.
[  OK  ] Started Daily rotation of log files.
[  OK  ] Started Daily verification of password and group files.
[  OK  ] Reached target Timers.
[  OK  ] Started Network Name Resolution.
[  OK  ] Started Permit User Sessions.
[  OK  ] Started Serial Getty on ttyFIQ0.
[  OK  ] Started Getty on tty1.
[  OK  ] Reached target Login Prompts.
[  OK  ] Reached target Host and Network Name Lookups.
[  OK  ] Started Login Service.
[  OK  ] Reached target Multi-User System.
[  OK  ] Reached target Graphical Interface.
[   34.953567] tty_port_close_start: tty->count = 1 port count = 2.
[   35.957733] rk_gmac-dwmac ff540000.eth eth0: Link is Up - 100Mbps/Half - flow control off

Arch Linux 4.4.77-rockchip-ayufan-118 (ttyFIQ0)

rock64 login: DDR version 1.06 20170424
In
LPDDR3
786MHz
Bus Width=32 Col=11 Bank=8 Row=15/15 CS=2 Die Bus-Width=32 Size=4096MB
ddrconfig:7
OUT
Boot1 Release Time: 2017-05-18, version: 2.43
ChipType = 0x11, 128
emmc reinit
emmc reinit
SdmmcInit=2 20
SdmmcInit=0 0
BootCapSize=0
UserCapSize=14756MB
FwPartOffset=2000 , 0
StorageInit ok = 49112
Raw SecureMode = 0
SecureInit read PBA: 0x4
SecureInit read PBA: 0x404
SecureInit read PBA: 0x804
SecureInit read PBA: 0xc04
SecureInit read PBA: 0x1004
SecureInit ret = 0, SecureMode = 0
LoadTrustBL
No find bl30.bin
No find bl32.bin
Load uboot, ReadLba = 2000
Load OK, addr=0x200000, size=0x9268c
RunBL31 0x10000
NOTICE:  BL31: v1.3(debug):f947c7e
NOTICE:  BL31: Built : 09:28:45, May 31 2017
NOTICE:  BL31:Rockchip release version: v1.3
INFO:    ARM GICv2 driver initialized
INFO:    Using opteed sec cpu_context!
INFO:    boot cpu mask: 1
INFO:    plat_rockchip_pmu_init: pd status 0xe
INFO:    BL31: Initializing runtime services
WARNING: No OPTEE provided by BL2 boot loader, Booting device without OPTEE initialization. SMC`s destined for OPTEE will return SMC_UNK
ERROR:   Error initializing runtime service opteed_fast
INFO:    BL31: Preparing for EL3 exit to normal world
INFO:    Entry point address = 0x200000
INFO:    SPSR = 0x3c9


U-Boot 2017.09-rc4-g22993de (Sep 14 2017 - 21:57:17 +0000), Build: jenkins-linux-build-rock-64-118

Model: Pine64 Rock64
DRAM:  4 GiB
MMC:   rksdmmc@ff500000: 1, rksdmmc@ff520000: 0
*** Warning - bad CRC, using default environment

In:    serial@ff130000
Out:   serial@ff130000
Err:   serial@ff130000
Model: Pine64 Rock64
Net:   eth0: ethernet@ff540000
Hit any key to stop autoboot:  2  1  0 
Card did not respond to voltage select!
mmc_init: -95, time 9
switch to partitions #0, OK
mmc1 is current device
Scanning mmc 1:6...
Found /extlinux/extlinux.conf
Retrieving file: /extlinux/extlinux.conf
reading /extlinux/extlinux.conf
255 bytes read in 5 ms (49.8 KiB/s)
1:	kernel-4.4
Retrieving file: /initrd.img
reading /initrd.img
2816953 bytes read in 169 ms (15.9 MiB/s)
Retrieving file: /Image
reading /Image
18606088 bytes read in 989 ms (17.9 MiB/s)
append: earlycon=uart8250,mmio32,0xff130000 rw root=LABEL=rootfs rootwait rootfstype=ext4 init=/sbin/init coherent_pool=1M ethaddr=82:1d:da:1f:fd:31 eth1addr=82:1d:da:1f:fd:51 serial=2ddb74eed0071ba
Retrieving file: /dtb
reading /dtb
42707 bytes read in 9 ms (4.5 MiB/s)
## Flattened Device Tree blob at 01f00000
   Booting using the fdt blob at 0x1f00000
   Loading Ramdisk to fcc6b000, end fcf1abb9 ... OK
   Loading Device Tree to 00000000fcc5d000, end 00000000fcc6a6d2 ... OK

Starting kernel ...

[    0.000000] Booting Linux on physical CPU 0x0
[    0.000000] Initializing cgroup subsys cpuset
[    0.000000] Initializing cgroup subsys cpu
[    0.000000] Initializing cgroup subsys cpuacct
[    0.000000] Linux version 4.4.77-rockchip-ayufan-118 (root@e4248ef129ba) (gcc version 5.4.0 20160609 (Ubuntu/Linaro 5.4.0-6ubuntu1~16.04.4) ) #1 SMP Thu Sep 14 21:59:24 UTC 2017
[    0.000000] Boot CPU: AArch64 Processor [410fd034]
[    0.000000] earlycon: Early serial console at MMIO32 0xff130000 (options '')
[    0.000000] bootconsole [uart0] enabled
[    0.000000] psci: probing for conduit method from DT.
[    0.000000] psci: PSCIv1.0 detected in firmware.
[    0.000000] psci: Using standard PSCI v0.2 function IDs
[    0.000000] psci: MIGRATE_INFO_TYPE not supported.
[    0.000000] PERCPU: Embedded 21 pages/cpu @ffffffc0fef39000 s46504 r8192 d31320 u86016
[    0.000000] Detected VIPT I-cache on CPU0
[    0.000000] CPU features: enabling workaround for ARM erratum 845719
[    0.000000] Built 1 zonelists in Zone order, mobility grouping on.  Total pages: 1027656
[    0.000000] Kernel command line: earlycon=uart8250,mmio32,0xff130000 rw root=LABEL=rootfs rootwait rootfstype=ext4 init=/sbin/init coherent_pool=1M ethaddr=82:1d:da:1f:fd:31 eth1addr=82:1d:da:1f:fd:51 serial=2ddb74eed0071ba
[    0.000000] PID hash table entries: 4096 (order: 3, 32768 bytes)
[    0.000000] Dentry cache hash table entries: 524288 (order: 10, 4194304 bytes)
[    0.000000] Inode-cache hash table entries: 262144 (order: 9, 2097152 bytes)
[    0.000000] software IO TLB [mem 0xf6200000-0xfa200000] (64MB) mapped at [ffffffc0f6200000-ffffffc0fa1fffff]
[    0.000000] Memory: 4015672K/4175872K available (11390K kernel code, 1466K rwdata, 4124K rodata, 1152K init, 747K bss, 160200K reserved, 0K cma-reserved)
[    0.000000] Virtual kernel memory layout:
[    0.000000]     modules : 0xffffff8000000000 - 0xffffff8008000000   (   128 MB)
[    0.000000]     vmalloc : 0xffffff8008000000 - 0xffffffbdbfff0000   (   246 GB)
[    0.000000]       .init : 0xffffff8008fb0000 - 0xffffff80090d0000   (  1152 KB)
[    0.000000]       .text : 0xffffff8008080000 - 0xffffff8008ba0000   ( 11392 KB)
[    0.000000]     .rodata : 0xffffff8008ba0000 - 0xffffff8008fb0000   (  4160 KB)
[    0.000000]       .data : 0xffffff80090d0000 - 0xffffff800923e808   (  1467 KB)
[    0.000000]     vmemmap : 0xffffffbdc0000000 - 0xffffffbfc0000000   (     8 GB maximum)
[    0.000000]               0xffffffbdc0008000 - 0xffffffbdc3fc0000   (    63 MB actual)
[    0.000000]     fixed   : 0xffffffbffe7fd000 - 0xffffffbffec00000   (  4108 KB)
[    0.000000]     PCI I/O : 0xffffffbffee00000 - 0xffffffbfffe00000   (    16 MB)
[    0.000000]     memory  : 0xffffffc000200000 - 0xffffffc0ff000000   (  4078 MB)
[    0.000000] SLUB: HWalign=64, Order=0-3, MinObjects=0, CPUs=4, Nodes=1
[    0.000000] Hierarchical RCU implementation.
[    0.000000] 	Build-time adjustment of leaf fanout to 64.
[    0.000000] 	RCU restricting CPUs from NR_CPUS=8 to nr_cpu_ids=4.
[    0.000000] RCU: Adjusting geometry for rcu_fanout_leaf=64, nr_cpu_ids=4
[    0.000000] NR_IRQS:64 nr_irqs:64 0
[    0.000000] GIC: Using split EOI/Deactivate mode
[    0.000000] Architected cp15 timer(s) running at 24.00MHz (phys).
[    0.000000] clocksource: arch_sys_counter: mask: 0xffffffffffffff max_cycles: 0x588fe9dc0, max_idle_ns: 440795202592 ns
[    0.000006] sched_clock: 56 bits at 24MHz, resolution 41ns, wraps every 4398046511097ns
[    0.001570] Console: colour dummy device 80x25
[    0.001983] console [tty0] enabled
[    0.002306] bootconsole [uart0] disabled
<hit enter to activate fiq debugger>
[    0.000000] Booting Linux on physical CPU 0x0
[    0.000000] Initializing cgroup subsys cpuset
[    0.000000] Initializing cgroup subsys cpu
[    0.000000] Initializing cgroup subsys cpuacct
[    0.000000] Linux version 4.4.77-rockchip-ayufan-118 (root@e4248ef129ba) (gcc version 5.4.0 20160609 (Ubuntu/Linaro 5.4.0-6ubuntu1~16.04.4) ) #1 SMP Thu Sep 14 21:59:24 UTC 2017
[    0.000000] Boot CPU: AArch64 Processor [410fd034]
[    0.000000] earlycon: Early serial console at MMIO32 0xff130000 (options '')
[    0.000000] bootconsole [uart0] enabled
[    0.000000] psci: probing for conduit method from DT.
[    0.000000] psci: PSCIv1.0 detected in firmware.
[    0.000000] psci: Using standard PSCI v0.2 function IDs
[    0.000000] psci: MIGRATE_INFO_TYPE not supported.
[    0.000000] PERCPU: Embedded 21 pages/cpu @ffffffc0fef39000 s46504 r8192 d31320 u86016
[    0.000000] Detected VIPT I-cache on CPU0
[    0.000000] CPU features: enabling workaround for ARM erratum 845719
[    0.000000] Built 1 zonelists in Zone order, mobility grouping on.  Total pages: 1027656
[    0.000000] Kernel command line: earlycon=uart8250,mmio32,0xff130000 rw root=LABEL=rootfs rootwait rootfstype=ext4 init=/sbin/init coherent_pool=1M ethaddr=82:1d:da:1f:fd:31 eth1addr=82:1d:da:1f:fd:51 serial=2ddb74eed0071ba
[    0.000000] PID hash table entries: 4096 (order: 3, 32768 bytes)
[    0.000000] Dentry cache hash table entries: 524288 (order: 10, 4194304 bytes)
[    0.000000] Inode-cache hash table entries: 262144 (order: 9, 2097152 bytes)
[    0.000000] software IO TLB [mem 0xf6200000-0xfa200000] (64MB) mapped at [ffffffc0f6200000-ffffffc0fa1fffff]
[    0.000000] Memory: 4015672K/4175872K available (11390K kernel code, 1466K rwdata, 4124K rodata, 1152K init, 747K bss, 160200K reserved, 0K cma-reserved)
[    0.000000] Virtual kernel memory layout:
[    0.000000]     modules : 0xffffff8000000000 - 0xffffff8008000000   (   128 MB)
[    0.000000]     vmalloc : 0xffffff8008000000 - 0xffffffbdbfff0000   (   246 GB)
[    0.000000]       .init : 0xffffff8008fb0000 - 0xffffff80090d0000   (  1152 KB)
[    0.000000]       .text : 0xffffff8008080000 - 0xffffff8008ba0000   ( 11392 KB)
[    0.000000]     .rodata : 0xffffff8008ba0000 - 0xffffff8008fb0000   (  4160 KB)
[    0.000000]       .data : 0xffffff80090d0000 - 0xffffff800923e808   (  1467 KB)
[    0.000000]     vmemmap : 0xffffffbdc0000000 - 0xffffffbfc0000000   (     8 GB maximum)
[    0.000000]               0xffffffbdc0008000 - 0xffffffbdc3fc0000   (    63 MB actual)
[    0.000000]     fixed   : 0xffffffbffe7fd000 - 0xffffffbffec00000   (  4108 KB)
[    0.000000]     PCI I/O : 0xffffffbffee00000 - 0xffffffbfffe00000   (    16 MB)
[    0.000000]     memory  : 0xffffffc000200000 - 0xffffffc0ff000000   (  4078 MB)
[    0.000000] SLUB: HWalign=64, Order=0-3, MinObjects=0, CPUs=4, Nodes=1
[    0.000000] Hierarchical RCU implementation.
[    0.000000] 	Build-time adjustment of leaf fanout to 64.
[    0.000000] 	RCU restricting CPUs from NR_CPUS=8 to nr_cpu_ids=4.
[    0.000000] RCU: Adjusting geometry for rcu_fanout_leaf=64, nr_cpu_ids=4
[    0.000000] NR_IRQS:64 nr_irqs:64 0
[    0.000000] GIC: Using split EOI/Deactivate mode
[    0.000000] Architected cp15 timer(s) running at 24.00MHz (phys).
[    0.000000] clocksource: arch_sys_counter: mask: 0xffffffffffffff max_cycles: 0x588fe9dc0, max_idle_ns: 440795202592 ns
[    0.000006] sched_clock: 56 bits at 24MHz, resolution 41ns, wraps every 4398046511097ns
[    0.001570] Console: colour dummy device 80x25
[    0.001983] console [tty0] enabled
[    0.002306] bootconsole [uart0] disabled
[    0.002700] Calibrating delay loop (skipped), value calculated using timer frequency.. 48.00 BogoMIPS (lpj=24000)
[    0.002738] pid_max: default: 32768 minimum: 301
[    0.002875] Security Framework initialized
[    0.002896] Yama: becoming mindful.
[    0.002929] AppArmor: AppArmor disabled by boot time parameter
[    0.003010] Mount-cache hash table entries: 8192 (order: 4, 65536 bytes)
[    0.003040] Mountpoint-cache hash table entries: 8192 (order: 4, 65536 bytes)
[    0.003961] Initializing cgroup subsys io
[    0.003994] Initializing cgroup subsys memory
[    0.004041] Initializing cgroup subsys devices
[    0.004067] Initializing cgroup subsys freezer
[    0.004093] Initializing cgroup subsys net_cls
[    0.004118] Initializing cgroup subsys perf_event
[    0.004143] Initializing cgroup subsys net_prio
[    0.004174] Initializing cgroup subsys hugetlb
[    0.004196] Initializing cgroup subsys pids
[    0.004260] ftrace: allocating 42863 entries in 168 pages
[    0.121764] sched-energy: CPU device node has no sched-energy-costs
[    0.121800] Invalid sched_group_energy for CPU0
[    0.121817] CPU0: update cpu_capacity 1024
[    0.121883] ASID allocator initialised with 65536 entries
[    0.127180] Detected VIPT I-cache on CPU1
[    0.127237] Invalid sched_group_energy for CPU1
[    0.127243] CPU1: update cpu_capacity 1024
[    0.127248] CPU1: Booted secondary processor [410fd034]
[    0.128038] Detected VIPT I-cache on CPU2
[    0.128085] Invalid sched_group_energy for CPU2
[    0.128090] CPU2: update cpu_capacity 1024
[    0.128094] CPU2: Booted secondary processor [410fd034]
[    0.128844] Detected VIPT I-cache on CPU3
[    0.128889] Invalid sched_group_energy for CPU3
[    0.128894] CPU3: update cpu_capacity 1024
[    0.128899] CPU3: Booted secondary processor [410fd034]
[    0.129024] Brought up 4 CPUs
[    0.129325] SMP: Total of 4 processors activated.
[    0.129360] CPU: All CPU(s) started at EL2
[    0.129422] alternatives: patching kernel code
[    0.129676] Invalid sched_group_energy for CPU3
[    0.129709] Invalid sched_group_energy for Cluster3
[    0.129739] Invalid sched_group_energy for CPU2
[    0.129770] Invalid sched_group_energy for Cluster2
[    0.129797] Invalid sched_group_energy for CPU1
[    0.129824] Invalid sched_group_energy for Cluster1
[    0.129876] Invalid sched_group_energy for CPU0
[    0.129905] Invalid sched_group_energy for Cluster0
[    0.130621] devtmpfs: initialized
[    0.147242] clocksource: jiffies: mask: 0xffffffff max_cycles: 0xffffffff, max_idle_ns: 1911260446275000 ns
[    0.147321] futex hash table entries: 1024 (order: 4, 65536 bytes)
[    0.147975] xor: measuring software checksum speed
[    0.157268]    8regs     :  1080.000 MB/sec
[    0.167365]    8regs_prefetch:   968.000 MB/sec
[    0.177462]    32regs    :  1352.000 MB/sec
[    0.187559]    32regs_prefetch:  1116.000 MB/sec
[    0.187592] xor: using function: 32regs (1352.000 MB/sec)
[    0.187673] pinctrl core: initialized pinctrl subsystem
[    0.188987] NET: Registered protocol family 16
[    0.192671] cpuidle: using governor ladder
[    0.196706] cpuidle: using governor menu
[    0.196756] Registered FIQ tty driver
[    0.197208] vdso: 2 pages (1 code @ ffffff8008ba6000, 1 data @ ffffff80090d4000)
[    0.197284] hw-breakpoint: found 6 breakpoint and 4 watchpoint registers.
[    0.197789] DMA: preallocated 1024 KiB pool for atomic allocations
[    0.221439] genirq: Setting trigger mode 8 for irq 176 failed (gic_set_type+0x0/0x68)
[    0.280005] console [ttyFIQ0] enabled
[    0.280670] Registered fiq debugger ttyFIQ0
[    0.315851] raid6: int64x1  gen()   191 MB/s
[    0.332824] raid6: int64x1  xor()   185 MB/s
[    0.350108] raid6: int64x2  gen()   296 MB/s
[    0.367258] raid6: int64x2  xor()   279 MB/s
[    0.384477] raid6: int64x4  gen()   472 MB/s
[    0.401574] raid6: int64x4  xor()   339 MB/s
[    0.418868] raid6: int64x8  gen()   332 MB/s
[    0.435997] raid6: int64x8  xor()   267 MB/s
[    0.453180] raid6: neonx1   gen()   363 MB/s
[    0.470403] raid6: neonx1   xor()   367 MB/s
[    0.487601] raid6: neonx2   gen()   570 MB/s
[    0.504793] raid6: neonx2   xor()   494 MB/s
[    0.521989] raid6: neonx4   gen()   761 MB/s
[    0.539176] raid6: neonx4   xor()   578 MB/s
[    0.556402] raid6: neonx8   gen()   777 MB/s
[    0.573572] raid6: neonx8   xor()   578 MB/s
[    0.573973] raid6: using algorithm neonx8 gen() 777 MB/s
[    0.574465] raid6: .... xor() 578 MB/s, rmw enabled
[    0.574938] raid6: using intx1 recovery algorithm
[    0.575857] mpp venc_srv: mpp_probe enter
[    0.576294] mpp venc_srv: init success
[    0.579247] iommu: Adding device ff350000.vpu-service to group 0
[    0.579929] iommu: Adding device ff360000.rkvdec to group 1
[    0.580524] iommu: Adding device ff330000.h265e to group 2
[    0.581135] iommu: Adding device ff340000.vepu to group 3
[    0.581712] iommu: Adding device ff370000.vop to group 4
[    0.583131] rk_iommu ff360480.iommu: can't get aclk
[    0.583635] rk_iommu ff360480.iommu: can't get hclk
[    0.584257] rk_iommu ff330200.iommu: can't get aclk
[    0.584746] rk_iommu ff330200.iommu: can't get hclk
[    0.585558] rk_iommu ff373f00.iommu: can't get aclk
[    0.586045] rk_iommu ff373f00.iommu: can't get hclk
[    0.587135] SCSI subsystem initialized
[    0.587801] usbcore: registered new interface driver usbfs
[    0.588405] usbcore: registered new interface driver hub
[    0.589011] usbcore: registered new device driver usb
[    0.589607] media: Linux media interface: v0.10
[    0.590092] Linux video capture interface: v2.00
[    0.590644] pps_core: LinuxPPS API ver. 1 registered
[    0.591112] pps_core: Software ver. 5.3.6 - Copyright 2005-2007 Rodolfo Giometti <giometti@linux.it>
[    0.592089] PTP clock support registered
[    0.594121] Advanced Linux Sound Architecture Driver Initialized.
[    0.595556] Bluetooth: Core ver 2.21
[    0.595975] NET: Registered protocol family 31
[    0.596421] Bluetooth: HCI device and connection manager initialized
[    0.597019] Bluetooth: HCI socket layer initialized
[    0.597499] Bluetooth: L2CAP socket layer initialized
[    0.598000] Bluetooth: SCO socket layer initialized
[    0.599177] NetLabel: Initializing
[    0.599538] NetLabel:  domain hash size = 128
[    0.599951] NetLabel:  protocols = UNLABELED CIPSOv4
[    0.600475] NetLabel:  unlabeled traffic allowed by default
[    0.601459] rockchip-cpuinfo cpuinfo: Serial		: 2ddb74eed0071ba0
[    0.602803] clocksource: Switched to clocksource arch_sys_counter
[    0.702874] NET: Registered protocol family 2
[    0.704161] TCP established hash table entries: 32768 (order: 6, 262144 bytes)
[    0.705280] TCP bind hash table entries: 32768 (order: 8, 1048576 bytes)
[    0.707449] TCP: Hash tables configured (established 32768 bind 32768)
[    0.708206] UDP hash table entries: 2048 (order: 5, 196608 bytes)
[    0.709050] UDP-Lite hash table entries: 2048 (order: 5, 196608 bytes)
[    0.710231] NET: Registered protocol family 1
[    0.711206] RPC: Registered named UNIX socket transport module.
[    0.711761] RPC: Registered udp transport module.
[    0.712236] RPC: Registered tcp transport module.
[    0.712685] RPC: Registered tcp NFSv4.1 backchannel transport module.
[    0.713598] Trying to unpack rootfs image as initramfs...
[    0.989917] Freeing initrd memory: 2748K (ffffffc0fcc6b000 - ffffffc0fcf1a000)
[    0.991392] hw perfevents: enabled with armv8_cortex_a53 PMU driver, 7 counters available
[    0.993368] kvm [1]: 8-bit VMID
[    0.993669] kvm [1]: Hyp mode initialized successfully
[    0.994612] kvm [1]: interrupt-controller@ff814000 IRQ43
[    0.995439] kvm [1]: timer IRQ3
[    0.999959] audit: initializing netlink subsys (disabled)
[    1.000518] audit: type=2000 audit(0.906:1): initialized
[    1.001636] Initialise system trusted keyring
[    1.002717] HugeTLB registered 2 MB page size, pre-allocated 0 pages
[    1.016428] VFS: Disk quotas dquot_6.6.0
[    1.017134] VFS: Dquot-cache hash table entries: 512 (order 0, 4096 bytes)
[    1.022048] NFS: Registering the id_resolver key type
[    1.022562] Key type id_resolver registered
[    1.022984] Key type id_legacy registered
[    1.023382] Installing knfsd (copyright (C) 1996 okir@monad.swb.de).
[    1.025097] fuse init (API version 7.23)
[    1.026569] JFS: nTxBlock = 8192, nTxLock = 65536
[    1.034046] SGI XFS with ACLs, security attributes, realtime, no debug enabled
[    1.037457] Key type big_key registered
[    1.037984] 
[    1.037984] TEE Core Framework initialization (ver 1:0.1)
[    1.038654] TEE armv7 Driver initialization
[    1.039498] tz_tee_probe: name="armv7sec", id=0, pdev_name="armv7sec.0"
[    1.040138] TEE core: Alloc the misc device "opteearmtz00" (id=0)
[    1.041053] TEE Core: Register the misc device "opteearmtz00" (id=0,minor=62)
[    1.048069] NET: Registered protocol family 38
[    1.048531] Key type asymmetric registered
[    1.048963] Asymmetric key parser 'x509' registered
[    1.049738] Block layer SCSI generic (bsg) driver version 0.4 loaded (major 247)
[    1.050726] io scheduler noop registered
[    1.051286] io scheduler deadline registered (default)
[    1.051855] io scheduler cfq registered
[    1.058723] rockchip-u3phy ff470000.usb3-phy: Rockchip u3phy initialized successfully
[    1.062973] rk-vcodec ff350000.vpu-service: probe device
[    1.063514] rk-vcodec ff350000.vpu-service: vpu mmu dec ffffffc0f5f82c10
[    1.064420] rk-vcodec ff350000.vpu-service: allocator is drm
[    1.065068] rk-vcodec ff350000.vpu-service: checking hw id 0
[    1.066279] rk-vcodec ff350000.vpu-service: init success
[    1.067569] rk-vcodec ff360000.rkvdec: probe device
[    1.068122] rk-vcodec ff360000.rkvdec: vpu mmu dec ffffffc0f5f83410
[    1.068992] rk-vcodec ff360000.rkvdec: allocator is drm
[    1.069562] rk-vcodec ff360000.rkvdec: checking hw id 3410
[    1.070734] rk-vcodec ff360000.rkvdec: init success
[    1.071660] probe device ff330000.h265e
[    1.072458] mpp_dev ff330000.h265e: try to get iommu dev ffffffc0f5f83c10
[    1.073527] mpp_dev ff330000.h265e: resource ready, register device
[    1.074439] probe device ff340000.vepu
[    1.075181] mpp_dev ff340000.vepu: try to get iommu dev ffffffc0f5fa4410
[    1.076141] rockchip_mpp_vepu_reset_init:143: No aclk reset resource define
[    1.076784] rockchip_mpp_vepu_reset_init:148: No hclk reset resource define
[    1.077452] mpp_dev ff340000.vepu: resource ready, register device
[    1.081157] dma-pl330 ff1f0000.dmac: Loaded driver for PL330 DMAC-241330
[    1.081814] dma-pl330 ff1f0000.dmac: 	DBUFF-128x8bytes Num_Chans-8 Num_Peri-20 Num_Events-16
[    1.083634] Serial: 8250/16550 driver, 5 ports, IRQ sharing disabled
[    1.087182] [drm:drm_core_init] Initialized drm 1.1.0 20060810
[    1.090973] rockchip-vop ff370000.vop: invalid resource
[    1.091470] rockchip-vop ff370000.vop: failed to get vop lut registers
[    1.092100] rockchip-vop ff370000.vop: invalid resource
[    1.092594] rockchip-vop ff370000.vop: failed to get vop cabc lut registers
[    1.093490] rockchip-drm display-subsystem: bound ff370000.vop (ops 0xffffff8008c61338)
[    1.094622] i2c i2c-4: of_i2c: modalias failure on /hdmi@ff3c0000/ports
[    1.095268] dwhdmi-rockchip ff3c0000.hdmi: registered DesignWare HDMI I2C bus driver
[    1.096091] dwhdmi-rockchip ff3c0000.hdmi: Detected HDMI TX controller v2.11a with HDCP (inno_dw_hdmi_phy2)
[    1.098018] rockchip-drm display-subsystem: bound ff3c0000.hdmi (ops 0xffffff8008c5bd28)
[    1.098812] [drm:drm_vblank_init] Supports vblank timestamp caching Rev 2 (21.10.2013).
[    1.099554] [drm:drm_vblank_init] No driver support for vblank timestamp query.
[    1.100321] rockchip-drm display-subsystem: failed to parse display resources
[    1.101037] rockchip-drm display-subsystem: No connectors reported connected with modes
[    1.101907] [drm:drm_fb_helper_single_fb_probe] Cannot find any crtc or sizes - going 1024x768
[    1.128130] Console: switching to colour frame buffer device 128x48
[    1.148202] rockchip-drm display-subsystem: fb0:  frame buffer device
[    1.157745] Unable to detect cache hierarchy from DT for CPU 0
[    1.159895] brd: module loaded
[    1.169685] loop: module loaded
[    1.171192] zram: Added device: zram0
[    1.172030] lkdtm: No crash points registered, enable through debugfs
[    1.174495] rockchip-spi ff190000.spi: Failed to request TX DMA channel
[    1.175393] rockchip-spi ff190000.spi: Failed to request RX DMA channel
[    1.177193] m25p80 spi32766.0: gd25q128 (16384 Kbytes)
[    1.177931] 6 ofpart partitions found on MTD device spi32766.0
[    1.178672] Creating 6 MTD partitions on "spi32766.0":
[    1.179352] 0x000000000000-0x000000008000 : "system"
[    1.180513] 0x000000008000-0x000000400000 : "loader"
[    1.181608] 0x000000400000-0x0000007c0000 : "reserved"
[    1.182721] 0x0000007c0000-0x000000800000 : "vendor"
[    1.183869] 0x000000800000-0x000000c00000 : "uboot"
[    1.184973] 0x000000c00000-0x000001000000 : "atf"
[    1.188098] rk_gmac-dwmac ff540000.eth: clock input or output? (input).
[    1.188983] rk_gmac-dwmac ff540000.eth: TX delay(0x26).
[    1.189662] rk_gmac-dwmac ff540000.eth: RX delay(0x11).
[    1.190548] rk_gmac-dwmac ff540000.eth: clock input from PHY
[    1.191297] rk_gmac-dwmac ff540000.eth: init for RGMII
[    1.197160] stmmac - user ID: 0x10, Synopsys ID: 0x35
[    1.205595]  Ring mode enabled
[    1.213720]  DMA HW capability register supported
[    1.214318]  Normal descriptors
[    1.230138]  RX Checksum Offload Engine supported (type 2)
[    1.238574]  TX Checksum insertion supported
[    1.246854]  Wake-Up On Lan supported
[    1.255047]  Enable RX Mitigation via HW Watchdog Timer
[    1.341605] libphy: stmmac: probed
[    1.349609] eth%d: PHY ID 001cc916 at 0 IRQ POLL (stmmac-0:00) active
[    1.357899] eth%d: PHY ID 001cc916 at 1 IRQ POLL (stmmac-0:01)
[    1.367178] Rockchip WiFi SYS interface (V1.00) ... 
[    1.375230] usbcore: registered new interface driver cdc_ether
[    1.383289] usbcore: registered new interface driver rndis_host
[    1.392908] phy phy-ff470000.usb3-phy.2: u3phy u2 power on
[    1.400616] phy phy-ff470000.usb3-phy.3: u3phy u3 power on
[    1.409101] ff580000.usb supply vusb_d not found, using dummy regulator
[    1.416748] ff580000.usb supply vusb_a not found, using dummy regulator
DDR version 1.06 20170424
In
LPDDR3
786MHz
Bus Width=32 Col=11 Bank=8 Row=15/15 CS=2 Die Bus-Width=32 Size=4096MB
ddrconfig:7
OUT
Boot1 Release Time: 2017-05-18, version: 2.43
ChipType = 0x11, 127
emmc reinit
emmc reinit
SdmmcInit=2 20
SdmmcInit=0 0
BootCapSize=0
UserCapSize=14756MB
FwPartOffset=2000 , 0
StorageInit ok = 49133
Raw SecureMode = 0
SecureInit read PBA: 0x4
SecureInit read PBA: 0x404
SecureInit read PBA: 0x804
SecureInit read PBA: 0xc04
SecureInit read PBA: 0x1004
SecureInit ret = 0, SecureMode = 0
LoadTrustBL
No find bl30.bin
No find bl32.bin
Load uboot, ReadLba = 2000
Load OK, addr=0x200000, size=0x9268c
RunBL31 0x10000
NOTICE:  BL31: v1.3(debug):f947c7e
NOTICE:  BL31: Built : 09:28:45, May 31 2017
NOTICE:  BL31:Rockchip release version: v1.3
INFO:    ARM GICv2 driver initialized
INFO:    Using opteed sec cpu_context!
INFO:    boot cpu mask: 1
INFO:    plat_rockchip_pmu_init: pd status 0xe
INFO:    BL31: Initializing runtime services
WARNING: No OPTEE provided by BL2 boot loader, Booting device without OPTEE initialization. SMC`s destined for OPTEE will return SMC_UNK
ERROR:   Error initializing runtime service opteed_fast
INFO:    BL31: Preparing for EL3 exit to normal world
INFO:    Entry point address = 0x200000
INFO:    SPSR = 0x3c9


U-Boot 2017.09-rc4-g22993de (Sep 14 2017 - 21:57:17 +0000), Build: jenkins-linux-build-rock-64-118

Model: Pine64 Rock64
DRAM:  4 GiB
MMC:   rksdmmc@ff500000: 1, rksdmmc@ff520000: 0
*** Warning - bad CRC, using default environment

In:    serial@ff130000
Out:   serial@ff130000
Err:   serial@ff130000
Model: Pine64 Rock64
Net:   eth0: ethernet@ff540000
Hit any key to stop autoboot:  2  1  0 
Card did not respond to voltage select!
mmc_init: -95, time 10
switch to partitions #0, OK
mmc1 is current device
Scanning mmc 1:6...
Found /extlinux/extlinux.conf
Retrieving file: /extlinux/extlinux.conf
reading /extlinux/extlinux.conf
255 bytes read in 5 ms (49.8 KiB/s)
1:	kernel-4.4
Retrieving file: /initrd.img
reading /initrd.img
2816953 bytes read in 171 ms (15.7 MiB/s)
Retrieving file: /Image
reading /Image
18606088 bytes read in 994 ms (17.9 MiB/s)
append: earlycon=uart8250,mmio32,0xff130000 rw root=LABEL=rootfs rootwait rootfstype=ext4 init=/sbin/init coherent_pool=1M ethaddr=82:1d:da:1f:fd:31 eth1addr=82:1d:da:1f:fd:51 serial=2ddb74eed0071ba
Retrieving file: /dtb
reading /dtb
42707 bytes read in 11 ms (3.7 MiB/s)
## Flattened Device Tree blob at 01f00000
   Booting using the fdt blob at 0x1f00000
   Loading Ramdisk to fcc6b000, end fcf1abb9 ... OK
   Loading Device Tree to 00000000fcc5d000, end 00000000fcc6a6d2 ... OK

Starting kernel ...

[    0.000000] Booting Linux on physical CPU 0x0
[    0.000000] Initializing cgroup subsys cpuset
[    0.000000] Initializing cgroup subsys cpu
[    0.000000] Initializing cgroup subsys cpuacct
[    0.000000] Linux version 4.4.77-rockchip-ayufan-118 (root@e4248ef129ba) (gcc version 5.4.0 20160609 (Ubuntu/Linaro 5.4.0-6ubuntu1~16.04.4) ) #1 SMP Thu Sep 14 21:59:24 UTC 2017
[    0.000000] Boot CPU: AArch64 Processor [410fd034]
[    0.000000] earlycon: Early serial console at MMIO32 0xff130000 (options '')
[    0.000000] bootconsole [uart0] enabled
[    0.000000] psci: probing for conduit method from DT.
[    0.000000] psci: PSCIv1.0 detected in firmware.
[    0.000000] psci: Using standard PSCI v0.2 function IDs
[    0.000000] psci: MIGRATE_INFO_TYPE not supported.
[    0.000000] PERCPU: Embedded 21 pages/cpu @ffffffc0fef39000 s46504 r8192 d31320 u86016
[    0.000000] Detected VIPT I-cache on CPU0
[    0.000000] CPU features: enabling workaround for ARM erratum 845719
[    0.000000] Built 1 zonelists in Zone order, mobility grouping on.  Total pages: 1027656
[    0.000000] Kernel command line: earlycon=uart8250,mmio32,0xff130000 rw root=LABEL=rootfs rootwait rootfstype=ext4 init=/sbin/init coherent_pool=1M ethaddr=82:1d:da:1f:fd:31 eth1addr=82:1d:da:1f:fd:51 serial=2ddb74eed0071ba
[    0.000000] PID hash table entries: 4096 (order: 3, 32768 bytes)
[    0.000000] Dentry cache hash table entries: 524288 (order: 10, 4194304 bytes)
[    0.000000] Inode-cache hash table entries: 262144 (order: 9, 2097152 bytes)
[    0.000000] software IO TLB [mem 0xf6200000-0xfa200000] (64MB) mapped at [ffffffc0f6200000-ffffffc0fa1fffff]
[    0.000000] Memory: 4015672K/4175872K available (11390K kernel code, 1466K rwdata, 4124K rodata, 1152K init, 747K bss, 160200K reserved, 0K cma-reserved)
[    0.000000] Virtual kernel memory layout:
[    0.000000]     modules : 0xffffff8000000000 - 0xffffff8008000000   (   128 MB)
[    0.000000]     vmalloc : 0xffffff8008000000 - 0xffffffbdbfff0000   (   246 GB)
[    0.000000]       .init : 0xffffff8008fb0000 - 0xffffff80090d0000   (  1152 KB)
[    0.000000]       .text : 0xffffff8008080000 - 0xffffff8008ba0000   ( 11392 KB)
[    0.000000]     .rodata : 0xffffff8008ba0000 - 0xffffff8008fb0000   (  4160 KB)
[    0.000000]       .data : 0xffffff80090d0000 - 0xffffff800923e808   (  1467 KB)
[    0.000000]     vmemmap : 0xffffffbdc0000000 - 0xffffffbfc0000000   (     8 GB maximum)
[    0.000000]               0xffffffbdc0008000 - 0xffffffbdc3fc0000   (    63 MB actual)
[    0.000000]     fixed   : 0xffffffbffe7fd000 - 0xffffffbffec00000   (  4108 KB)
[    0.000000]     PCI I/O : 0xffffffbffee00000 - 0xffffffbfffe00000   (    16 MB)
[    0.000000]     memory  : 0xffffffc000200000 - 0xffffffc0ff000000   (  4078 MB)
[    0.000000] SLUB: HWalign=64, Order=0-3, MinObjects=0, CPUs=4, Nodes=1
[    0.000000] Hierarchical RCU implementation.
[    0.000000] 	Build-time adjustment of leaf fanout to 64.
[    0.000000] 	RCU restricting CPUs from NR_CPUS=8 to nr_cpu_ids=4.
[    0.000000] RCU: Adjusting geometry for rcu_fanout_leaf=64, nr_cpu_ids=4
[    0.000000] NR_IRQS:64 nr_irqs:64 0
[    0.000000] GIC: Using split EOI/Deactivate mode
[    0.000000] Architected cp15 timer(s) running at 24.00MHz (phys).
[    0.000000] clocksource: arch_sys_counter: mask: 0xffffffffffffff max_cycles: 0x588fe9dc0, max_idle_ns: 440795202592 ns
[    0.000006] sched_clock: 56 bits at 24MHz, resolution 41ns, wraps every 4398046511097ns
[    0.001574] Console: colour dummy device 80x25
[    0.001986] console [tty0] enabled
[    0.002308] bootconsole [uart0] disabled
<hit enter to activate fiq debugger>
[    0.000000] Booting Linux on physical CPU 0x0
[    0.000000] Initializing cgroup subsys cpuset
[    0.000000] Initializing cgroup subsys cpu
[    0.000000] Initializing cgroup subsys cpuacct
[    0.000000] Linux version 4.4.77-rockchip-ayufan-118 (root@e4248ef129ba) (gcc version 5.4.0 20160609 (Ubuntu/Linaro 5.4.0-6ubuntu1~16.04.4) ) #1 SMP Thu Sep 14 21:59:24 UTC 2017
[    0.000000] Boot CPU: AArch64 Processor [410fd034]
[    0.000000] earlycon: Early serial console at MMIO32 0xff130000 (options '')
[    0.000000] bootconsole [uart0] enabled
[    0.000000] psci: probing for conduit method from DT.
[    0.000000] psci: PSCIv1.0 detected in firmware.
[    0.000000] psci: Using standard PSCI v0.2 function IDs
[    0.000000] psci: MIGRATE_INFO_TYPE not supported.
[    0.000000] PERCPU: Embedded 21 pages/cpu @ffffffc0fef39000 s46504 r8192 d31320 u86016
[    0.000000] Detected VIPT I-cache on CPU0
[    0.000000] CPU features: enabling workaround for ARM erratum 845719
[    0.000000] Built 1 zonelists in Zone order, mobility grouping on.  Total pages: 1027656
[    0.000000] Kernel command line: earlycon=uart8250,mmio32,0xff130000 rw root=LABEL=rootfs rootwait rootfstype=ext4 init=/sbin/init coherent_pool=1M ethaddr=82:1d:da:1f:fd:31 eth1addr=82:1d:da:1f:fd:51 serial=2ddb74eed0071ba
[    0.000000] PID hash table entries: 4096 (order: 3, 32768 bytes)
[    0.000000] Dentry cache hash table entries: 524288 (order: 10, 4194304 bytes)
[    0.000000] Inode-cache hash table entries: 262144 (order: 9, 2097152 bytes)
[    0.000000] software IO TLB [mem 0xf6200000-0xfa200000] (64MB) mapped at [ffffffc0f6200000-ffffffc0fa1fffff]
[    0.000000] Memory: 4015672K/4175872K available (11390K kernel code, 1466K rwdata, 4124K rodata, 1152K init, 747K bss, 160200K reserved, 0K cma-reserved)
[    0.000000] Virtual kernel memory layout:
[    0.000000]     modules : 0xffffff8000000000 - 0xffffff8008000000   (   128 MB)
[    0.000000]     vmalloc : 0xffffff8008000000 - 0xffffffbdbfff0000   (   246 GB)
[    0.000000]       .init : 0xffffff8008fb0000 - 0xffffff80090d0000   (  1152 KB)
[    0.000000]       .text : 0xffffff8008080000 - 0xffffff8008ba0000   ( 11392 KB)
[    0.000000]     .rodata : 0xffffff8008ba0000 - 0xffffff8008fb0000   (  4160 KB)
[    0.000000]       .data : 0xffffff80090d0000 - 0xffffff800923e808   (  1467 KB)
[    0.000000]     vmemmap : 0xffffffbdc0000000 - 0xffffffbfc0000000   (     8 GB maximum)
[    0.000000]               0xffffffbdc0008000 - 0xffffffbdc3fc0000   (    63 MB actual)
[    0.000000]     fixed   : 0xffffffbffe7fd000 - 0xffffffbffec00000   (  4108 KB)
[    0.000000]     PCI I/O : 0xffffffbffee00000 - 0xffffffbfffe00000   (    16 MB)
[    0.000000]     memory  : 0xffffffc000200000 - 0xffffffc0ff000000   (  4078 MB)
[    0.000000] SLUB: HWalign=64, Order=0-3, MinObjects=0, CPUs=4, Nodes=1
[    0.000000] Hierarchical RCU implementation.
[    0.000000] 	Build-time adjustment of leaf fanout to 64.
[    0.000000] 	RCU restricting CPUs from NR_CPUS=8 to nr_cpu_ids=4.
[    0.000000] RCU: Adjusting geometry for rcu_fanout_leaf=64, nr_cpu_ids=4
[    0.000000] NR_IRQS:64 nr_irqs:64 0
[    0.000000] GIC: Using split EOI/Deactivate mode
[    0.000000] Architected cp15 timer(s) running at 24.00MHz (phys).
[    0.000000] clocksource: arch_sys_counter: mask: 0xffffffffffffff max_cycles: 0x588fe9dc0, max_idle_ns: 440795202592 ns
[    0.000006] sched_clock: 56 bits at 24MHz, resolution 41ns, wraps every 4398046511097ns
[    0.001574] Console: colour dummy device 80x25
[    0.001986] console [tty0] enabled
[    0.002308] bootconsole [uart0] disabled
[    0.002704] Calibrating delay loop (skipped), value calculated using timer frequency.. 48.00 BogoMIPS (lpj=24000)
[    0.002741] pid_max: default: 32768 minimum: 301
[    0.002879] Security Framework initialized
[    0.002899] Yama: becoming mindful.
[    0.002931] AppArmor: AppArmor disabled by boot time parameter
[    0.003013] Mount-cache hash table entries: 8192 (order: 4, 65536 bytes)
[    0.003042] Mountpoint-cache hash table entries: 8192 (order: 4, 65536 bytes)
[    0.003958] Initializing cgroup subsys io
[    0.003991] Initializing cgroup subsys memory
[    0.004038] Initializing cgroup subsys devices
[    0.004064] Initializing cgroup subsys freezer
[    0.004090] Initializing cgroup subsys net_cls
[    0.004115] Initializing cgroup subsys perf_event
[    0.004141] Initializing cgroup subsys net_prio
[    0.004172] Initializing cgroup subsys hugetlb
[    0.004195] Initializing cgroup subsys pids
[    0.004259] ftrace: allocating 42863 entries in 168 pages
[    0.121801] sched-energy: CPU device node has no sched-energy-costs
[    0.121836] Invalid sched_group_energy for CPU0
[    0.121854] CPU0: update cpu_capacity 1024
[    0.121921] ASID allocator initialised with 65536 entries
[    0.127215] Detected VIPT I-cache on CPU1
[    0.127272] Invalid sched_group_energy for CPU1
[    0.127278] CPU1: update cpu_capacity 1024
[    0.127283] CPU1: Booted secondary processor [410fd034]
[    0.128081] Detected VIPT I-cache on CPU2
[    0.128127] Invalid sched_group_energy for CPU2
[    0.128132] CPU2: update cpu_capacity 1024
[    0.128137] CPU2: Booted secondary processor [410fd034]
[    0.128879] Detected VIPT I-cache on CPU3
[    0.128923] Invalid sched_group_energy for CPU3
[    0.128928] CPU3: update cpu_capacity 1024
[    0.128933] CPU3: Booted secondary processor [410fd034]
[    0.129059] Brought up 4 CPUs
[    0.129358] SMP: Total of 4 processors activated.
[    0.129393] CPU: All CPU(s) started at EL2
[    0.129455] alternatives: patching kernel code
[    0.129709] Invalid sched_group_energy for CPU3
[    0.129742] Invalid sched_group_energy for Cluster3
[    0.129770] Invalid sched_group_energy for CPU2
[    0.129801] Invalid sched_group_energy for Cluster2
[    0.129828] Invalid sched_group_energy for CPU1
[    0.129859] Invalid sched_group_energy for Cluster1
[    0.129912] Invalid sched_group_energy for CPU0
[    0.129945] Invalid sched_group_energy for Cluster0
[    0.130657] devtmpfs: initialized
[    0.147276] clocksource: jiffies: mask: 0xffffffff max_cycles: 0xffffffff, max_idle_ns: 1911260446275000 ns
[    0.147355] futex hash table entries: 1024 (order: 4, 65536 bytes)
[    0.148006] xor: measuring software checksum speed
[    0.157295]    8regs     :  1080.000 MB/sec
[    0.167393]    8regs_prefetch:   968.000 MB/sec
[    0.177489]    32regs    :  1352.000 MB/sec
[    0.187587]    32regs_prefetch:  1116.000 MB/sec
[    0.187620] xor: using function: 32regs (1352.000 MB/sec)
[    0.187700] pinctrl core: initialized pinctrl subsystem
[    0.189015] NET: Registered protocol family 16
[    0.192694] cpuidle: using governor ladder
[    0.196730] cpuidle: using governor menu
[    0.196782] Registered FIQ tty driver
[    0.197239] vdso: 2 pages (1 code @ ffffff8008ba6000, 1 data @ ffffff80090d4000)
[    0.197316] hw-breakpoint: found 6 breakpoint and 4 watchpoint registers.
[    0.197822] DMA: preallocated 1024 KiB pool for atomic allocations
[    0.221511] genirq: Setting trigger mode 8 for irq 176 failed (gic_set_type+0x0/0x68)
[    0.280058] console [ttyFIQ0] enabled
[    0.280729] Registered fiq debugger ttyFIQ0
[    0.315933] raid6: int64x1  gen()   191 MB/s
[    0.332894] raid6: int64x1  xor()   185 MB/s
[    0.350162] raid6: int64x2  gen()   296 MB/s
[    0.367301] raid6: int64x2  xor()   279 MB/s
[    0.384410] raid6: int64x4  gen()   468 MB/s
[    0.401633] raid6: int64x4  xor()   339 MB/s
[    0.418917] raid6: int64x8  gen()   332 MB/s
[    0.436057] raid6: int64x8  xor()   267 MB/s
[    0.453273] raid6: neonx1   gen()   363 MB/s
[    0.470455] raid6: neonx1   xor()   369 MB/s
[    0.487659] raid6: neonx2   gen()   570 MB/s
[    0.504863] raid6: neonx2   xor()   494 MB/s
[    0.522030] raid6: neonx4   gen()   761 MB/s
[    0.539249] raid6: neonx4   xor()   578 MB/s
[    0.556454] raid6: neonx8   gen()   777 MB/s
[    0.573629] raid6: neonx8   xor()   578 MB/s
[    0.574030] raid6: using algorithm neonx8 gen() 777 MB/s
[    0.574523] raid6: .... xor() 578 MB/s, rmw enabled
[    0.574991] raid6: using intx1 recovery algorithm
[    0.575912] mpp venc_srv: mpp_probe enter
[    0.576347] mpp venc_srv: init success
[    0.579300] iommu: Adding device ff350000.vpu-service to group 0
[    0.579991] iommu: Adding device ff360000.rkvdec to group 1
[    0.580581] iommu: Adding device ff330000.h265e to group 2
[    0.581186] iommu: Adding device ff340000.vepu to group 3
[    0.581763] iommu: Adding device ff370000.vop to group 4
[    0.583187] rk_iommu ff360480.iommu: can't get aclk
[    0.583696] rk_iommu ff360480.iommu: can't get hclk
[    0.584320] rk_iommu ff330200.iommu: can't get aclk
[    0.584807] rk_iommu ff330200.iommu: can't get hclk
[    0.585617] rk_iommu ff373f00.iommu: can't get aclk
[    0.586102] rk_iommu ff373f00.iommu: can't get hclk
[    0.587188] SCSI subsystem initialized
[    0.587854] usbcore: registered new interface driver usbfs
[    0.588459] usbcore: registered new interface driver hub
[    0.589068] usbcore: registered new device driver usb
[    0.589665] media: Linux media interface: v0.10
[    0.590151] Linux video capture interface: v2.00
[    0.590703] pps_core: LinuxPPS API ver. 1 registered
[    0.591176] pps_core: Software ver. 5.3.6 - Copyright 2005-2007 Rodolfo Giometti <giometti@linux.it>
[    0.592150] PTP clock support registered
[    0.594181] Advanced Linux Sound Architecture Driver Initialized.
[    0.595622] Bluetooth: Core ver 2.21
[    0.596036] NET: Registered protocol family 31
[    0.596480] Bluetooth: HCI device and connection manager initialized
[    0.597075] Bluetooth: HCI socket layer initialized
[    0.597557] Bluetooth: L2CAP socket layer initialized
[    0.598059] Bluetooth: SCO socket layer initialized
[    0.599236] NetLabel: Initializing
[    0.599584] NetLabel:  domain hash size = 128
[    0.599997] NetLabel:  protocols = UNLABELED CIPSOv4
[    0.600531] NetLabel:  unlabeled traffic allowed by default
[    0.601515] rockchip-cpuinfo cpuinfo: Serial		: 2ddb74eed0071ba0
[    0.602862] clocksource: Switched to clocksource arch_sys_counter
[    0.702812] NET: Registered protocol family 2
[    0.704144] TCP established hash table entries: 32768 (order: 6, 262144 bytes)
[    0.705263] TCP bind hash table entries: 32768 (order: 8, 1048576 bytes)
[    0.707431] TCP: Hash tables configured (established 32768 bind 32768)
[    0.708174] UDP hash table entries: 2048 (order: 5, 196608 bytes)
[    0.709019] UDP-Lite hash table entries: 2048 (order: 5, 196608 bytes)
[    0.710197] NET: Registered protocol family 1
[    0.711183] RPC: Registered named UNIX socket transport module.
[    0.711742] RPC: Registered udp transport module.
[    0.712212] RPC: Registered tcp transport module.
[    0.712660] RPC: Registered tcp NFSv4.1 backchannel transport module.
[    0.713570] Trying to unpack rootfs image as initramfs...
[    0.989926] Freeing initrd memory: 2748K (ffffffc0fcc6b000 - ffffffc0fcf1a000)
[    0.991400] hw perfevents: enabled with armv8_cortex_a53 PMU driver, 7 counters available
[    0.993365] kvm [1]: 8-bit VMID
[    0.993679] kvm [1]: Hyp mode initialized successfully
[    0.994627] kvm [1]: interrupt-controller@ff814000 IRQ43
[    0.995458] kvm [1]: timer IRQ3
[    0.999964] audit: initializing netlink subsys (disabled)
[    1.000526] audit: type=2000 audit(0.906:1): initialized
[    1.001644] Initialise system trusted keyring
[    1.002727] HugeTLB registered 2 MB page size, pre-allocated 0 pages
[    1.016441] VFS: Disk quotas dquot_6.6.0
[    1.017149] VFS: Dquot-cache hash table entries: 512 (order 0, 4096 bytes)
[    1.022063] NFS: Registering the id_resolver key type
[    1.022576] Key type id_resolver registered
[    1.022998] Key type id_legacy registered
[    1.023397] Installing knfsd (copyright (C) 1996 okir@monad.swb.de).
[    1.025115] fuse init (API version 7.23)
[    1.026584] JFS: nTxBlock = 8192, nTxLock = 65536
[    1.034111] SGI XFS with ACLs, security attributes, realtime, no debug enabled
[    1.037518] Key type big_key registered
[    1.038046] 
[    1.038046] TEE Core Framework initialization (ver 1:0.1)
[    1.038715] TEE armv7 Driver initialization
[    1.039561] tz_tee_probe: name="armv7sec", id=0, pdev_name="armv7sec.0"
[    1.040195] TEE core: Alloc the misc device "opteearmtz00" (id=0)
[    1.041106] TEE Core: Register the misc device "opteearmtz00" (id=0,minor=62)
[    1.048114] NET: Registered protocol family 38
[    1.048572] Key type asymmetric registered
[    1.049003] Asymmetric key parser 'x509' registered
[    1.049778] Block layer SCSI generic (bsg) driver version 0.4 loaded (major 247)
[    1.050774] io scheduler noop registered
[    1.051335] io scheduler deadline registered (default)
[    1.051904] io scheduler cfq registered
[    1.058768] rockchip-u3phy ff470000.usb3-phy: Rockchip u3phy initialized successfully
[    1.063048] rk-vcodec ff350000.vpu-service: probe device
[    1.063588] rk-vcodec ff350000.vpu-service: vpu mmu dec ffffffc0f5f82c10
[    1.064504] rk-vcodec ff350000.vpu-service: allocator is drm
[    1.065146] rk-vcodec ff350000.vpu-service: checking hw id 0
[    1.066357] rk-vcodec ff350000.vpu-service: init success
[    1.067645] rk-vcodec ff360000.rkvdec: probe device
[    1.068195] rk-vcodec ff360000.rkvdec: vpu mmu dec ffffffc0f5f83410
[    1.069061] rk-vcodec ff360000.rkvdec: allocator is drm
[    1.069633] rk-vcodec ff360000.rkvdec: checking hw id 3410
[    1.070804] rk-vcodec ff360000.rkvdec: init success
[    1.071734] probe device ff330000.h265e
[    1.072527] mpp_dev ff330000.h265e: try to get iommu dev ffffffc0f5f83c10
[    1.073597] mpp_dev ff330000.h265e: resource ready, register device
[    1.074508] probe device ff340000.vepu
[    1.075244] mpp_dev ff340000.vepu: try to get iommu dev ffffffc0f5fa4410
[    1.076204] rockchip_mpp_vepu_reset_init:143: No aclk reset resource define
[    1.076872] rockchip_mpp_vepu_reset_init:148: No hclk reset resource define
[    1.077514] mpp_dev ff340000.vepu: resource ready, register device
[    1.081215] dma-pl330 ff1f0000.dmac: Loaded driver for PL330 DMAC-241330
[    1.081874] dma-pl330 ff1f0000.dmac: 	DBUFF-128x8bytes Num_Chans-8 Num_Peri-20 Num_Events-16
[    1.083690] Serial: 8250/16550 driver, 5 ports, IRQ sharing disabled
[    1.087229] [drm:drm_core_init] Initialized drm 1.1.0 20060810
[    1.091015] rockchip-vop ff370000.vop: invalid resource
[    1.091521] rockchip-vop ff370000.vop: failed to get vop lut registers
[    1.092155] rockchip-vop ff370000.vop: invalid resource
[    1.092651] rockchip-vop ff370000.vop: failed to get vop cabc lut registers
[    1.093549] rockchip-drm display-subsystem: bound ff370000.vop (ops 0xffffff8008c61338)
[    1.094686] i2c i2c-4: of_i2c: modalias failure on /hdmi@ff3c0000/ports
[    1.095335] dwhdmi-rockchip ff3c0000.hdmi: registered DesignWare HDMI I2C bus driver
[    1.096155] dwhdmi-rockchip ff3c0000.hdmi: Detected HDMI TX controller v2.11a with HDCP (inno_dw_hdmi_phy2)
[    1.098072] rockchip-drm display-subsystem: bound ff3c0000.hdmi (ops 0xffffff8008c5bd28)
[    1.098867] [drm:drm_vblank_init] Supports vblank timestamp caching Rev 2 (21.10.2013).
[    1.099613] [drm:drm_vblank_init] No driver support for vblank timestamp query.
[    1.100378] rockchip-drm display-subsystem: failed to parse display resources
[    1.101098] rockchip-drm display-subsystem: No connectors reported connected with modes
[    1.101969] [drm:drm_fb_helper_single_fb_probe] Cannot find any crtc or sizes - going 1024x768
[    1.128195] Console: switching to colour frame buffer device 128x48
[    1.148260] rockchip-drm display-subsystem: fb0:  frame buffer device
[    1.157813] Unable to detect cache hierarchy from DT for CPU 0
[    1.159969] brd: module loaded
[    1.169745] loop: module loaded
[    1.171253] zram: Added device: zram0
[    1.172079] lkdtm: No crash points registered, enable through debugfs
[    1.174550] rockchip-spi ff190000.spi: Failed to request TX DMA channel
[    1.175449] rockchip-spi ff190000.spi: Failed to request RX DMA channel
[    1.177246] m25p80 spi32766.0: gd25q128 (16384 Kbytes)
[    1.177984] 6 ofpart partitions found on MTD device spi32766.0
[    1.178725] Creating 6 MTD partitions on "spi32766.0":
[    1.179405] 0x000000000000-0x000000008000 : "system"
[    1.180566] 0x000000008000-0x000000400000 : "loader"
[    1.181658] 0x000000400000-0x0000007c0000 : "reserved"
[    1.182773] 0x0000007c0000-0x000000800000 : "vendor"
[    1.183919] 0x000000800000-0x000000c00000 : "uboot"
[    1.185023] 0x000000c00000-0x000001000000 : "atf"
[    1.188144] rk_gmac-dwmac ff540000.eth: clock input or output? (input).
[    1.189031] rk_gmac-dwmac ff540000.eth: TX delay(0x26).
[    1.189709] rk_gmac-dwmac ff540000.eth: RX delay(0x11).
[    1.190593] rk_gmac-dwmac ff540000.eth: clock input from PHY
[    1.191340] rk_gmac-dwmac ff540000.eth: init for RGMII
[    1.197202] stmmac - user ID: 0x10, Synopsys ID: 0x35
[    1.205647]  Ring mode enabled
[    1.213781]  DMA HW capability register supported
[    1.214379]  Normal descriptors
[    1.230222]  RX Checksum Offload Engine supported (type 2)
[    1.238670]  TX Checksum insertion supported
[    1.246963]  Wake-Up On Lan supported
[    1.255172]  Enable RX Mitigation via HW Watchdog Timer
[    1.341493] libphy: stmmac: probed
[    1.349508] eth%d: PHY ID 001cc916 at 0 IRQ POLL (stmmac-0:00) active
[    1.357814] eth%d: PHY ID 001cc916 at 1 IRQ POLL (stmmac-0:01)
[    1.367122] Rockchip WiFi SYS interface (V1.00) ... 
[    1.375200] usbcore: registered new interface driver cdc_ether
[    1.383286] usbcore: registered new interface driver rndis_host
[    1.392904] phy phy-ff470000.usb3-phy.2: u3phy u2 power on
[    1.400643] phy phy-ff470000.usb3-phy.3: u3phy u3 power on
[    1.409155] ff580000.usb supply vusb_d not found, using dummy regulator
[    1.416826] ff580000.usb supply vusb_a not found, using dummy regulator
[    1.580121] dwc2 ff580000.usb: DWC OTG Controller
[    1.587219] dwc2 ff580000.usb: new USB bus registered, assigned bus number 1
[    1.594520] dwc2 ff580000.usb: irq 40, io mem 0x00000000
[    1.601907] usb usb1: New USB device found, idVendor=1d6b, idProduct=0002
[    1.609118] usb usb1: New USB device strings: Mfr=3, Product=2, SerialNumber=1
[    1.616280] usb usb1: Product: DWC OTG Controller
[    1.623086] usb usb1: Manufacturer: Linux 4.4.77-rockchip-ayufan-118 dwc2_hsotg
[    1.630195] usb usb1: SerialNumber: ff580000.usb
[    1.637818] hub 1-0:1.0: USB hub found
