
root@rock64:~# 
root@rock64:~# reboot
[  OK  ] Removed slice system-ifup.slice.
[  OK  ] Stopped Getty on tty1.
[  OK  ] Stopped Authenticate and Authorize Users to Run Privileged Tasks.
[21852.579650] IPv6: ADDRCONF(NETDEV_UP): eth0: link is not ready
         Stopping Login Service...
[21852.586416] IPv6: ADDRCONF(NETDEV_UP): eth1: link is not ready
[  OK  ] Removed slice system-getty.slice.
         Stopping /etc/rc.local Compatibility...
[  OK  ] Stopped /etc/rc.local Compatibility.
[  OK  ] Removed slice system-serial\x2dgetty.slice.
[  OK  ] Stopped D-Bus System Message Bus.
[  OK  ] Stopped Login Service.
[  OK  ] Stopped OpenBSD Secure Shell server.
[  OK  ] Stopped Network Manager.
[FAILED] Failed to start Store Sound Card State.
See 'systemctl status alsa-store.service' for details.
[  OK  ] Stopped User Manager for UID 1000.
[  OK  ] Stopped LSB: Start/stop sysstat's sadc.
[  OK  ] Removed slice user-1000.slice.
         Stopping Permit User Sessions...
[  OK  ] Stopped LSB: start DirMngr daemon.
[  OK  ] Stopped Permit User Sessions.
[  OK  ] Stopped System Logging Service.
[  OK  ] Stopped LSB: Start NTP daemon.
[  OK  ] Stopped target Network is Online.
[  OK  ] Stopped target Network.
[  OK  ] Stopped target Remote File Systems.
[  OK  ] Stopped target Remote File Systems (Pre).
[  OK  ] Stopped LSB: IPv4 DHCP client with IPv4LL support.
[  OK  ] Stopped target Basic System.
[  OK  ] Stopped target Slices.
[  OK  ] Removed slice User and Session Slice.
[  OK  ] Stopped target Paths.
[  OK  ] Stopped target Timers.
[  OK  ] Stopped target Sockets.
[  OK  ] Closed Syslog Socket.
[  OK  ] Closed Avahi mDNS/DNS-SD Stack Activation Socket.
[  OK  ] Closed D-Bus System Message Bus Socket.
[  OK  ] Stopped target System Initialization.
         Stopping Restore / save the current clock...
[  OK  ] Stopped target Encrypted Volumes.
         Stopping Update UTMP about System Boot/Shutdown...
         Stopping LSB: Raise network interfaces....
[  OK  ] Stopped target Swap.
[  OK  ] Stopped Restore / save the current clock.
[  OK  ] Stopped Update UTMP about System Boot/Shutdown.
         Stopping Create Volatile Files and Directories...
[  OK  ] Stopped Create Volatile Files and Directories.
[  OK  ] Started Unattended Upgrades.
[  OK  ] Stopped LSB: Raise network interfaces..
         Stopping Apply Kernel Variables...
[  OK  ] Stopped Apply Kernel Variables.
         Stopping Load Kernel Modules...
[  OK  ] Stopped Load Kernel Modules.
         Stopping Load/Save Random Seed...
[  OK  ] Stopped target Local File Systems.
         Unmounting /mnt/usbhd...
         Unmounting /run/user/1000...
         Unmounting /boot/efi...
[  OK  ] Stopped Load/Save Random Seed.
[  OK  ] Unmounted /run/user/1000.
[  OK  ] Unmounted /boot/efi.
[  OK  ] Unmounted /mnt/usbhd.
[  OK  ] Reached target Unmount All Filesystems.
[  OK  ] Stopped target Local File Systems (Pre).
         Stopping Create Static Device Nodes in /dev...
[  OK  ] Stopped Create Static Device Nodes in /dev.
         Stopping Remount Root and Kernel File Systems...
[  OK  ] Stopped Remount Root and Kernel File Systems.
[  OK  ] Reached target Shutdown.
[21859.000516] systemd-shutdow: 62 output lines suppressed due to ratelimiting
[21859.016549] systemd-shutdown[1]: Sending SIGTERM to remaining processes...
[21859.038333] systemd-journald[2038]: Received SIGTERM from PID 1 (systemd-shutdow).
[21859.053526] systemd-shutdown[1]: Sending SIGKILL to remaining processes...
[21859.074042] systemd-shutdown[1]: Unmounting file systems.
[21859.075129] systemd-shutdown[1]: Unmounting /sys/kernel/config.
[21859.096328] systemd-shutdown[1]: Unmounting /sys/fs/fuse/connections.
[21859.112233] systemd-shutdown[1]: Unmounting /dev/mqueue.
[21859.140211] systemd-shutdown[1]: Unmounting /dev/hugepages.
[21859.164215] systemd-shutdown[1]: Unmounting /sys/kernel/debug.
[21860.125487] EXT4-fs (mmcblk1p7): re-mounted. Opts: (null)
[21860.137733] EXT4-fs (mmcblk1p7): re-mounted. Opts: (null)
[21860.138228] EXT4-fs (mmcblk1p7): re-mounted. Opts: (null)
[21860.138735] systemd-shutdown[1]: All filesystems unmounted.
[21860.139232] systemd-shutdown[1]: Deactivating swaps.
[21860.158068] kvm: exiting hardware virtualization
[21860.176645] reboot: Restarting system
INFO:    PSCI Power Domain Map:
INFO:      Domain Node : Level 2, parent_node -1, State ON (0x0)
INFO:      Domain Node : Level 1, parent_node 0, State ON (0x0)
INFO:      Domain Node : Level 0, parent_node 0, State ON (0x0)
INFO:      Domain Node : Level 0, parent_node 0, State ON (0x0)
INFO:      CPU Node : MPID 0x0, parent_node 1, State ON (0x0)
INFO:      CPU Node : MPID 0x1, parent_node 1, State ON (0x0)
INFO:      CPU Node : MPID 0x2, parent_node 1, State ON (0x0)
INFO:      CPU Node : MPID 0x3, parent_node 1, State ON (0x0)
DDR version 1.06 20170424
In
SRX
LPDDR3
786MHz
Bus Width=32 Col=11 Bank=8 Row=15/15 CS=2 Die Bus-Width=32 Size=4096MB
ddrconfig:7
OUT
Boot1 Release Time: 2017-05-18, version: 2.43
ChipType = 0x11, 187
emmc reinit
emmc reinit
SdmmcInit=2 20
SdmmcInit=0 0
BootCapSize=0
UserCapSize=14756MB
FwPartOffset=2000 , 0
StorageInit ok = 49588
Raw SecureMode = 0
SecureInit read PBA: 0x4
SecureInit read PBA: 0x404
SecureInit read PBA: 0x804
SecureInit read PBA: 0xc04
SecureInit read PBA: 0x1004
SecureInit ret = 0, SecureMode = 0
LoadTrustBL
No find bl30.bin
No find bl32.bin
Load uboot, ReadLba = 2000
Load OK, addr=0x200000, size=0x9268c
RunBL31 0x10000
NOTICE:  BL31: v1.3(debug):f947c7e
NOTICE:  BL31: Built : 09:28:45, May 31 2017
NOTICE:  BL31:Rockchip release version: v1.3
INFO:    ARM GICv2 driver initialized
INFO:    Using opteed sec cpu_context!
INFO:    boot cpu mask: 1
INFO:    plat_rockchip_pmu_init: pd status 0xe
INFO:    BL31: Initializing runtime services
WARNING: No OPTEE provided by BL2 boot loader, Booting device without OPTEE initialization. SMC`s destined for OPTEE will return SMC_UNK
ERROR:   Error initializing runtime service opteed_fast
INFO:    BL31: Preparing for EL3 exit to normal world
INFO:    Entry point address = 0x200000
INFO:    SPSR = 0x3c9


U-Boot 2017.09-rc4-g22993de (Sep 14 2017 - 21:57:17 +0000), Build: jenkins-linux-build-rock-64-118

Model: Pine64 Rock64
DRAM:  4 GiB
MMC:   rksdmmc@ff500000: 1, rksdmmc@ff520000: 0
*** Warning - bad CRC, using default environment

In:    serial@ff130000
Out:   serial@ff130000
Err:   serial@ff130000
Model: Pine64 Rock64
normal boot
Net:   eth0: ethernet@ff540000
Hit any key to stop autoboot:  2  1  0 
Card did not respond to voltage select!
mmc_init: -95, time 9
switch to partitions #0, OK
mmc1 is current device
Scanning mmc 1:6...
Found /extlinux/extlinux.conf
Retrieving file: /extlinux/extlinux.conf
reading /extlinux/extlinux.conf
259 bytes read in 5 ms (49.8 KiB/s)
1:	kernel-4.4
Retrieving file: /initrd.img
reading /initrd.img
2173330 bytes read in 131 ms (15.8 MiB/s)
Retrieving file: /Image
reading /Image
25815552 bytes read in 1461 ms (16.9 MiB/s)
append: earlycon=uart8250,mmio32,0xff130000 rw root=LABEL=linux-root rootwait rootfstype=ext4 init=/sbin/init coherent_pool=1M ethaddr=82:1d:da:1f:fd:31 eth1addr=82:1d:da:1f:fd:51 serial=2ddb74eed0071ba
Retrieving file: /dtb
reading /dtb
35146 bytes read in 8 ms (4.2 MiB/s)
## Flattened Device Tree blob at 01f00000
   Booting using the fdt blob at 0x1f00000
   Loading Ramdisk to fcd08000, end fcf1a992 ... OK
   Loading Device Tree to 00000000fccfc000, end 00000000fcd07949 ... OK

Starting kernel ...

[    0.000000] Booting Linux on physical CPU 0x0
[    0.000000] Linux version 4.14.0-rc2 (koo@localhost.localdomain) (gcc version 7.2.0 (crosstool-NG crosstool-ng-1.23.0-275-g891f90d)) #2 SMP PREEMPT Tue Dec 5 20:07:11 MST 2017
[    0.000000] Boot CPU: AArch64 Processor [410fd034]
[    0.000000] Machine model: Pine64 Rock64
[    0.000000] earlycon: uart8250 at MMIO32 0x00000000ff130000 (options '')
[    0.000000] bootconsole [uart8250] enabled
[    0.000000] efi: Getting EFI parameters from FDT:
[    0.000000] efi: UEFI not found.
[    0.000000] cma: Reserved 16 MiB at 0x00000000fe000000
[    0.000000] NUMA: No NUMA configuration found
[    0.000000] NUMA: Faking a node at [mem 0x0000000000000000-0x00000000feffffff]
[    0.000000] NUMA: NODE_DATA [mem 0xfdfbea80-0xfdfc057f]
[    0.000000] Zone ranges:
[    0.000000]   DMA      [mem 0x0000000000200000-0x00000000feffffff]
[    0.000000]   Normal   empty
[    0.000000] Movable zone start for each node
[    0.000000] Early memory node ranges
[    0.000000]   node   0: [mem 0x0000000000200000-0x00000000feffffff]
[    0.000000] Initmem setup node 0 [mem 0x0000000000200000-0x00000000feffffff]
[    0.000000] psci: probing for conduit method from DT.
[    0.000000] psci: PSCIv1.0 detected in firmware.
[    0.000000] psci: Using standard PSCI v0.2 function IDs
[    0.000000] psci: MIGRATE_INFO_TYPE not supported.
[    0.000000] random: fast init done
[    0.000000] percpu: Embedded 23 pages/cpu @ffff8000fdf5f000 s55832 r8192 d30184 u94208
[    0.000000] Detected VIPT I-cache on CPU0
[    0.000000] CPU features: enabling workaround for ARM erratum 845719
[    0.000000] Built 1 zonelists, mobility grouping on.  Total pages: 1027656
[    0.000000] Policy zone: DMA
[    0.000000] Kernel command line: earlycon=uart8250,mmio32,0xff130000 rw root=LABEL=linux-root rootwait rootfstype=ext4 init=/sbin/init coherent_pool=1M ethaddr=82:1d:da:1f:fd:31 eth1addr=82:1d:da:1f:fd:51 serial=2ddb74eed0071ba
[    0.000000] PID hash table entries: 4096 (order: 3, 32768 bytes)
[    0.000000] Memory: 4065340K/4175872K available (15932K kernel code, 1594K rwdata, 6420K rodata, 1216K init, 536K bss, 94148K reserved, 16384K cma-reserved)
[    0.000000] Virtual kernel memory layout:
[    0.000000]     modules : 0xffff000000000000 - 0xffff000008000000   (   128 MB)
[    0.000000]     vmalloc : 0xffff000008000000 - 0xffff7dffbfff0000   (129022 GB)
[    0.000000]       .text : 0xffff000008080000 - 0xffff000009010000   ( 15936 KB)
[    0.000000]     .rodata : 0xffff000009010000 - 0xffff000009660000   (  6464 KB)
[    0.000000]       .init : 0xffff000009660000 - 0xffff000009790000   (  1216 KB)
[    0.000000]       .data : 0xffff000009790000 - 0xffff00000991ea00   (  1595 KB)
[    0.000000]        .bss : 0xffff00000991ea00 - 0xffff0000099a4c78   (   537 KB)
[    0.000000]     fixed   : 0xffff7dfffe7fd000 - 0xffff7dfffec00000   (  4108 KB)
[    0.000000]     PCI I/O : 0xffff7dfffee00000 - 0xffff7dffffe00000   (    16 MB)
[    0.000000]     vmemmap : 0xffff7e0000000000 - 0xffff800000000000   (  2048 GB maximum)
[    0.000000]               0xffff7e0000008000 - 0xffff7e0003fc0000   (    63 MB actual)
[    0.000000]     memory  : 0xffff800000200000 - 0xffff8000ff000000   (  4078 MB)
[    0.000000] SLUB: HWalign=64, Order=0-3, MinObjects=0, CPUs=4, Nodes=1
[    0.000000] Preemptible hierarchical RCU implementation.
[    0.000000] 	RCU restricting CPUs from NR_CPUS=64 to nr_cpu_ids=4.
[    0.000000] 	Tasks RCU enabled.
[    0.000000] RCU: Adjusting geometry for rcu_fanout_leaf=16, nr_cpu_ids=4
[    0.000000] NR_IRQS: 64, nr_irqs: 64, preallocated irqs: 0
[    0.000000] GIC: Using split EOI/Deactivate mode
[    0.000000] arch_timer: cp15 timer(s) running at 24.00MHz (phys).
[    0.000000] clocksource: arch_sys_counter: mask: 0xffffffffffffff max_cycles: 0x588fe9dc0, max_idle_ns: 440795202592 ns
[    0.000005] sched_clock: 56 bits at 24MHz, resolution 41ns, wraps every 4398046511097ns
[    0.001860] Console: colour dummy device 80x25
[    0.002318] console [tty0] enabled
[    0.002648] bootconsole [uart8250] disabled
[    0.000000] Booting Linux on physical CPU 0x0
[    0.000000] Linux version 4.14.0-rc2 (koo@localhost.localdomain) (gcc version 7.2.0 (crosstool-NG crosstool-ng-1.23.0-275-g891f90d)) #2 SMP PREEMPT Tue Dec 5 20:07:11 MST 2017
[    0.000000] Boot CPU: AArch64 Processor [410fd034]
[    0.000000] Machine model: Pine64 Rock64
[    0.000000] earlycon: uart8250 at MMIO32 0x00000000ff130000 (options '')
[    0.000000] bootconsole [uart8250] enabled
[    0.000000] efi: Getting EFI parameters from FDT:
[    0.000000] efi: UEFI not found.
[    0.000000] cma: Reserved 16 MiB at 0x00000000fe000000
[    0.000000] NUMA: No NUMA configuration found
[    0.000000] NUMA: Faking a node at [mem 0x0000000000000000-0x00000000feffffff]
[    0.000000] NUMA: NODE_DATA [mem 0xfdfbea80-0xfdfc057f]
[    0.000000] Zone ranges:
[    0.000000]   DMA      [mem 0x0000000000200000-0x00000000feffffff]
[    0.000000]   Normal   empty
[    0.000000] Movable zone start for each node
[    0.000000] Early memory node ranges
[    0.000000]   node   0: [mem 0x0000000000200000-0x00000000feffffff]
[    0.000000] Initmem setup node 0 [mem 0x0000000000200000-0x00000000feffffff]
[    0.000000] psci: probing for conduit method from DT.
[    0.000000] psci: PSCIv1.0 detected in firmware.
[    0.000000] psci: Using standard PSCI v0.2 function IDs
[    0.000000] psci: MIGRATE_INFO_TYPE not supported.
[    0.000000] random: fast init done
[    0.000000] percpu: Embedded 23 pages/cpu @ffff8000fdf5f000 s55832 r8192 d30184 u94208
[    0.000000] Detected VIPT I-cache on CPU0
[    0.000000] CPU features: enabling workaround for ARM erratum 845719
[    0.000000] Built 1 zonelists, mobility grouping on.  Total pages: 1027656
[    0.000000] Policy zone: DMA
[    0.000000] Kernel command line: earlycon=uart8250,mmio32,0xff130000 rw root=LABEL=linux-root rootwait rootfstype=ext4 init=/sbin/init coherent_pool=1M ethaddr=82:1d:da:1f:fd:31 eth1addr=82:1d:da:1f:fd:51 serial=2ddb74eed0071ba
[    0.000000] PID hash table entries: 4096 (order: 3, 32768 bytes)
[    0.000000] Memory: 4065340K/4175872K available (15932K kernel code, 1594K rwdata, 6420K rodata, 1216K init, 536K bss, 94148K reserved, 16384K cma-reserved)
[    0.000000] Virtual kernel memory layout:
[    0.000000]     modules : 0xffff000000000000 - 0xffff000008000000   (   128 MB)
[    0.000000]     vmalloc : 0xffff000008000000 - 0xffff7dffbfff0000   (129022 GB)
[    0.000000]       .text : 0xffff000008080000 - 0xffff000009010000   ( 15936 KB)
[    0.000000]     .rodata : 0xffff000009010000 - 0xffff000009660000   (  6464 KB)
[    0.000000]       .init : 0xffff000009660000 - 0xffff000009790000   (  1216 KB)
[    0.000000]       .data : 0xffff000009790000 - 0xffff00000991ea00   (  1595 KB)
[    0.000000]        .bss : 0xffff00000991ea00 - 0xffff0000099a4c78   (   537 KB)
[    0.000000]     fixed   : 0xffff7dfffe7fd000 - 0xffff7dfffec00000   (  4108 KB)
[    0.000000]     PCI I/O : 0xffff7dfffee00000 - 0xffff7dffffe00000   (    16 MB)
[    0.000000]     vmemmap : 0xffff7e0000000000 - 0xffff800000000000   (  2048 GB maximum)
[    0.000000]               0xffff7e0000008000 - 0xffff7e0003fc0000   (    63 MB actual)
[    0.000000]     memory  : 0xffff800000200000 - 0xffff8000ff000000   (  4078 MB)
[    0.000000] SLUB: HWalign=64, Order=0-3, MinObjects=0, CPUs=4, Nodes=1
[    0.000000] Preemptible hierarchical RCU implementation.
[    0.000000] 	RCU restricting CPUs from NR_CPUS=64 to nr_cpu_ids=4.
[    0.000000] 	Tasks RCU enabled.
[    0.000000] RCU: Adjusting geometry for rcu_fanout_leaf=16, nr_cpu_ids=4
[    0.000000] NR_IRQS: 64, nr_irqs: 64, preallocated irqs: 0
[    0.000000] GIC: Using split EOI/Deactivate mode
[    0.000000] arch_timer: cp15 timer(s) running at 24.00MHz (phys).
[    0.000000] clocksource: arch_sys_counter: mask: 0xffffffffffffff max_cycles: 0x588fe9dc0, max_idle_ns: 440795202592 ns
[    0.000005] sched_clock: 56 bits at 24MHz, resolution 41ns, wraps every 4398046511097ns
[    0.001860] Console: colour dummy device 80x25
[    0.002318] console [tty0] enabled
[    0.002648] bootconsole [uart8250] disabled
[    0.003117] Calibrating delay loop (skipped), value calculated using timer frequency.. 48.00 BogoMIPS (lpj=96000)
[    0.003151] pid_max: default: 32768 minimum: 301
[    0.003278] Security Framework initialized
[    0.005549] Dentry cache hash table entries: 524288 (order: 10, 4194304 bytes)
[    0.006707] Inode-cache hash table entries: 262144 (order: 9, 2097152 bytes)
[    0.006792] Mount-cache hash table entries: 8192 (order: 4, 65536 bytes)
[    0.006848] Mountpoint-cache hash table entries: 8192 (order: 4, 65536 bytes)
[    0.022454] ASID allocator initialised with 65536 entries
[    0.030442] Hierarchical SRCU implementation.
[    0.040288] EFI services will not be available.
[    0.046513] smp: Bringing up secondary CPUs ...
[    0.074682] Detected VIPT I-cache on CPU1
[    0.074741] CPU1: Booted secondary processor [410fd034]
[    0.102764] Detected VIPT I-cache on CPU2
[    0.102815] CPU2: Booted secondary processor [410fd034]
[    0.130853] Detected VIPT I-cache on CPU3
[    0.130899] CPU3: Booted secondary processor [410fd034]
[    0.130986] smp: Brought up 1 node, 4 CPUs
[    0.131076] SMP: Total of 4 processors activated.
[    0.131095] CPU features: detected feature: 32-bit EL0 Support
[    0.131298] CPU: All CPU(s) started at EL2
[    0.131338] alternatives: patching kernel code
[    0.133375] devtmpfs: initialized
[    0.143442] clocksource: jiffies: mask: 0xffffffff max_cycles: 0xffffffff, max_idle_ns: 7645041785100000 ns
[    0.143541] futex hash table entries: 1024 (order: 5, 131072 bytes)
[    0.144498] xor: measuring software checksum speed
[    0.182929]    8regs     :  1151.000 MB/sec
[    0.222983]    8regs_prefetch:  1027.000 MB/sec
[    0.263035]    32regs    :  1415.000 MB/sec
[    0.303092]    32regs_prefetch:  1190.000 MB/sec
[    0.303112] xor: using function: 32regs (1415.000 MB/sec)
[    0.303139] pinctrl core: initialized pinctrl subsystem
[    0.305155] DMI not present or invalid.
[    0.305650] NET: Registered protocol family 16
[    0.315153] cpuidle: using governor menu
[    0.316681] vdso: 2 pages (1 code @ ffff000009016000, 1 data @ ffff000009795000)
[    0.316727] hw-breakpoint: found 6 breakpoint and 4 watchpoint registers.
[    0.318254] DMA: preallocated 1024 KiB pool for atomic allocations
[    0.318868] Serial: AMBA PL011 UART driver
[    0.366521] HugeTLB registered 2.00 MiB page size, pre-allocated 0 pages
[    0.435675] raid6: int64x1  gen()   192 MB/s
[    0.503756] raid6: int64x1  xor()   179 MB/s
[    0.571914] raid6: int64x2  gen()   326 MB/s
[    0.639956] raid6: int64x2  xor()   267 MB/s
[    0.708157] raid6: int64x4  gen()   513 MB/s
[    0.776268] raid6: int64x4  xor()   356 MB/s
[    0.844539] raid6: int64x8  gen()   490 MB/s
[    0.912614] raid6: int64x8  xor()   370 MB/s
[    0.980800] raid6: neonx1   gen()   351 MB/s
[    1.048840] raid6: neonx1   xor()   366 MB/s
[    1.117071] raid6: neonx2   gen()   568 MB/s
[    1.185181] raid6: neonx2   xor()   571 MB/s
[    1.253356] raid6: neonx4   gen()   756 MB/s
[    1.321430] raid6: neonx4   xor()   712 MB/s
[    1.389602] raid6: neonx8   gen()   833 MB/s
[    1.457740] raid6: neonx8   xor()   762 MB/s
[    1.457759] raid6: using algorithm neonx8 gen() 833 MB/s
[    1.457777] raid6: .... xor() 762 MB/s, rmw enabled
[    1.457796] raid6: using neon recovery algorithm
[    1.458267] ACPI: Interpreter disabled.
[    1.460997] vcc_host_5v: supplied by vcc_sys
[    1.461124] vcc_host1_5v: supplied by vcc_sys
[    1.462016] vgaarb: loaded
[    1.462411] SCSI subsystem initialized
[    1.463067] usbcore: registered new interface driver usbfs
[    1.463173] usbcore: registered new interface driver hub
[    1.463318] usbcore: registered new device driver usb
[    1.464308] media: Linux media interface: v0.10
[    1.464380] Linux video capture interface: v2.00
[    1.464516] pps_core: LinuxPPS API ver. 1 registered
[    1.464539] pps_core: Software ver. 5.3.6 - Copyright 2005-2007 Rodolfo Giometti <giometti@linux.it>
[    1.464592] PTP clock support registered
[    1.464850] EDAC MC: Ver: 3.0.0
[    1.465292] dmi: Firmware registration failed.
[    1.465635] Advanced Linux Sound Architecture Driver Initialized.
[    1.466233] Bluetooth: Core ver 2.22
[    1.466312] NET: Registered protocol family 31
[    1.466332] Bluetooth: HCI device and connection manager initialized
[    1.466360] Bluetooth: HCI socket layer initialized
[    1.466382] Bluetooth: L2CAP socket layer initialized
[    1.466427] Bluetooth: SCO socket layer initialized
[    1.467041] NetLabel: Initializing
[    1.467068] NetLabel:  domain hash size = 128
[    1.467084] NetLabel:  protocols = UNLABELED CIPSOv4 CALIPSO
[    1.467189] NetLabel:  unlabeled traffic allowed by default
[    1.468300] clocksource: Switched to clocksource arch_sys_counter
[    1.468508] VFS: Disk quotas dquot_6.6.0
[    1.468592] VFS: Dquot-cache hash table entries: 512 (order 0, 4096 bytes)
[    1.468854] pnp: PnP ACPI: disabled
[    1.478223] NET: Registered protocol family 2
[    1.478987] TCP established hash table entries: 32768 (order: 6, 262144 bytes)
[    1.479561] TCP bind hash table entries: 32768 (order: 7, 524288 bytes)
[    1.480377] TCP: Hash tables configured (established 32768 bind 32768)
[    1.480594] UDP hash table entries: 2048 (order: 4, 65536 bytes)
[    1.480772] UDP-Lite hash table entries: 2048 (order: 4, 65536 bytes)
[    1.481201] NET: Registered protocol family 1
[    1.481611] RPC: Registered named UNIX socket transport module.
[    1.481635] RPC: Registered udp transport module.
[    1.481654] RPC: Registered tcp transport module.
[    1.481672] RPC: Registered tcp NFSv4.1 backchannel transport module.
[    1.481894] Trying to unpack rootfs image as initramfs...
[    1.659296] Freeing initrd memory: 2120K
[    1.660755] hw perfevents: enabled with armv8_cortex_a53 PMU driver, 7 counters available
[    1.661084] kvm [1]: 8-bit VMID
[    1.661106] kvm [1]: IDMAP page: 2ff8000
[    1.661124] kvm [1]: HYP VA range: 800000000000:ffffffffffff
[    1.662342] kvm [1]: Hyp mode initialized successfully
[    1.662495] kvm [1]: vgic-v2@ff814000
[    1.662618] kvm [1]: vgic interrupt IRQ1
[    1.662648] kvm [1]: virtual timer IRQ4
[    1.666345] audit: initializing netlink subsys (disabled)
[    1.666520] audit: type=2000 audit(1.660:1): state=initialized audit_enabled=0 res=1
[    1.667019] workingset: timestamp_bits=44 max_order=20 bucket_order=0
[    1.677208] squashfs: version 4.0 (2009/01/31) Phillip Lougher
[    1.678158] NFS: Registering the id_resolver key type
[    1.678214] Key type id_resolver registered
[    1.678233] Key type id_legacy registered
[    1.678261] nfs4filelayout_init: NFSv4 File Layout Driver Registering...
[    1.678283] Installing knfsd (copyright (C) 1996 okir@monad.swb.de).
[    1.679471] fuse init (API version 7.26)
[    1.680269] 9p: Installing v9fs 9p2000 file system support
[    1.689226] NET: Registered protocol family 38
[    1.689362] Key type asymmetric registered
[    1.689639] Block layer SCSI generic (bsg) driver version 0.4 loaded (major 246)
[    1.689821] io scheduler noop registered
[    1.690179] io scheduler cfq registered (default)
[    1.690205] io scheduler mq-deadline registered
[    1.690223] io scheduler kyber registered
[    1.708096] dma-pl330 ff1f0000.dmac: Loaded driver for PL330 DMAC-241330
[    1.708137] dma-pl330 ff1f0000.dmac: 	DBUFF-128x8bytes Num_Chans-8 Num_Peri-20 Num_Events-16
[    1.716373] Serial: 8250/16550 driver, 4 ports, IRQ sharing enabled
[    1.718739] ff130000.serial: ttyS2 at MMIO 0xff130000 (irq = 12, base_baud = 1500000) is a 16550A
[    1.809794] console [ttyS2] enabled
[    1.811395] SuperH (H)SCI(F) driver initialized
[    1.812403] msm_serial: driver initialized
[    1.835212] brd: module loaded
[    1.843428] loop: module loaded
[    1.865160] rockchip-spi ff190000.spi: Failed to request TX DMA channel
[    1.865774] rockchip-spi ff190000.spi: Failed to request RX DMA channel
[    1.867261] m25p80 spi0.0: found gd25q128, expected m25p128
[    1.869549] m25p80 spi0.0: gd25q128 (16384 Kbytes)
[    1.873629] 6 ofpart partitions found on MTD device spi0.0
[    1.874138] Creating 6 MTD partitions on "spi0.0":
[    1.874578] 0x000000000000-0x000000008000 : "system"
[    1.876198] 0x000000008000-0x000000400000 : "loader"
[    1.877857] 0x000000400000-0x0000007c0000 : "reserved"
[    1.879376] 0x0000007c0000-0x000000800000 : "vendor"
[    1.880997] 0x000000800000-0x000000c00000 : "uboot"
[    1.882496] 0x000000c00000-0x000001000000 : "atf"
[    1.886523] libphy: Fixed MDIO Bus: probed
[    1.888270] tun: Universal TUN/TAP device driver, 1.6
[    1.890598] e1000e: Intel(R) PRO/1000 Network Driver - 3.2.6-k
[    1.891137] e1000e: Copyright(c) 1999 - 2015 Intel Corporation.
[    1.891742] igb: Intel(R) Gigabit Ethernet Network Driver - version 5.4.0-k
[    1.892431] igb: Copyright (c) 2007-2014 Intel Corporation.
[    1.893011] igbvf: Intel(R) Gigabit Virtual Function Network Driver - version 2.4.0-k
[    1.893717] igbvf: Copyright (c) 2009 - 2012 Intel Corporation.
[    1.894827] sky2: driver version 1.30
[    1.897167] rk_gmac-dwmac ff540000.ethernet: PTP uses main clock
[    1.897836] rk_gmac-dwmac ff540000.ethernet: clock input or output? (input).
[    1.898479] rk_gmac-dwmac ff540000.ethernet: TX delay(0x26).
[    1.898995] rk_gmac-dwmac ff540000.ethernet: RX delay(0x11).
[    1.899512] rk_gmac-dwmac ff540000.ethernet: integrated PHY? (no).
[    1.900179] rk_gmac-dwmac ff540000.ethernet: clock input from PHY
[    1.905844] rk_gmac-dwmac ff540000.ethernet: init for RGMII
[    1.906398] stmmac - user ID: 0x10, Synopsys ID: 0x35
[    1.906862] rk_gmac-dwmac ff540000.ethernet: Ring mode enabled
[    1.907390] rk_gmac-dwmac ff540000.ethernet: DMA HW capability register supported
[    1.908065] rk_gmac-dwmac ff540000.ethernet: Normal descriptors
[    1.908861] rk_gmac-dwmac ff540000.ethernet: RX Checksum Offload Engine supported
[    1.909541] rk_gmac-dwmac ff540000.ethernet: COE Type 2
[    1.910015] rk_gmac-dwmac ff540000.ethernet: TX Checksum insertion supported
[    1.910649] rk_gmac-dwmac ff540000.ethernet: Wake-Up On Lan supported
[    1.911283] rk_gmac-dwmac ff540000.ethernet: Enable RX Mitigation via HW Watchdog Timer
[    2.009257] libphy: stmmac: probed
[    2.009593] RTL8211F Gigabit Ethernet stmmac-0:00: attached PHY driver [RTL8211F Gigabit Ethernet] (mii_bus:phy_addr=stmmac-0:00, irq=POLL)
[    2.010714] RTL8211F Gigabit Ethernet stmmac-0:01: attached PHY driver [RTL8211F Gigabit Ethernet] (mii_bus:phy_addr=stmmac-0:01, irq=POLL)
[    2.012693] rk_gmac-dwmac ff550000.ethernet: PTP uses main clock
[    2.013377] rk_gmac-dwmac ff550000.ethernet: clock input or output? (output).
[    2.014028] rk_gmac-dwmac ff550000.ethernet: Can not read property: tx_delay.
[    2.014671] rk_gmac-dwmac ff550000.ethernet: set tx_delay to 0x30
[    2.015223] rk_gmac-dwmac ff550000.ethernet: Can not read property: rx_delay.
[    2.015866] rk_gmac-dwmac ff550000.ethernet: set rx_delay to 0x10
[    2.016459] rk_gmac-dwmac ff550000.ethernet: integrated PHY? (yes).
[    2.017167] rk_gmac-dwmac ff550000.ethernet: cannot get clock clk_mac_refout
[    2.022838] rk_gmac-dwmac ff550000.ethernet: init for RMII
[    2.060347] stmmac - user ID: 0x10, Synopsys ID: 0x35
[    2.060811] rk_gmac-dwmac ff550000.ethernet: Ring mode enabled
[    2.061341] rk_gmac-dwmac ff550000.ethernet: DMA HW capability register supported
[    2.062017] rk_gmac-dwmac ff550000.ethernet: Normal descriptors
[    2.062552] rk_gmac-dwmac ff550000.ethernet: RX Checksum Offload Engine supported
[    2.063225] rk_gmac-dwmac ff550000.ethernet: COE Type 2
[    2.063698] rk_gmac-dwmac ff550000.ethernet: TX Checksum insertion supported
[    2.064357] rk_gmac-dwmac ff550000.ethernet: Wake-Up On Lan supported
[    2.064979] rk_gmac-dwmac ff550000.ethernet: Enable RX Mitigation via HW Watchdog Timer
[    2.065830] libphy: stmmac: probed
[    2.071117] pegasus: v0.9.3 (2013/04/25), Pegasus/Pegasus II USB Ethernet driver
[    2.071890] usbcore: registered new interface driver pegasus
[    2.072507] usbcore: registered new interface driver rtl8150
[    2.073085] usbcore: registered new interface driver r8152
[    2.073658] usbcore: registered new interface driver asix
[    2.074224] usbcore: registered new interface driver ax88179_178a
[    2.074835] usbcore: registered new interface driver cdc_ether
[    2.075420] usbcore: registered new interface driver dm9601
[    2.075990] usbcore: registered new interface driver CoreChips
[    2.076629] usbcore: registered new interface driver smsc75xx
[    2.077220] usbcore: registered new interface driver smsc95xx
[    2.077801] usbcore: registered new interface driver net1080
[    2.078381] usbcore: registered new interface driver plusb
[    2.078937] usbcore: registered new interface driver cdc_subset
[    2.079529] usbcore: registered new interface driver MOSCHIP usb-ethernet driver
[    2.080269] usbcore: registered new interface driver cdc_ncm
[    2.081047] VFIO - User Level meta-driver version: 0.3
[    2.085669] dwc2 ff580000.usb: ff580000.usb supply vusb_d not found, using dummy regulator
[    2.086505] dwc2 ff580000.usb: ff580000.usb supply vusb_a not found, using dummy regulator
[    2.099766] dwc2 ff580000.usb: DWC OTG Controller
[    2.100238] dwc2 ff580000.usb: new USB bus registered, assigned bus number 1
[    2.100931] dwc2 ff580000.usb: irq 21, io mem 0xff580000
[    2.102263] hub 1-0:1.0: USB hub found
[    2.102653] hub 1-0:1.0: 1 port detected
[    2.104357] ehci_hcd: USB 2.0 'Enhanced' Host Controller (EHCI) Driver
[    2.104958] ehci-pci: EHCI PCI platform driver
[    2.105447] ehci-platform: EHCI generic platform driver
[    2.108360] ehci-platform ff5c0000.usb: EHCI Host Controller
[    2.108904] ehci-platform ff5c0000.usb: new USB bus registered, assigned bus number 2
[    2.110080] ehci-platform ff5c0000.usb: irq 22, io mem 0xff5c0000
[    2.124321] ehci-platform ff5c0000.usb: USB 2.0 started, EHCI 1.00
[    2.125682] hub 2-0:1.0: USB hub found
[    2.126075] hub 2-0:1.0: 1 port detected
[    2.126946] ehci-orion: EHCI orion driver
[    2.127536] ehci-exynos: EHCI EXYNOS driver
[    2.128099] ehci-msm: Qualcomm On-Chip EHCI Host Controller
[    2.128804] ohci_hcd: USB 1.1 'Open' Host Controller (OHCI) Driver
[    2.129384] ohci-pci: OHCI PCI platform driver
[    2.129889] ohci-platform: OHCI generic platform driver
[    2.130716] ohci-platform ff5d0000.usb: Generic Platform OHCI controller
[    2.131347] ohci-platform ff5d0000.usb: new USB bus registered, assigned bus number 3
[    2.132432] ohci-platform ff5d0000.usb: irq 23, io mem 0xff5d0000
[    2.197115] hub 3-0:1.0: USB hub found
[    2.197509] hub 3-0:1.0: 1 port detected
[    2.198373] ohci-exynos: OHCI EXYNOS driver
[    2.199481] xhci-hcd xhci-hcd.0.auto: xHCI Host Controller
[    2.200010] xhci-hcd xhci-hcd.0.auto: new USB bus registered, assigned bus number 4
[    2.201608] xhci-hcd xhci-hcd.0.auto: hcc params 0x0220fe64 hci version 0x110 quirks 0x02010010
[    2.202458] xhci-hcd xhci-hcd.0.auto: irq 157, io mem 0xff600000
[    2.203791] hub 4-0:1.0: USB hub found
[    2.204185] hub 4-0:1.0: 1 port detected
[    2.205068] xhci-hcd xhci-hcd.0.auto: xHCI Host Controller
[    2.205589] xhci-hcd xhci-hcd.0.auto: new USB bus registered, assigned bus number 5
[    2.206364] usb usb5: We don't know the algorithms for LPM for this host, disabling LPM.
[    2.207808] hub 5-0:1.0: USB hub found
[    2.208193] hub 5-0:1.0: 1 port detected
[    2.209400] usbcore: registered new interface driver uas
[    2.210076] usbcore: registered new interface driver usb-storage
[    2.215237] i2c /dev entries driver
[    2.218844] rk808 1-0018: chip id: 0x8050
[    2.225225] rk808-regulator rk808-regulator: there is no dvs0 gpio
[    2.225806] rk808-regulator rk808-regulator: there is no dvs1 gpio
[    2.226409] DCDC_REG1: mapping for mode 1 not defined
[    2.226872] DCDC_REG1: mapping for mode 2 not defined
[    2.227407] DCDC_REG1: supplied by vcc_sys
[    2.229986] DCDC_REG2: mapping for mode 1 not defined
[    2.230459] DCDC_REG2: mapping for mode 2 not defined
[    2.230983] DCDC_REG2: supplied by vcc_sys
[    2.232843] DCDC_REG3: mapping for mode 1 not defined
[    2.233315] DCDC_REG3: mapping for mode 2 not defined
[    2.233838] DCDC_REG3: supplied by vcc_sys
[    2.234463] DCDC_REG4: mapping for mode 1 not defined
[    2.234929] DCDC_REG4: mapping for mode 2 not defined
[    2.235444] DCDC_REG4: supplied by vcc_sys
[    2.237066] LDO_REG1: supplied by vcc_io
[    2.240870] LDO_REG2: supplied by vcc_io
[    2.244654] LDO_REG3: supplied by vcc_sys
[    2.258869] rk808-rtc rk808-rtc: rtc core: registered rk808-rtc as rtc0
[    2.262370] input: rk805 pwrkey as /devices/platform/ff160000.i2c/i2c-1/1-0018/rk805-pwrkey/input/input0
[    2.263605] rk3x-i2c ff160000.i2c: Initialized RK3xxx I2C bus at ffff00000a015000
[    2.265883] IR NEC protocol handler initialized
[    2.266308] IR RC5(x/sz) protocol handler initialized
[    2.266763] IR RC6 protocol handler initialized
[    2.267172] IR JVC protocol handler initialized
[    2.267580] IR Sony protocol handler initialized
[    2.267998] IR SANYO protocol handler initialized
[    2.268454] IR Sharp protocol handler initialized
[    2.268880] IR MCE Keyboard/mouse protocol handler initialized
[    2.269404] IR XMP protocol handler initialized
[    2.274725] Bluetooth: HCI UART driver ver 2.3
[    2.277956] pwrseq_simple: probe of sdio-pwrseq failed with error -16
[    2.278750] sdhci: Secure Digital Host Controller Interface driver
[    2.279303] sdhci: Copyright(c) Pierre Ossman
[    2.279942] Synopsys Designware Multimedia Card Interface Driver
[    2.281436] dwmmc_rockchip ff520000.dwmmc: 'num-slots' was deprecated.
[    2.282153] dwmmc_rockchip ff520000.dwmmc: IDMAC supports 32-bit address mode.
[    2.282995] dwmmc_rockchip ff520000.dwmmc: Using internal DMA controller.
[    2.283602] dwmmc_rockchip ff520000.dwmmc: Version ID is 270a
[    2.284149] dwmmc_rockchip ff520000.dwmmc: DW MMC controller at irq 17,32 bit host data width,256 deep fifo
[    2.285083] mmc_host mmc0: card is non-removable.
[    2.304364] mmc_host mmc0: Bus speed (slot 0) = 400000Hz (slot req 400000Hz, actual 400000HZ div = 0)
[    2.325369] dwmmc_rockchip ff500000.dwmmc: 'num-slots' was deprecated.
[    2.326175] dwmmc_rockchip ff500000.dwmmc: IDMAC supports 32-bit address mode.
[    2.327139] dwmmc_rockchip ff500000.dwmmc: Using internal DMA controller.
[    2.327781] dwmmc_rockchip ff500000.dwmmc: Version ID is 270a
[    2.328437] dwmmc_rockchip ff500000.dwmmc: DW MMC controller at irq 18,32 bit host data width,256 deep fifo
[    2.329460] vcc_sd: supplied by vcc_io
[    2.330121] dwmmc_rockchip ff500000.dwmmc: Got CD GPIO
[    2.348367] mmc_host mmc1: Bus speed (slot 0) = 400000Hz (slot req 400000Hz, actual 400000HZ div = 0)
[    2.360390] mmc_host mmc0: Bus speed (slot 0) = 300000Hz (slot req 300000Hz, actual 300000HZ div = 0)
[    2.369898] sdhci-pltfm: SDHCI platform and OF driver helper
[    2.376168] ledtrig-cpu: registered to indicate activity on CPUs
[    2.378531] usbcore: registered new interface driver usbhid
[    2.379048] usbhid: USB HID core driver
[    2.383377] Netfilter messages via NETLINK v0.30.
[    2.383817] nfnl_acct: registering with nfnetlink.
[    2.384507] nf_conntrack version 0.5.0 (16384 buckets, 65536 max)
[    2.385236] ctnetlink v0.93: registering with nfnetlink.
[    2.385860] nf_tables: (c) 2007-2009 Patrick McHardy <kaber@trash.net>
[    2.386615] xt_time: kernel timezone is -0000
[    2.387016] IPVS: Registered protocols ()
[    2.387678] IPVS: Connection hash table configured (size=4096, memory=64Kbytes)
[    2.388596] IPVS: ipvs loaded.
[    2.388882] IPVS: [rr] scheduler registered.
[    2.389474] ip_tables: (C) 2000-2006 Netfilter Core Team
[    2.390214] Initializing XFRM netlink socket
[    2.391086] NET: Registered protocol family 10
[    2.392243] Segment Routing with IPv6
[    2.392676] ip6_tables: (C) 2000-2006 Netfilter Core Team
[    2.393555] sit: IPv6, IPv4 and MPLS over IPv4 tunneling driver
[    2.394512] NET: Registered protocol family 17
[    2.394956] bridge: filtering via arp/ip/ip6tables is no longer available by default. Update your scripts to load br_netfilter if you need this.
[    2.396097] Bluetooth: HIDP (Human Interface Emulation) ver 1.2
[    2.396792] Bluetooth: HIDP socket layer initialized
[    2.397269] 8021q: 802.1Q VLAN Support v1.8
[    2.397670] 9pnet: Installing 9P2000 support
[    2.398105] Key type dns_resolver registered
[    2.399162] registered taskstats version 1
[    2.400537] Btrfs loaded, crc32c=crc32c-generic
[    2.410008] mmc_host mmc1: Bus speed (slot 0) = 50000000Hz (slot req 50000000Hz, actual 50000000HZ div = 0)
[    2.410893] rk808-rtc rk808-rtc: setting system clock to 2017-12-06 09:38:07 UTC (1512553087)
[    2.410938] mmc1: new high speed SDHC card at address 0007
[    2.411368] mmcblk1: mmc1:0007 SD16G 14.4 GiB 
[    2.413348] ALSA device list:
[    2.413625]   No soundcards found.
[    2.414195] of_dma_request_slave_channel: dma-names property of node '/serial@ff130000' missing or empty
[    2.415037] ttyS2 - failed to request DMA
[    2.415831] Freeing unused kernel memory: 1216K
Loading, please wait...
[    2.420393] mmc_host mmc0: Bus speed (slot 0) = 200000Hz (slot req 200000Hz, actual 200000HZ div = 0)
[    2.421412]  mmcblk1: p1 p2 p3 p4 p5 p6 p7
[    2.445118] systemd-udevd[1942]: starting version 215
[    2.484425] mmc_host mmc0: Bus speed (slot 0) = 100000Hz (slot req 100000Hz, actual 100000HZ div = 0)
Begin: Loading essential drivers ... done.
Begin: Running /scripts/init-premount ... done.
Begin: Mounting root file system ... Begin: Running /scripts/local-top ... done.
Begin: Running /scripts/local-premount ... done.
Begin: Will now check root file system ... fsck from util-linux 2.25.2
fsck: error 2 (No such file or directory) while executing fsck.ext4 for /dev/mmcblk1p7
fsck exited with status code 8
done.
Warning: File system check failed but did not detect errors
[    3.340348] usb 1-1: new high-speed USB device number 2 using dwc2
[    3.823775] usb-storage 1-1:1.0: USB Mass Storage device detected
[    3.825809] scsi host0: usb-storage 1-1:1.0
[    4.854280] scsi 0:0:0:0: Direct-Access              Patriot Memory   PMAP PQ: 0 ANSI: 4
[    6.633849] sd 0:0:0:0: [sda] 60604416 512-byte logical blocks: (31.0 GB/28.9 GiB)
[    6.636415] sd 0:0:0:0: [sda] Write Protect is off
[    6.638729] sd 0:0:0:0: [sda] No Caching mode page found
[    6.639230] sd 0:0:0:0: [sda] Assuming drive cache: write through
[    6.671922]  sda: sda1
[    6.678494] sd 0:0:0:0: [sda] Attached SCSI removable disk
[    7.979557] EXT4-fs (mmcblk1p7): mounted filesystem with writeback data mode. Opts: (null)
done.
Begin: Running /scripts/local-bottom ... done.
Begin: Running /scripts/init-bottom ... done.
[    8.964170] systemd[1]: systemd 215 running in system mode. (+PAM +AUDIT +SELINUX +IMA +SYSVINIT +LIBCRYPTSETUP +GCRYPT +ACL +XZ -SECCOMP -APPARMOR)
[    8.965658] systemd[1]: Detected architecture 'arm64'.

Welcome to Debian GNU/Linux 8 (jessie)!

[    8.990236] systemd[1]: Set hostname to <rock64>.
[    9.386293] systemd[1]: Cannot add dependency job for unit display-manager.service, ignoring: Unit display-manager.service failed to load: No such file or directory.
[    9.389060] systemd[1]: Expecting device dev-ttyS2.device...
         Expecting device dev-ttyS2.device...
[    9.400433] systemd[1]: Starting Forward Password Requests to Wall Directory Watch.
[    9.401352] systemd[1]: Started Forward Password Requests to Wall Directory Watch.
[    9.402084] systemd[1]: Starting Remote File Systems (Pre).
[  OK  ] Reached target Remote File Systems (Pre).
[    9.412413] systemd[1]: Reached target Remote File Systems (Pre).
[    9.413166] systemd[1]: Set up automount Arbitrary Executable File Formats File System Automount Point.
[  OK  ] Reached target Paths.
[  OK  ] Reached target Encrypted Volumes.
[  OK  ] Reached target Swap.
[  OK  ] Created slice Root Slice.
[  OK  ] Listening on Delayed Shutdown Socket.
[  OK  ] Listening on /dev/initctl Compatibility Named Pipe.
[  OK  ] Listening on Journal Socket (/dev/log).
[  OK  ] Listening on udev Control Socket.
[  OK  ] Listening on udev Kernel Socket.
[  OK  ] Created slice User and Session Slice.
[  OK  ] Listening on Journal Socket.
[  OK  ] Created slice System Slice.
         Starting Increase datagram queue length...
         Starting Restore / save the current clock...
         Mounting Huge Pages File System...
         Starting Load Kernel Modules...
         Starting udev Coldplug all Devices...
         Mounting Debug File System...
         Starting Create list of required static device nodes...rrent kernel...
         Mounting POSIX Message Queue File System...
[  OK  ] Created slice system-getty.slice.
[  OK  ] Created slice system-serial\x2dgetty.slice.
         Starting Remount Root and Kernel File Systems...
[  OK  ] Reached target Slices.
         Expecting device dev-disk-by\x2dlabel-boot.device...
[  OK  ] Mounted POSIX Message Queue File System.
[  OK  ] Mounted Debug File System.
[  OK  ] Mounted Huge Pages File System.
[  OK  ] Started Increase datagram queue length.
[  OK  ] Started Restore / save the current clock.
[  OK  ] Started Load Kernel Modules.
[  OK  ] Started Create list of required static device nodes ...current kernel.
[  OK  ] Started Remount Root and Kernel File Systems.
[  OK  ] Started udev Coldplug all Devices.
         Starting Load/Save Random Seed...
         Starting Create Static Device Nodes in /dev...
         Mounting FUSE Control File System...
         Mounting Configuration File System...
         Starting Apply Kernel Variables...
[  OK  ] Listening on Syslog Socket.
         Starting Journal Service...
[  OK  ] Started Journal Service.
[  OK  ] Mounted Configuration File System.
[  OK  ] Mounted FUSE Control File System.
[  OK  ] Started Load/Save Random Seed.
[  OK  ] Started Apply Kernel Variables.
[  OK  ] Started Create Static Device Nodes in /dev.
         Starting udev Kernel Device Manager...
[  OK  ] Reached target Local File Systems (Pre).
[   10.139413] systemd-udevd[2042]: starting version 215
[  OK  ] Started udev Kernel Device Manager.
         Starting Copy rules generated while the root was ro...
[  OK  ] Started Copy rules generated while the root was ro.
[  OK  ] Found device /dev/ttyS2.
[  OK  ] Found device /dev/disk/by-label/boot.
         Mounting /boot/efi...
[  OK  ] Created slice system-ifup.slice.
[   10.756473] FAT-fs (mmcblk1p6): Volume was not properly unmounted. Some data may be corrupt. Please run fsck.
[  OK  ] Mounted /boot/efi.
[  OK  ] Reached target Local File Systems.
         Starting Create Volatile Files and Directories...
[  OK  ] Reached target Remote File Systems.
         Starting Trigger Flushing of Journal to Persistent Storage...
         Starting LSB: Raise network interfaces....
[   10.823159] systemd-journald[2040]: Received request to flush runtime journal from PID 1
[  OK  ] Started Trigger Flushing of Journal to Persistent Storage.
[  OK  ] Started Create Volatile Files and Directories.
         Starting Update UTMP about System Boot/Shutdown...
[  OK  ] Started Update UTMP about System Boot/Shutdown.
[   11.158195] RTL8211F Gigabit Ethernet stmmac-0:00: attached PHY driver [RTL8211F Gigabit Ethernet] (mii_bus:phy_addr=stmmac-0:00, irq=POLL)
[   11.262287] rk_gmac-dwmac ff540000.ethernet eth0: PTP not supported by HW
[   11.263269] IPv6: ADDRCONF(NETDEV_UP): eth0: link is not ready
[  OK  ] Started LSB: Raise network interfaces..
         Starting ifup for eth0...
[  OK  ] Started ifup for eth0.
[  OK  ] Reached target Network.
[  OK  ] Reached target Network is Online.
[  OK  ] Reached target System Initialization.
[  OK  ] Listening on Avahi mDNS/DNS-SD Stack Activation Socket.
[  OK  ] Listening on D-Bus System Message Bus Socket.
[  OK  ] Reached target Sockets.
[  OK  ] Reached target Timers.
         Starting Restore Sound Card State...
[  OK  ] Reached target Basic System.
         Starting Network Manager...
         Starting System Logging Service...
         Starting OpenBSD Secure Shell server...
[  OK  ] Started OpenBSD Secure Shell server.
         Starting Rock 64 First boot...
         Starting Regular background program processing daemon...
[  OK  ] Started Regular background program processing daemon.
         Starting Avahi mDNS/DNS-SD Stack...
         Starting /etc/rc.local Compatibility...
         Starting D-Bus System Message Bus...
[  OK  ] Started D-Bus System Message Bus.
[  OK  ] Started Avahi mDNS/DNS-SD Stack.
         Starting Login Service...
         Starting Permit User Sessions...
         Starting LSB: IPv4 DHCP client with IPv4LL support...
         Starting LSB: Start NTP daemon...
         Starting LSB: Start/stop sysstat's sadc...
         Starting LSB: start DirMngr daemon...
[  OK  ] Started System Logging Service.
[  OK  ] Started Restore Sound Card State.
[  OK  ] Started Rock 64 First boot.
[  OK  ] Started /etc/rc.local Compatibility.
[  OK  ] Started Permit User Sessions.
         Starting Serial Getty on ttyS2...
[  OK  ] Started Serial Getty on ttyS2.
         Starting Getty on tty1...
[  OK  ] Started Getty on tty1.
[  OK  ] Reached target Login Prompts.
[  OK  ] Started LSB: Start/stop sysstat's sadc.
[  OK  ] Started Login Service.
[   12.606402] Rockchip integrated EPHY stmmac-1:00: attached PHY driver [Rockchip integrated EPHY] (mii_bus:phy_addr=stmmac-1:00, irq=POLL)
[  OK  ] Started LSB: Start NTP daemon.
[   12.708337] rk_gmac-dwmac ff550000.ethernet eth1: PTP not supported by HW
[   12.709140] IPv6: ADDRCONF(NETDEV_UP): eth1: link is not ready
[  OK  ] Started LSB: start DirMngr daemon.
         Starting Authenticate and Authorize Users to Run Privileged Tasks...
[   13.313816] rk_gmac-dwmac ff540000.ethernet eth0: Link is Up - 100Mbps/Half - flow control off
[   13.314607] IPv6: ADDRCONF(NETDEV_CHANGE): eth0: link becomes ready
[   13.968533] random: crng init done

Debian GNU/Linux 8 rock64 ttyS2

rock64 login: root
Password: 

Login incorrect
rock64 login: rock64
Password: 
Last login: Wed Dec  6 03:34:16 UTC 2017 on ttyS2
Linux rock64 4.14.0-rc2 #2 SMP PREEMPT Tue Dec 5 20:07:11 MST 2017 aarch64

The programs included with the Debian GNU/Linux system are free software;
the exact distribution terms for each program are described in the
individual files in /usr/share/doc/*/copyright.

Debian GNU/Linux comes with ABSOLUTELY NO WARRANTY, to the extent
permitted by applicable law.
rock64@rock64:~$ ssync
-bash: ssync: command not found
rock64@rock64:~$ sync
rock64@rock64:~$ sudo su -
[sudo] password for rock64: 
root@rock64:~# ls
config.gz
linux-4.14-rc2.tar.gz
linux-image-4.14.0-rockchip-ayufan-140-gee914538_0.6.0_arm64.deb
root@rock64:~# ifconfig
dummy0    Link encap:Ethernet  HWaddr a6:ae:71:86:49:ab  
          inet6 addr: fe80::a4ae:71ff:fe86:49ab/64 Scope:Link
          UP BROADCAST RUNNING NOARP  MTU:1500  Metric:1
          RX packets:0 errors:0 dropped:0 overruns:0 frame:0
          TX packets:10 errors:0 dropped:0 overruns:0 carrier:0
          collisions:0 txqueuelen:1000 
          RX bytes:0 (0.0 B)  TX bytes:2230 (2.1 KiB)

eth0      Link encap:Ethernet  HWaddr 82:1d:da:1f:fd:31  
          inet addr:169.254.237.182  Bcast:169.254.255.255  Mask:255.255.0.0
          inet6 addr: fe80::801d:daff:fe1f:fd31/64 Scope:Link
          UP BROADCAST RUNNING MULTICAST  MTU:1500  Metric:1
          RX packets:0 errors:0 dropped:0 overruns:0 frame:0
          TX packets:75 errors:0 dropped:0 overruns:0 carrier:0
          collisions:0 txqueuelen:1000 
          RX bytes:0 (0.0 B)  TX bytes:14147 (13.8 KiB)
          Interrupt:19 

eth1      Link encap:Ethernet  HWaddr 82:1d:da:1f:fd:51  
          UP BROADCAST MULTICAST  MTU:1500  Metric:1
          RX packets:0 errors:0 dropped:0 overruns:0 frame:0
          TX packets:0 errors:0 dropped:0 overruns:0 carrier:0
          collisions:0 txqueuelen:1000 
          RX bytes:0 (0.0 B)  TX bytes:0 (0.0 B)
          Interrupt:20 

lo        Link encap:Local Loopback  
          inet addr:127.0.0.1  Mask:255.0.0.0
          inet6 addr: ::1/128 Scope:Host
          UP LOOPBACK RUNNING  MTU:65536  Metric:1
          RX packets:320 errors:0 dropped:0 overruns:0 frame:0
          TX packets:320 errors:0 dropped:0 overruns:0 carrier:0
          collisions:0 txqueuelen:1000 
          RX bytes:25920 (25.3 KiB)  TX bytes:25920 (25.3 KiB)

sit0      Link encap:IPv6-in-IPv4  
          inet6 addr: ::127.0.0.1/96 Scope:Unknown
          UP RUNNING NOARP  MTU:1480  Metric:1
          RX packets:0 errors:0 dropped:0 overruns:0 frame:0
          TX packets:0 errors:5 dropped:0 overruns:5 carrier:0
          collisions:0 txqueuelen:1000 
          RX bytes:0 (0.0 B)  TX bytes:0 (0.0 B)

root@rock64:~# cd /boot/efi
root@rock64:/boot/efi# ls
Image	   Image4.14  dtb.bak  extlinux    initrd.img.bak  origdtb
Image.bak  dtb	      dtb4.14  initrd.img  origImage	   originitrd.img
root@rock64:/boot/efi# cd ext*
root@rock64:/boot/efi/extlinux# ls
extlinux.conf  origextlinux.conf
root@rock64:/boot/efi/extlinux# vi ext*
"extlinux.conf" 5L, 259Clabel kernel-4.4
    kernel /Image
    initrd /initrd.img
    fdt /dtb
    append earlycon=uart8250,mmio32,0xff130000 rw root=LABEL=linux-root rootwaitt rootfstype=ext4 init=/sbin/init coherent_pool=1M ethaddr=${ethaddr} eth1addr=${{eth1addr} serial=${serial#}
~
~
~
~
~
~
~
~
~
~
~
~
~
~
~
~1,1All23452345678910123456789201234567893012345678940123456789501234567896012inux-root rootwait  rootfstype=ext4 init=/sbin/init coherent_pool=1M ethaddr=${ethaddr} eth1addr=${eeth1addr} serial=${serial#}nux-root rootwait rrootfstype=ext4 init=/sbin/init coherent_pool=1M ethaddr=${ethaddr} eth1addr=${etth1addr} serial=${serial#}ux-root rootwait roootfstype=ext4 init=/sbin/init coherent_pool=1M ethaddr=${ethaddr} eth1addr=${ethh1addr} serial=${serial#}x-root rootwait roootfstype=ext4 init=/sbin/init coherent_pool=1M ethaddr=${ethaddr} eth1addr=${eth11addr} serial=${serial#}-root rootwait roottfstype=ext4 init=/sbin/init coherent_pool=1M ethaddr=${ethaddr} eth1addr=${eth1aaddr} serial=${serial#}root rootwait rootffstype=ext4 init=/sbin/init coherent_pool=1M ethaddr=${ethaddr} eth1addr=${eth1adddr} serial=${serial#}oot rootwait rootfsstype=ext4 init=/sbin/init coherent_pool=1M ethaddr=${ethaddr} eth1addr=${eth1adddr} serial=${serial#}ot rootwait rootfsttype=ext4 init=/sbin/init coherent_pool=1M ethaddr=${ethaddr} eth1addr=${eth1addrr} serial=${serial#}t rootwait rootfstyype=ext4 init=/sbin/init coherent_pool=1M ethaddr=${ethaddr} eth1addr=${eth1addr}} serial=${serial#} rootwait rootfstyppe=ext4 init=/sbin/init coherent_pool=1M ethaddr=${ethaddr} eth1addr=${eth1addr}  serial=${serial#}-- INSERT --5,62Allr rootwait rootfstyype=ext4 init=/sbin/init coherent_pool=1M ethaddr=${ethaddr} eth1addr=${eth1addr}} serial=${serial#}3o rootwait rootfsttype=ext4 init=/sbin/init coherent_pool=1M ethaddr=${ethaddr} eth1addr=${eth1addrr} serial=${serial#}4o rootwait rootfsstype=ext4 init=/sbin/init coherent_pool=1M ethaddr=${ethaddr} eth1addr=${eth1adddr} serial=${serial#}5t rootwait rootffstype=ext4 init=/sbin/init coherent_pool=1M ethaddr=${ethaddr} eth1addr=${eth1adddr} serial=${serial#}6f rootwait roottfstype=ext4 init=/sbin/init coherent_pool=1M ethaddr=${ethaddr} eth1addr=${eth1aaddr} serial=${serial#}7s rootwait roootfstype=ext4 init=/sbin/init coherent_pool=1M ethaddr=${ethaddr} eth1addr=${eth11addr} serial=${serial#}85,67All:w"extlinux.conf" 5L, 255C written5,67All5,67All:qroot@rock64:/boot/efi/extlinux# sync
root@rock64:/boot/efi/extlinux# cd
root@rock64:~# echo ================ NOW REBOOTING INTO ARCH ( 
================ NOW REBOOTING INTO ARCH
root@rock64:~# sync
rebooroot@rock64:~# reboot
[  OK  ]          Stopping User Manager for UID 1000...
         Stopping Authenticate and Authorize Users to Run Privileged Tasks...
[  OK  ] Stopped target Graphical Interface.
[  OK  ] Stopped target Multi-User System.
         Stopping Network Manager...
         Stopping System Logging Service...
[  183.857141] IPv6: ADDRCONF(NETDEV_UP): eth1: link is not ready
         Stopping OpenBSD Secure Shell server...
         Stopping Regular background program processing daemon...
         Stopping Avahi mDNS/DNS-SD Stack...
         Stopping D-Bus System Message Bus...
[  OK  ] Stopped target Login Prompts.
         Stopping Getty on tty1...
         Stopping Serial Getty on ttyS2...
         Stopping LSB: IPv4 DHCP client with IPv4LL support...
         Stopping LSB: Start NTP daemon...
         Stopping LSB: Start/stop sysstat's sadc...
         Stopping LSB: start DirMngr daemon...
         Starting Store Sound Card State...
         Starting Unattended Upgrades...
[  OK  ] Stopped Network Manager.
[  OK  ] Stopped System Logging Service.
[  OK  ] Stopped OpenBSD Secure Shell server.
[  OK  ] Stopped Regular background program processing daemon.
[  OK  ] Stopped Avahi mDNS/DNS-SD Stack.
[  OK  ] Stopped D-Bus System Message Bus.
[  OK  ] Stopped Serial Getty on ttyS2.
[  OK  ] Stopped Getty on tty1.
[  OK  ] Stopped Authenticate and Authorize Users to Run Privileged Tasks.
[  OK  ] Stopped User Manager for UID 1000.
[  OK  ] Stopped LSB: Start NTP daemon.
[  OK  ] Stopped LSB: Start/stop sysstat's sadc.
[  OK  ] Stopped LSB: start DirMngr daemon.
[FAILED] Failed to start Store Sound Card State.
See 'systemctl status alsa-store.service' for details.
[  OK  ] Stopped LSB: IPv4 DHCP client with IPv4LL support.
[  OK  ] Stopped target Network is Online.
         Stopping Login Service...
[  OK  ] Removed slice user-1000.slice.
[  OK  ] Removed slice system-getty.slice.
         Stopping /etc/rc.local Compatibility...
[  OK  ] Stopped /etc/rc.local Compatibility.
[  OK  ] Removed slice system-serial\x2dgetty.slice.
         Stopping Permit User Sessions...
[  OK  ] Stopped Login Service.
[  OK  ] Stopped Permit User Sessions.
[  OK  ] Stopped target Network.
[  OK  ] Stopped target Remote File Systems.
[  OK  ] Stopped target Remote File Systems (Pre).
[  OK  ] Stopped target Basic System.
[  OK  ] Stopped target Slices.
[  OK  ] Stopped target Paths.
[  OK  ] Stopped target Timers.
[  OK  ] Stopped target Sockets.
[  OK  ] Closed Syslog Socket.
[  OK  ] Closed Avahi mDNS/DNS-SD Stack Activation Socket.
[  OK  ] Closed D-Bus System Message Bus Socket.
[  OK  ] Stopped target System Initialization.
         Stopping Restore / save the current clock...
[  OK  ] Stopped target Encrypted Volumes.
         Stopping Update UTMP about System Boot/Shutdown...
         Stopping LSB: Raise network interfaces....
[  OK  ] Stopped target Swap.
[  OK  ] Removed slice User and Session Slice.
[  OK  ] Stopped Restore / save the current clock.
[  OK  ] Stopped Update UTMP about System Boot/Shutdown.
         Stopping Create Volatile Files and Directories...
[  OK  ] Stopped Create Volatile Files and Directories.
[  OK  ] Started Unattended Upgrades.
[  OK  ] Stopped LSB: Raise network interfaces..
         Stopping Apply Kernel Variables...
[  OK  ] Stopped Apply Kernel Variables.
         Stopping Load Kernel Modules...
[  OK  ] Stopped Load Kernel Modules.
         Stopping Load/Save Random Seed...
[  OK  ] Stopped target Local File Systems.
         Unmounting /run/user/1000...
         Unmounting /boot/efi...
[  OK  ] Stopped Load/Save Random Seed.
[  OK  ] Unmounted /run/user/1000.
[  OK  ] Unmounted /boot/efi.
[  OK  ] Reached target Unmount All Filesystems.
[  OK  ] Stopped target Local File Systems (Pre).
         Stopping Create Static Device Nodes in /dev...
[  OK  ] Stopped Create Static Device Nodes in /dev.
         Stopping Remount Root and Kernel File Systems...
[  OK  ] Stopped Remount Root and Kernel File Systems.
[  OK  ] Reached target Shutdown.
[  185.984378] systemd-shutdow: 62 output lines suppressed due to ratelimiting
[  185.992106] systemd-shutdown[1]: Sending SIGTERM to remaining processes...
[  186.012665] systemd-journald[2040]: Received SIGTERM from PID 1 (systemd-shutdow).
[  186.029694] systemd-shutdown[1]: Sending SIGKILL to remaining processes...
[  186.049612] systemd-shutdown[1]: Unmounting file systems.
[  186.050698] systemd-shutdown[1]: Unmounting /sys/kernel/config.
[  186.072417] systemd-shutdown[1]: Unmounting /sys/fs/fuse/connections.
[  186.096355] systemd-shutdown[1]: Unmounting /dev/mqueue.
[  186.112331] systemd-shutdown[1]: Unmounting /dev/hugepages.
[  186.128338] systemd-shutdown[1]: Unmounting /sys/kernel/debug.
[  187.966894] EXT4-fs (mmcblk1p7): re-mounted. Opts: (null)
[  187.970924] EXT4-fs (mmcblk1p7): re-mounted. Opts: (null)
[  187.971418] EXT4-fs (mmcblk1p7): re-mounted. Opts: (null)
[  187.971925] systemd-shutdown[1]: All filesystems unmounted.
[  187.972600] systemd-shutdown[1]: Deactivating swaps.
[  187.990390] kvm: exiting hardware virtualization
[  188.008768] reboot: Restarting system
INFO:    PSCI Power Domain Map:
INFO:      Domain Node : Level 2, parent_node -1, State ON (0x0)
INFO:      Domain Node : Level 1, parent_node 0, State ON (0x0)
INFO:      Domain Node : Level 0, parent_node 0, State ON (0x0)
INFO:      Domain Node : Level 0, parent_node 0, State ON (0x0)
INFO:      CPU Node : MPID 0x0, parent_node 1, State ON (0x0)
INFO:      CPU Node : MPID 0x1, parent_node 1, State ON (0x0)
INFO:      CPU Node : MPID 0x2, parent_node 1, State ON (0x0)
INFO:      CPU Node : MPID 0x3, parent_node 1, State ON (0x0)
DDR version 1.06 20170424
In
SRX
LPDDR3
786MHz
Bus Width=32 Col=11 Bank=8 Row=15/15 CS=2 Die Bus-Width=32 Size=4096MB
ddrconfig:7
OUT
Boot1 Release Time: 2017-05-18, version: 2.43
ChipType = 0x11, 187
emmc reinit
emmc reinit
SdmmcInit=2 20
SdmmcInit=0 0
BootCapSize=0
UserCapSize=14756MB
FwPartOffset=2000 , 0
StorageInit ok = 49511
Raw SecureMode = 0
SecureInit read PBA: 0x4
SecureInit read PBA: 0x404
SecureInit read PBA: 0x804
SecureInit read PBA: 0xc04
SecureInit read PBA: 0x1004
SecureInit ret = 0, SecureMode = 0
LoadTrustBL
No find bl30.bin
No find bl32.bin
Load uboot, ReadLba = 2000
Load OK, addr=0x200000, size=0x9268c
RunBL31 0x10000
NOTICE:  BL31: v1.3(debug):f947c7e
NOTICE:  BL31: Built : 09:28:45, May 31 2017
NOTICE:  BL31:Rockchip release version: v1.3
INFO:    ARM GICv2 driver initialized
INFO:    Using opteed sec cpu_context!
INFO:    boot cpu mask: 1
INFO:    plat_rockchip_pmu_init: pd status 0xe
INFO:    BL31: Initializing runtime services
WARNING: No OPTEE provided by BL2 boot loader, Booting device without OPTEE initialization. SMC`s destined for OPTEE will return SMC_UNK
ERROR:   Error initializing runtime service opteed_fast
INFO:    BL31: Preparing for EL3 exit to normal world
INFO:    Entry point address = 0x200000
INFO:    SPSR = 0x3c9


U-Boot 2017.09-rc4-g22993de (Sep 14 2017 - 21:57:17 +0000), Build: jenkins-linux-build-rock-64-118

Model: Pine64 Rock64
DRAM:  4 GiB
MMC:   rksdmmc@ff500000: 1, rksdmmc@ff520000: 0
*** Warning - bad CRC, using default environment

In:    serial@ff130000
Out:   serial@ff130000
Err:   serial@ff130000
Model: Pine64 Rock64
normal boot
Net:   eth0: ethernet@ff540000
Hit any key to stop autoboot:  2  1  0 
Card did not respond to voltage select!
mmc_init: -95, time 9
switch to partitions #0, OK
mmc1 is current device
Scanning mmc 1:6...
Found /extlinux/extlinux.conf
Retrieving file: /extlinux/extlinux.conf
reading /extlinux/extlinux.conf
255 bytes read in 6 ms (41 KiB/s)
1:	kernel-4.4
Retrieving file: /initrd.img
reading /initrd.img
2173330 bytes read in 130 ms (15.9 MiB/s)
Retrieving file: /Image
reading /Image
25815552 bytes read in 1474 ms (16.7 MiB/s)
append: earlycon=uart8250,mmio32,0xff130000 rw root=LABEL=rootfs rootwait rootfstype=ext4 init=/sbin/init coherent_pool=1M ethaddr=82:1d:da:1f:fd:31 eth1addr=82:1d:da:1f:fd:51 serial=2ddb74eed0071ba
Retrieving file: /dtb
reading /dtb
35146 bytes read in 8 ms (4.2 MiB/s)
## Flattened Device Tree blob at 01f00000
   Booting using the fdt blob at 0x1f00000
   Loading Ramdisk to fcd08000, end fcf1a992 ... OK
   Loading Device Tree to 00000000fccfc000, end 00000000fcd07949 ... OK

Starting kernel ...

[    0.000000] Booting Linux on physical CPU 0x0
[    0.000000] Linux version 4.14.0-rc2 (koo@localhost.localdomain) (gcc version 7.2.0 (crosstool-NG crosstool-ng-1.23.0-275-g891f90d)) #2 SMP PREEMPT Tue Dec 5 20:07:11 MST 2017
[    0.000000] Boot CPU: AArch64 Processor [410fd034]
[    0.000000] Machine model: Pine64 Rock64
[    0.000000] earlycon: uart8250 at MMIO32 0x00000000ff130000 (options '')
[    0.000000] bootconsole [uart8250] enabled
[    0.000000] efi: Getting EFI parameters from FDT:
[    0.000000] efi: UEFI not found.
[    0.000000] cma: Reserved 16 MiB at 0x00000000fe000000
[    0.000000] NUMA: No NUMA configuration found
[    0.000000] NUMA: Faking a node at [mem 0x0000000000000000-0x00000000feffffff]
[    0.000000] NUMA: NODE_DATA [mem 0xfdfbea80-0xfdfc057f]
[    0.000000] Zone ranges:
[    0.000000]   DMA      [mem 0x0000000000200000-0x00000000feffffff]
[    0.000000]   Normal   empty
[    0.000000] Movable zone start for each node
[    0.000000] Early memory node ranges
[    0.000000]   node   0: [mem 0x0000000000200000-0x00000000feffffff]
[    0.000000] Initmem setup node 0 [mem 0x0000000000200000-0x00000000feffffff]
[    0.000000] psci: probing for conduit method from DT.
[    0.000000] psci: PSCIv1.0 detected in firmware.
[    0.000000] psci: Using standard PSCI v0.2 function IDs
[    0.000000] psci: MIGRATE_INFO_TYPE not supported.
[    0.000000] random: fast init done
[    0.000000] percpu: Embedded 23 pages/cpu @ffff8000fdf5f000 s55832 r8192 d30184 u94208
[    0.000000] Detected VIPT I-cache on CPU0
[    0.000000] CPU features: enabling workaround for ARM erratum 845719
[    0.000000] Built 1 zonelists, mobility grouping on.  Total pages: 1027656
[    0.000000] Policy zone: DMA
[    0.000000] Kernel command line: earlycon=uart8250,mmio32,0xff130000 rw root=LABEL=rootfs rootwait rootfstype=ext4 init=/sbin/init coherent_pool=1M ethaddr=82:1d:da:1f:fd:31 eth1addr=82:1d:da:1f:fd:51 serial=2ddb74eed0071ba
[    0.000000] PID hash table entries: 4096 (order: 3, 32768 bytes)
[    0.000000] Memory: 4065340K/4175872K available (15932K kernel code, 1594K rwdata, 6420K rodata, 1216K init, 536K bss, 94148K reserved, 16384K cma-reserved)
[    0.000000] Virtual kernel memory layout:
[    0.000000]     modules : 0xffff000000000000 - 0xffff000008000000   (   128 MB)
[    0.000000]     vmalloc : 0xffff000008000000 - 0xffff7dffbfff0000   (129022 GB)
[    0.000000]       .text : 0xffff000008080000 - 0xffff000009010000   ( 15936 KB)
[    0.000000]     .rodata : 0xffff000009010000 - 0xffff000009660000   (  6464 KB)
[    0.000000]       .init : 0xffff000009660000 - 0xffff000009790000   (  1216 KB)
[    0.000000]       .data : 0xffff000009790000 - 0xffff00000991ea00   (  1595 KB)
[    0.000000]        .bss : 0xffff00000991ea00 - 0xffff0000099a4c78   (   537 KB)
[    0.000000]     fixed   : 0xffff7dfffe7fd000 - 0xffff7dfffec00000   (  4108 KB)
[    0.000000]     PCI I/O : 0xffff7dfffee00000 - 0xffff7dffffe00000   (    16 MB)
[    0.000000]     vmemmap : 0xffff7e0000000000 - 0xffff800000000000   (  2048 GB maximum)
[    0.000000]               0xffff7e0000008000 - 0xffff7e0003fc0000   (    63 MB actual)
[    0.000000]     memory  : 0xffff800000200000 - 0xffff8000ff000000   (  4078 MB)
[    0.000000] SLUB: HWalign=64, Order=0-3, MinObjects=0, CPUs=4, Nodes=1
[    0.000000] Preemptible hierarchical RCU implementation.
[    0.000000] 	RCU restricting CPUs from NR_CPUS=64 to nr_cpu_ids=4.
[    0.000000] 	Tasks RCU enabled.
[    0.000000] RCU: Adjusting geometry for rcu_fanout_leaf=16, nr_cpu_ids=4
[    0.000000] NR_IRQS: 64, nr_irqs: 64, preallocated irqs: 0
[    0.000000] GIC: Using split EOI/Deactivate mode
[    0.000000] arch_timer: cp15 timer(s) running at 24.00MHz (phys).
[    0.000000] clocksource: arch_sys_counter: mask: 0xffffffffffffff max_cycles: 0x588fe9dc0, max_idle_ns: 440795202592 ns
[    0.000006] sched_clock: 56 bits at 24MHz, resolution 41ns, wraps every 4398046511097ns
[    0.001811] Console: colour dummy device 80x25
[    0.002272] console [tty0] enabled
[    0.002602] bootconsole [uart8250] disabled
[    0.000000] Booting Linux on physical CPU 0x0
[    0.000000] Linux version 4.14.0-rc2 (koo@localhost.localdomain) (gcc version 7.2.0 (crosstool-NG crosstool-ng-1.23.0-275-g891f90d)) #2 SMP PREEMPT Tue Dec 5 20:07:11 MST 2017
[    0.000000] Boot CPU: AArch64 Processor [410fd034]
[    0.000000] Machine model: Pine64 Rock64
[    0.000000] earlycon: uart8250 at MMIO32 0x00000000ff130000 (options '')
[    0.000000] bootconsole [uart8250] enabled
[    0.000000] efi: Getting EFI parameters from FDT:
[    0.000000] efi: UEFI not found.
[    0.000000] cma: Reserved 16 MiB at 0x00000000fe000000
[    0.000000] NUMA: No NUMA configuration found
[    0.000000] NUMA: Faking a node at [mem 0x0000000000000000-0x00000000feffffff]
[    0.000000] NUMA: NODE_DATA [mem 0xfdfbea80-0xfdfc057f]
[    0.000000] Zone ranges:
[    0.000000]   DMA      [mem 0x0000000000200000-0x00000000feffffff]
[    0.000000]   Normal   empty
[    0.000000] Movable zone start for each node
[    0.000000] Early memory node ranges
[    0.000000]   node   0: [mem 0x0000000000200000-0x00000000feffffff]
[    0.000000] Initmem setup node 0 [mem 0x0000000000200000-0x00000000feffffff]
[    0.000000] psci: probing for conduit method from DT.
[    0.000000] psci: PSCIv1.0 detected in firmware.
[    0.000000] psci: Using standard PSCI v0.2 function IDs
[    0.000000] psci: MIGRATE_INFO_TYPE not supported.
[    0.000000] random: fast init done
[    0.000000] percpu: Embedded 23 pages/cpu @ffff8000fdf5f000 s55832 r8192 d30184 u94208
[    0.000000] Detected VIPT I-cache on CPU0
[    0.000000] CPU features: enabling workaround for ARM erratum 845719
[    0.000000] Built 1 zonelists, mobility grouping on.  Total pages: 1027656
[    0.000000] Policy zone: DMA
[    0.000000] Kernel command line: earlycon=uart8250,mmio32,0xff130000 rw root=LABEL=rootfs rootwait rootfstype=ext4 init=/sbin/init coherent_pool=1M ethaddr=82:1d:da:1f:fd:31 eth1addr=82:1d:da:1f:fd:51 serial=2ddb74eed0071ba
[    0.000000] PID hash table entries: 4096 (order: 3, 32768 bytes)
[    0.000000] Memory: 4065340K/4175872K available (15932K kernel code, 1594K rwdata, 6420K rodata, 1216K init, 536K bss, 94148K reserved, 16384K cma-reserved)
[    0.000000] Virtual kernel memory layout:
[    0.000000]     modules : 0xffff000000000000 - 0xffff000008000000   (   128 MB)
[    0.000000]     vmalloc : 0xffff000008000000 - 0xffff7dffbfff0000   (129022 GB)
[    0.000000]       .text : 0xffff000008080000 - 0xffff000009010000   ( 15936 KB)
[    0.000000]     .rodata : 0xffff000009010000 - 0xffff000009660000   (  6464 KB)
[    0.000000]       .init : 0xffff000009660000 - 0xffff000009790000   (  1216 KB)
[    0.000000]       .data : 0xffff000009790000 - 0xffff00000991ea00   (  1595 KB)
[    0.000000]        .bss : 0xffff00000991ea00 - 0xffff0000099a4c78   (   537 KB)
[    0.000000]     fixed   : 0xffff7dfffe7fd000 - 0xffff7dfffec00000   (  4108 KB)
[    0.000000]     PCI I/O : 0xffff7dfffee00000 - 0xffff7dffffe00000   (    16 MB)
[    0.000000]     vmemmap : 0xffff7e0000000000 - 0xffff800000000000   (  2048 GB maximum)
[    0.000000]               0xffff7e0000008000 - 0xffff7e0003fc0000   (    63 MB actual)
[    0.000000]     memory  : 0xffff800000200000 - 0xffff8000ff000000   (  4078 MB)
[    0.000000] SLUB: HWalign=64, Order=0-3, MinObjects=0, CPUs=4, Nodes=1
[    0.000000] Preemptible hierarchical RCU implementation.
[    0.000000] 	RCU restricting CPUs from NR_CPUS=64 to nr_cpu_ids=4.
[    0.000000] 	Tasks RCU enabled.
[    0.000000] RCU: Adjusting geometry for rcu_fanout_leaf=16, nr_cpu_ids=4
[    0.000000] NR_IRQS: 64, nr_irqs: 64, preallocated irqs: 0
[    0.000000] GIC: Using split EOI/Deactivate mode
[    0.000000] arch_timer: cp15 timer(s) running at 24.00MHz (phys).
[    0.000000] clocksource: arch_sys_counter: mask: 0xffffffffffffff max_cycles: 0x588fe9dc0, max_idle_ns: 440795202592 ns
[    0.000006] sched_clock: 56 bits at 24MHz, resolution 41ns, wraps every 4398046511097ns
[    0.001811] Console: colour dummy device 80x25
[    0.002272] console [tty0] enabled
[    0.002602] bootconsole [uart8250] disabled
[    0.003072] Calibrating delay loop (skipped), value calculated using timer frequency.. 48.00 BogoMIPS (lpj=96000)
[    0.003106] pid_max: default: 32768 minimum: 301
[    0.003235] Security Framework initialized
[    0.005504] Dentry cache hash table entries: 524288 (order: 10, 4194304 bytes)
[    0.006663] Inode-cache hash table entries: 262144 (order: 9, 2097152 bytes)
[    0.006749] Mount-cache hash table entries: 8192 (order: 4, 65536 bytes)
[    0.006805] Mountpoint-cache hash table entries: 8192 (order: 4, 65536 bytes)
[    0.022409] ASID allocator initialised with 65536 entries
[    0.030397] Hierarchical SRCU implementation.
[    0.040149] EFI services will not be available.
[    0.046470] smp: Bringing up secondary CPUs ...
[    0.074636] Detected VIPT I-cache on CPU1
[    0.074694] CPU1: Booted secondary processor [410fd034]
[    0.102720] Detected VIPT I-cache on CPU2
[    0.102769] CPU2: Booted secondary processor [410fd034]
[    0.130807] Detected VIPT I-cache on CPU3
[    0.130853] CPU3: Booted secondary processor [410fd034]
[    0.130940] smp: Brought up 1 node, 4 CPUs
[    0.131031] SMP: Total of 4 processors activated.
[    0.131050] CPU features: detected feature: 32-bit EL0 Support
[    0.131254] CPU: All CPU(s) started at EL2
[    0.131294] alternatives: patching kernel code
[    0.133343] devtmpfs: initialized
[    0.143397] clocksource: jiffies: mask: 0xffffffff max_cycles: 0xffffffff, max_idle_ns: 7645041785100000 ns
[    0.143502] futex hash table entries: 1024 (order: 5, 131072 bytes)
[    0.144460] xor: measuring software checksum speed
[    0.182882]    8regs     :  1151.000 MB/sec
[    0.222940]    8regs_prefetch:  1027.000 MB/sec
[    0.262992]    32regs    :  1416.000 MB/sec
[    0.303050]    32regs_prefetch:  1191.000 MB/sec
[    0.303071] xor: using function: 32regs (1416.000 MB/sec)
[    0.303097] pinctrl core: initialized pinctrl subsystem
[    0.305085] DMI not present or invalid.
[    0.305584] NET: Registered protocol family 16
[    0.315123] cpuidle: using governor menu
[    0.316583] vdso: 2 pages (1 code @ ffff000009016000, 1 data @ ffff000009795000)
[    0.316628] hw-breakpoint: found 6 breakpoint and 4 watchpoint registers.
[    0.318163] DMA: preallocated 1024 KiB pool for atomic allocations
[    0.318743] Serial: AMBA PL011 UART driver
[    0.368047] HugeTLB registered 2.00 MiB page size, pre-allocated 0 pages
[    0.435684] raid6: int64x1  gen()   192 MB/s
[    0.503713] raid6: int64x1  xor()   178 MB/s
[    0.571830] raid6: int64x2  gen()   327 MB/s
[    0.639921] raid6: int64x2  xor()   267 MB/s
[    0.708078] raid6: int64x4  gen()   513 MB/s
[    0.776221] raid6: int64x4  xor()   356 MB/s
[    0.844487] raid6: int64x8  gen()   490 MB/s
[    0.912564] raid6: int64x8  xor()   370 MB/s
[    0.980756] raid6: neonx1   gen()   351 MB/s
[    1.048805] raid6: neonx1   xor()   365 MB/s
[    1.117011] raid6: neonx2   gen()   568 MB/s
[    1.185112] raid6: neonx2   xor()   571 MB/s
[    1.253268] raid6: neonx4   gen()   756 MB/s
[    1.321418] raid6: neonx4   xor()   713 MB/s
[    1.389561] raid6: neonx8   gen()   833 MB/s
[    1.457708] raid6: neonx8   xor()   762 MB/s
[    1.457727] raid6: using algorithm neonx8 gen() 833 MB/s
[    1.457745] raid6: .... xor() 762 MB/s, rmw enabled
[    1.457764] raid6: using neon recovery algorithm
[    1.458245] ACPI: Interpreter disabled.
[    1.460966] vcc_host_5v: supplied by vcc_sys
[    1.461092] vcc_host1_5v: supplied by vcc_sys
[    1.461971] vgaarb: loaded
[    1.462368] SCSI subsystem initialized
[    1.463016] usbcore: registered new interface driver usbfs
[    1.463119] usbcore: registered new interface driver hub
[    1.463258] usbcore: registered new device driver usb
[    1.464159] media: Linux media interface: v0.10
[    1.464233] Linux video capture interface: v2.00
[    1.464373] pps_core: LinuxPPS API ver. 1 registered
[    1.464396] pps_core: Software ver. 5.3.6 - Copyright 2005-2007 Rodolfo Giometti <giometti@linux.it>
[    1.464462] PTP clock support registered
[    1.464719] EDAC MC: Ver: 3.0.0
[    1.465156] dmi: Firmware registration failed.
[    1.465501] Advanced Linux Sound Architecture Driver Initialized.
[    1.466043] Bluetooth: Core ver 2.22
[    1.466119] NET: Registered protocol family 31
[    1.466139] Bluetooth: HCI device and connection manager initialized
[    1.466167] Bluetooth: HCI socket layer initialized
[    1.466189] Bluetooth: L2CAP socket layer initialized
[    1.466230] Bluetooth: SCO socket layer initialized
[    1.466843] NetLabel: Initializing
[    1.466867] NetLabel:  domain hash size = 128
[    1.466883] NetLabel:  protocols = UNLABELED CIPSOv4 CALIPSO
[    1.466982] NetLabel:  unlabeled traffic allowed by default
[    1.468049] clocksource: Switched to clocksource arch_sys_counter
[    1.468269] VFS: Disk quotas dquot_6.6.0
[    1.468352] VFS: Dquot-cache hash table entries: 512 (order 0, 4096 bytes)
[    1.468553] pnp: PnP ACPI: disabled
[    1.478162] NET: Registered protocol family 2
[    1.478923] TCP established hash table entries: 32768 (order: 6, 262144 bytes)
[    1.479501] TCP bind hash table entries: 32768 (order: 7, 524288 bytes)
[    1.480638] TCP: Hash tables configured (established 32768 bind 32768)
[    1.480854] UDP hash table entries: 2048 (order: 4, 65536 bytes)
[    1.481031] UDP-Lite hash table entries: 2048 (order: 4, 65536 bytes)
[    1.481449] NET: Registered protocol family 1
[    1.481851] RPC: Registered named UNIX socket transport module.
[    1.481875] RPC: Registered udp transport module.
[    1.481893] RPC: Registered tcp transport module.
[    1.481911] RPC: Registered tcp NFSv4.1 backchannel transport module.
[    1.482147] Trying to unpack rootfs image as initramfs...
[    1.659470] Freeing initrd memory: 2120K
[    1.660909] hw perfevents: enabled with armv8_cortex_a53 PMU driver, 7 counters available
[    1.661220] kvm [1]: 8-bit VMID
[    1.661242] kvm [1]: IDMAP page: 2ff8000
[    1.661260] kvm [1]: HYP VA range: 800000000000:ffffffffffff
[    1.662481] kvm [1]: Hyp mode initialized successfully
[    1.662538] kvm [1]: vgic-v2@ff814000
[    1.662661] kvm [1]: vgic interrupt IRQ1
[    1.662691] kvm [1]: virtual timer IRQ4
[    1.666246] audit: initializing netlink subsys (disabled)
[    1.666430] audit: type=2000 audit(1.660:1): state=initialized audit_enabled=0 res=1
[    1.666960] workingset: timestamp_bits=44 max_order=20 bucket_order=0
[    1.677199] squashfs: version 4.0 (2009/01/31) Phillip Lougher
[    1.678180] NFS: Registering the id_resolver key type
[    1.678235] Key type id_resolver registered
[    1.678253] Key type id_legacy registered
[    1.678281] nfs4filelayout_init: NFSv4 File Layout Driver Registering...
[    1.678302] Installing knfsd (copyright (C) 1996 okir@monad.swb.de).
[    1.679507] fuse init (API version 7.26)
[    1.680372] 9p: Installing v9fs 9p2000 file system support
[    1.689507] NET: Registered protocol family 38
[    1.689641] Key type asymmetric registered
[    1.689917] Block layer SCSI generic (bsg) driver version 0.4 loaded (major 246)
[    1.694111] io scheduler noop registered
[    1.694498] io scheduler cfq registered (default)
[    1.694524] io scheduler mq-deadline registered
[    1.694543] io scheduler kyber registered
[    1.710823] dma-pl330 ff1f0000.dmac: Loaded driver for PL330 DMAC-241330
[    1.710865] dma-pl330 ff1f0000.dmac: 	DBUFF-128x8bytes Num_Chans-8 Num_Peri-20 Num_Events-16
[    1.718769] Serial: 8250/16550 driver, 4 ports, IRQ sharing enabled
[    1.721408] ff130000.serial: ttyS2 at MMIO 0xff130000 (irq = 12, base_baud = 1500000) is a 16550A
[    1.812815] console [ttyS2] enabled
[    1.814320] SuperH (H)SCI(F) driver initialized
[    1.815245] msm_serial: driver initialized
[    1.836727] brd: module loaded
[    1.845025] loop: module loaded
[    1.866968] rockchip-spi ff190000.spi: Failed to request TX DMA channel
[    1.867581] rockchip-spi ff190000.spi: Failed to request RX DMA channel
[    1.868906] m25p80 spi0.0: found gd25q128, expected m25p128
[    1.871135] m25p80 spi0.0: gd25q128 (16384 Kbytes)
[    1.875237] 6 ofpart partitions found on MTD device spi0.0
[    1.875745] Creating 6 MTD partitions on "spi0.0":
[    1.876214] 0x000000000000-0x000000008000 : "system"
[    1.877899] 0x000000008000-0x000000400000 : "loader"
[    1.879463] 0x000000400000-0x0000007c0000 : "reserved"
[    1.881091] 0x0000007c0000-0x000000800000 : "vendor"
[    1.882624] 0x000000800000-0x000000c00000 : "uboot"
[    1.884244] 0x000000c00000-0x000001000000 : "atf"
[    1.888237] libphy: Fixed MDIO Bus: probed
[    1.889971] tun: Universal TUN/TAP device driver, 1.6
[    1.892020] e1000e: Intel(R) PRO/1000 Network Driver - 3.2.6-k
[    1.892623] e1000e: Copyright(c) 1999 - 2015 Intel Corporation.
[    1.893250] igb: Intel(R) Gigabit Ethernet Network Driver - version 5.4.0-k
[    1.893879] igb: Copyright (c) 2007-2014 Intel Corporation.
[    1.894451] igbvf: Intel(R) Gigabit Virtual Function Network Driver - version 2.4.0-k
[    1.895158] igbvf: Copyright (c) 2009 - 2012 Intel Corporation.
[    1.896304] sky2: driver version 1.30
[    1.898575] rk_gmac-dwmac ff540000.ethernet: PTP uses main clock
[    1.899234] rk_gmac-dwmac ff540000.ethernet: clock input or output? (input).
[    1.899875] rk_gmac-dwmac ff540000.ethernet: TX delay(0x26).
[    1.900517] rk_gmac-dwmac ff540000.ethernet: RX delay(0x11).
[    1.901040] rk_gmac-dwmac ff540000.ethernet: integrated PHY? (no).
[    1.901712] rk_gmac-dwmac ff540000.ethernet: clock input from PHY
[    1.907274] rk_gmac-dwmac ff540000.ethernet: init for RGMII
[    1.907841] stmmac - user ID: 0x10, Synopsys ID: 0x35
[    1.908550] rk_gmac-dwmac ff540000.ethernet: Ring mode enabled
[    1.909081] rk_gmac-dwmac ff540000.ethernet: DMA HW capability register supported
[    1.909757] rk_gmac-dwmac ff540000.ethernet: Normal descriptors
[    1.910293] rk_gmac-dwmac ff540000.ethernet: RX Checksum Offload Engine supported
[    1.910968] rk_gmac-dwmac ff540000.ethernet: COE Type 2
[    1.911442] rk_gmac-dwmac ff540000.ethernet: TX Checksum insertion supported
[    1.912093] rk_gmac-dwmac ff540000.ethernet: Wake-Up On Lan supported
[    1.912719] rk_gmac-dwmac ff540000.ethernet: Enable RX Mitigation via HW Watchdog Timer
[    2.012734] libphy: stmmac: probed
[    2.013069] RTL8211F Gigabit Ethernet stmmac-0:00: attached PHY driver [RTL8211F Gigabit Ethernet] (mii_bus:phy_addr=stmmac-0:00, irq=POLL)
[    2.014191] RTL8211F Gigabit Ethernet stmmac-0:01: attached PHY driver [RTL8211F Gigabit Ethernet] (mii_bus:phy_addr=stmmac-0:01, irq=POLL)
[    2.016160] rk_gmac-dwmac ff550000.ethernet: PTP uses main clock
[    2.016847] rk_gmac-dwmac ff550000.ethernet: clock input or output? (output).
[    2.017497] rk_gmac-dwmac ff550000.ethernet: Can not read property: tx_delay.
[    2.018141] rk_gmac-dwmac ff550000.ethernet: set tx_delay to 0x30
[    2.018692] rk_gmac-dwmac ff550000.ethernet: Can not read property: rx_delay.
[    2.019336] rk_gmac-dwmac ff550000.ethernet: set rx_delay to 0x10
[    2.019902] rk_gmac-dwmac ff550000.ethernet: integrated PHY? (yes).
[    2.020617] rk_gmac-dwmac ff550000.ethernet: cannot get clock clk_mac_refout
[    2.026290] rk_gmac-dwmac ff550000.ethernet: init for RMII
[    2.064099] stmmac - user ID: 0x10, Synopsys ID: 0x35
[    2.064563] rk_gmac-dwmac ff550000.ethernet: Ring mode enabled
[    2.065093] rk_gmac-dwmac ff550000.ethernet: DMA HW capability register supported
[    2.065769] rk_gmac-dwmac ff550000.ethernet: Normal descriptors
[    2.066304] rk_gmac-dwmac ff550000.ethernet: RX Checksum Offload Engine supported
[    2.066979] rk_gmac-dwmac ff550000.ethernet: COE Type 2
[    2.067453] rk_gmac-dwmac ff550000.ethernet: TX Checksum insertion supported
[    2.068103] rk_gmac-dwmac ff550000.ethernet: Wake-Up On Lan supported
[    2.068725] rk_gmac-dwmac ff550000.ethernet: Enable RX Mitigation via HW Watchdog Timer
[    2.069575] libphy: stmmac: probed
[    2.074941] pegasus: v0.9.3 (2013/04/25), Pegasus/Pegasus II USB Ethernet driver
[    2.075713] usbcore: registered new interface driver pegasus
[    2.076335] usbcore: registered new interface driver rtl8150
[    2.076927] usbcore: registered new interface driver r8152
[    2.077479] usbcore: registered new interface driver asix
[    2.078039] usbcore: registered new interface driver ax88179_178a
[    2.078648] usbcore: registered new interface driver cdc_ether
[    2.079233] usbcore: registered new interface driver dm9601
[    2.079802] usbcore: registered new interface driver CoreChips
[    2.080431] usbcore: registered new interface driver smsc75xx
[    2.081018] usbcore: registered new interface driver smsc95xx
[    2.081612] usbcore: registered new interface driver net1080
[    2.082188] usbcore: registered new interface driver plusb
[    2.082745] usbcore: registered new interface driver cdc_subset
[    2.083340] usbcore: registered new interface driver MOSCHIP usb-ethernet driver
[    2.084127] usbcore: registered new interface driver cdc_ncm
[    2.084904] VFIO - User Level meta-driver version: 0.3
[    2.089408] dwc2 ff580000.usb: ff580000.usb supply vusb_d not found, using dummy regulator
[    2.090232] dwc2 ff580000.usb: ff580000.usb supply vusb_a not found, using dummy regulator
[    2.103484] dwc2 ff580000.usb: DWC OTG Controller
[    2.103954] dwc2 ff580000.usb: new USB bus registered, assigned bus number 1
[    2.104653] dwc2 ff580000.usb: irq 21, io mem 0xff580000
[    2.105995] hub 1-0:1.0: USB hub found
[    2.106388] hub 1-0:1.0: 1 port detected
[    2.107998] ehci_hcd: USB 2.0 'Enhanced' Host Controller (EHCI) Driver
[    2.108630] ehci-pci: EHCI PCI platform driver
[    2.109139] ehci-platform: EHCI generic platform driver
[    2.112018] ehci-platform ff5c0000.usb: EHCI Host Controller
[    2.112581] ehci-platform ff5c0000.usb: new USB bus registered, assigned bus number 2
[    2.113745] ehci-platform ff5c0000.usb: irq 22, io mem 0xff5c0000
[    2.128075] ehci-platform ff5c0000.usb: USB 2.0 started, EHCI 1.00
[    2.129423] hub 2-0:1.0: USB hub found
[    2.129818] hub 2-0:1.0: 1 port detected
[    2.130720] ehci-orion: EHCI orion driver
[    2.131308] ehci-exynos: EHCI EXYNOS driver
[    2.131852] ehci-msm: Qualcomm On-Chip EHCI Host Controller
[    2.132549] ohci_hcd: USB 1.1 'Open' Host Controller (OHCI) Driver
[    2.133130] ohci-pci: OHCI PCI platform driver
[    2.133630] ohci-platform: OHCI generic platform driver
[    2.134438] ohci-platform ff5d0000.usb: Generic Platform OHCI controller
[    2.135069] ohci-platform ff5d0000.usb: new USB bus registered, assigned bus number 3
[    2.136128] ohci-platform ff5d0000.usb: irq 23, io mem 0xff5d0000
[    2.200870] hub 3-0:1.0: USB hub found
[    2.201264] hub 3-0:1.0: 1 port detected
[    2.202125] ohci-exynos: OHCI EXYNOS driver
[    2.203196] xhci-hcd xhci-hcd.0.auto: xHCI Host Controller
[    2.203724] xhci-hcd xhci-hcd.0.auto: new USB bus registered, assigned bus number 4
[    2.205310] xhci-hcd xhci-hcd.0.auto: hcc params 0x0220fe64 hci version 0x110 quirks 0x02010010
[    2.206161] xhci-hcd xhci-hcd.0.auto: irq 157, io mem 0xff600000
[    2.207494] hub 4-0:1.0: USB hub found
[    2.207885] hub 4-0:1.0: 1 port detected
[    2.208773] xhci-hcd xhci-hcd.0.auto: xHCI Host Controller
[    2.209293] xhci-hcd xhci-hcd.0.auto: new USB bus registered, assigned bus number 5
[    2.210070] usb usb5: We don't know the algorithms for LPM for this host, disabling LPM.
[    2.211497] hub 5-0:1.0: USB hub found
[    2.211883] hub 5-0:1.0: 1 port detected
[    2.213073] usbcore: registered new interface driver uas
[    2.213763] usbcore: registered new interface driver usb-storage
[    2.218684] i2c /dev entries driver
[    2.222210] rk808 1-0018: chip id: 0x8050
[    2.228698] rk808-regulator rk808-regulator: there is no dvs0 gpio
[    2.229279] rk808-regulator rk808-regulator: there is no dvs1 gpio
[    2.229873] DCDC_REG1: mapping for mode 1 not defined
[    2.230334] DCDC_REG1: mapping for mode 2 not defined
[    2.230866] DCDC_REG1: supplied by vcc_sys
[    2.233423] DCDC_REG2: mapping for mode 1 not defined
[    2.233895] DCDC_REG2: mapping for mode 2 not defined
[    2.234420] DCDC_REG2: supplied by vcc_sys
[    2.235974] DCDC_REG3: mapping for mode 1 not defined
[    2.236603] DCDC_REG3: mapping for mode 2 not defined
[    2.237135] DCDC_REG3: supplied by vcc_sys
[    2.237780] DCDC_REG4: mapping for mode 1 not defined
[    2.238246] DCDC_REG4: mapping for mode 2 not defined
[    2.238760] DCDC_REG4: supplied by vcc_sys
[    2.240395] LDO_REG1: supplied by vcc_io
[    2.244223] LDO_REG2: supplied by vcc_io
[    2.248065] LDO_REG3: supplied by vcc_sys
[    2.262371] rk808-rtc rk808-rtc: rtc core: registered rk808-rtc as rtc0
[    2.265904] input: rk805 pwrkey as /devices/platform/ff160000.i2c/i2c-1/1-0018/rk805-pwrkey/input/input0
[    2.267128] rk3x-i2c ff160000.i2c: Initialized RK3xxx I2C bus at ffff00000a015000
[    2.269313] IR NEC protocol handler initialized
[    2.269738] IR RC5(x/sz) protocol handler initialized
[    2.270194] IR RC6 protocol handler initialized
[    2.270603] IR JVC protocol handler initialized
[    2.271014] IR Sony protocol handler initialized
[    2.271430] IR SANYO protocol handler initialized
[    2.271855] IR Sharp protocol handler initialized
[    2.272304] IR MCE Keyboard/mouse protocol handler initialized
[    2.272831] IR XMP protocol handler initialized
[    2.277943] Bluetooth: HCI UART driver ver 2.3
[    2.281054] pwrseq_simple: probe of sdio-pwrseq failed with error -16
[    2.281869] sdhci: Secure Digital Host Controller Interface driver
[    2.282422] sdhci: Copyright(c) Pierre Ossman
[    2.283073] Synopsys Designware Multimedia Card Interface Driver
[    2.284531] dwmmc_rockchip ff520000.dwmmc: 'num-slots' was deprecated.
[    2.285237] dwmmc_rockchip ff520000.dwmmc: IDMAC supports 32-bit address mode.
[    2.286075] dwmmc_rockchip ff520000.dwmmc: Using internal DMA controller.
[    2.286681] dwmmc_rockchip ff520000.dwmmc: Version ID is 270a
[    2.287230] dwmmc_rockchip ff520000.dwmmc: DW MMC controller at irq 17,32 bit host data width,256 deep fifo
[    2.288168] mmc_host mmc0: card is non-removable.
[    2.312098] mmc_host mmc0: Bus speed (slot 0) = 400000Hz (slot req 400000Hz, actual 400000HZ div = 0)
[    2.333063] dwmmc_rockchip ff500000.dwmmc: 'num-slots' was deprecated.
[    2.333863] dwmmc_rockchip ff500000.dwmmc: IDMAC supports 32-bit address mode.
[    2.334819] dwmmc_rockchip ff500000.dwmmc: Using internal DMA controller.
[    2.335461] dwmmc_rockchip ff500000.dwmmc: Version ID is 270a
[    2.336098] dwmmc_rockchip ff500000.dwmmc: DW MMC controller at irq 18,32 bit host data width,256 deep fifo
[    2.337106] vcc_sd: supplied by vcc_io
[    2.337756] dwmmc_rockchip ff500000.dwmmc: Got CD GPIO
[    2.356129] mmc_host mmc1: Bus speed (slot 0) = 400000Hz (slot req 400000Hz, actual 400000HZ div = 0)
[    2.368138] mmc_host mmc0: Bus speed (slot 0) = 300000Hz (slot req 300000Hz, actual 300000HZ div = 0)
[    2.377512] sdhci-pltfm: SDHCI platform and OF driver helper
[    2.386150] ledtrig-cpu: registered to indicate activity on CPUs
[    2.387965] usbcore: registered new interface driver usbhid
[    2.388488] usbhid: USB HID core driver
[    2.391978] Netfilter messages via NETLINK v0.30.
[    2.392450] nfnl_acct: registering with nfnetlink.
[    2.393085] nf_conntrack version 0.5.0 (16384 buckets, 65536 max)
[    2.393814] ctnetlink v0.93: registering with nfnetlink.
[    2.394433] nf_tables: (c) 2007-2009 Patrick McHardy <kaber@trash.net>
[    2.398261] xt_time: kernel timezone is -0000
[    2.398675] IPVS: Registered protocols ()
[    2.399305] IPVS: Connection hash table configured (size=4096, memory=64Kbytes)
[    2.400185] IPVS: ipvs loaded.
[    2.400467] IPVS: [rr] scheduler registered.
[    2.401020] ip_tables: (C) 2000-2006 Netfilter Core Team
[    2.401712] Initializing XFRM netlink socket
[    2.402458] NET: Registered protocol family 10
[    2.403572] Segment Routing with IPv6
[    2.403987] ip6_tables: (C) 2000-2006 Netfilter Core Team
[    2.404890] sit: IPv6, IPv4 and MPLS over IPv4 tunneling driver
[    2.407069] NET: Registered protocol family 17
[    2.407519] bridge: filtering via arp/ip/ip6tables is no longer available by default. Update your scripts to load br_netfilter if you need this.
[    2.408680] Bluetooth: HIDP (Human Interface Emulation) ver 1.2
[    2.409211] Bluetooth: HIDP socket layer initialized
[    2.409703] 8021q: 802.1Q VLAN Support v1.8
[    2.410114] 9pnet: Installing 9P2000 support
[    2.410563] Key type dns_resolver registered
[    2.411776] registered taskstats version 1
[    2.413360] Btrfs loaded, crc32c=crc32c-generic
[    2.422834] rk808-rtc rk808-rtc: setting system clock to 2017-12-06 09:41:22 UTC (1512553282)
[    2.424391] mmc_host mmc0: Bus speed (slot 0) = 200000Hz (slot req 200000Hz, actual 200000HZ div = 0)
[    2.425302] ALSA device list:
[    2.425566]   No soundcards found.
[    2.426106] of_dma_request_slave_channel: dma-names property of node '/serial@ff130000' missing or empty
[    2.426946] ttyS2 - failed to request DMA
[    2.427727] Freeing unused kernel memory: 1216K
Loading, please wait...
[    2.429389] mmc_host mmc1: Bus speed (slot 0) = 50000000Hz (slot req 50000000Hz, actual 50000000HZ div = 0)
[    2.430390] mmc1: new high speed SDHC card at address 0007
[    2.431303] mmcblk1: mmc1:0007 SD16G 14.4 GiB 
[    2.441729]  mmcblk1: p1 p2 p3 p4 p5 p6 p7
[    2.457746] systemd-udevd[1941]: starting version 215
[    2.492155] mmc_host mmc0: Bus speed (slot 0) = 100000Hz (slot req 100000Hz, actual 100000HZ div = 0)
Begin: Loading essential drivers ... done.
Begin: Running /scripts/init-premount ... done.
Begin: Mounting root file system ... Begin: Running /scripts/local-top ... done.
Begin: Running /scripts/local-premount ... done.
Begin: Waiting for root file system ... [    3.348098] usb 1-1: new high-speed USB device number 2 using dwc2
[    3.831519] usb-storage 1-1:1.0: USB Mass Storage device detected
[    3.833575] scsi host0: usb-storage 1-1:1.0
Begin: Running /scripts/local-block ... done.
Begin: Running /scripts/local-block ... done.
[    4.889986] scsi 0:0:0:0: Direct-Access              Patriot Memory   PMAP PQ: 0 ANSI: 4
Begin: Running /scripts/local-block ... done.
[    6.631343] sd 0:0:0:0: [sda] 60604416 512-byte logical blocks: (31.0 GB/28.9 GiB)
[    6.633923] sd 0:0:0:0: [sda] Write Protect is off
[    6.636230] sd 0:0:0:0: [sda] No Caching mode page found
[    6.636731] sd 0:0:0:0: [sda] Assuming drive cache: write through
[    6.669341]  sda: sda1
[    6.675872] sd 0:0:0:0: [sda] Attached SCSI removable disk
Begin: Running /scripts/local-block ... done.
Begin: Running /scripts/local-block ... done.
Begin: Running /scripts/local-block ... done.
done.
Begin: Will now check root file system ... fsck from util-linux 2.25.2
fsck: error 2 (No such file or directory) while executing fsck.ext4 for /dev/sda1
fsck exited with status code 8
done.
Warning: File system check failed but did not detect errors
[   16.639408] EXT4-fs (sda1): mounted filesystem with ordered data mode. Opts: (null)
done.
Begin: Running /scripts/local-bottom ... done.
Begin: Running /scripts/init-bottom ... done.
[   19.557585] systemd[1]: systemd 235 running in system mode. (+PAM -AUDIT -SELINUX -IMA -APPARMOR +SMACK -SYSVINIT +UTMP +LIBCRYPTSETUP +GCRYPT +GNUTLS +ACL +XZ +LZ4 +SECCOMP +BLKID +ELFUTILS +KMOD -IDN2 +IDN default-hierarchy=hybrid)
[   19.560476] systemd[1]: Detected architecture arm64.

Welcome to Arch Linux ARM!

[   19.585338] systemd[1]: Set hostname to <rock64>.
[   19.980251] random: crng init done
[   20.229083] systemd[1]: File /usr/lib/systemd/system/systemd-journald.service:33 configures an IP firewall (IPAddressDeny=any), but the local system does not support BPF/cgroup based firewalling.
[   20.230689] systemd[1]: Proceeding WITHOUT firewalling in effect!
[   20.258189] systemd[1]: File /usr/lib/systemd/system/systemd-udevd.service:32 configures an IP firewall (IPAddressDeny=any), but the local system does not support BPF/cgroup based firewalling.
[   20.259726] systemd[1]: Proceeding WITHOUT firewalling in effect!
[   20.473935] systemd[1]: File /usr/lib/systemd/system/systemd-logind.service:34 configures an IP firewall (IPAddressDeny=any), but the local system does not support BPF/cgroup based firewalling.
[   20.475525] systemd[1]: Proceeding WITHOUT firewalling in effect!
[   20.540261] systemd[1]: Reached target Remote File Systems.
[  OK  ] Reached target Remote File Systems.
[  OK  ] Reached target Swap.
[  OK  ] Created slice User and Session Slice.
[  OK  ] Reached target Remote Encrypted Volumes.
[  OK  ] Started Dispatch Password Requests to Console Directory Watch.
[  OK  ] Created slice System Slice.
[  OK  ] Listening on udev Control Socket.
[  OK  ] Listening on /dev/initctl Compatibility Named Pipe.
[  OK  ] Created slice system-getty.slice.
[  OK  ] Listening on Journal Socket (/dev/log).
[  OK  ] Listening on Journal Socket.
         Mounting Kernel Configuration File System...
         Starting Apply Kernel Variables...
         Starting Remount Root and Kernel File Systems...
[  OK  ] Listening on Journal Audit Socket.
         Mounting POSIX Message Queue File System...
         Mounting Temporary Directory (/tmp)...
[  OK  ] Listening on udev Kernel Socket.
         Starting Journal Service...
         Mounting FUSE Control File System...
[  OK  ] Listening on Process Core Dump Socket.
         Mounting Huge Pages File System...
[  OK  ] Listening on Network Service Netlink Socket.
         Mounting Kernel Debug File System...
[  OK  ] Listening on Device-mapper event daemon FIFOs.
         Starting Create list of required stce nodes for the current kernel...
         Starting udev Coldplug all Devices...
[  OK  ] Created slice system-serial\x2dgetty.slice.
[  OK  ] Listening on LVM2 metadata daemon socket.
[  OK  ] Started Forward Password Requests to Wall Directory Watch.
[  OK  ] Reached target Paths.
[  OK  ] Reached target Local Encrypted Volumes.
[  OK  ] Reached target Slices.
[  OK  ] Mounted Temporary Directory (/tmp).
[  OK  ] Mounted Kernel Debug File System.
[  OK  ] Mounted Kernel Configuration File System.
[  OK  ] Mounted FUSE Control File System.
[  OK  ] Mounted POSIX Message Queue File System.
[  OK  ] Mounted Huge Pages File System.
[  OK  ] Started Journal Service.
[  OK  ] Started Apply Kernel Variables.
[  OK  ] Started Remount Root and Kernel File Systems.
[  OK  ] Started Create list of required stavice nodes for the current kernel.
         Starting Create Static Device Nodes in /dev...
         Starting Load/Save Random Seed...
         Starting Flush Journal to Persistent Storage...
[  OK  ] Started Load/Save Random Seed.
[   21.275886] systemd-journald[2017]: Received request to flush runtime journal from PID 1
[  OK  ] Started udev Coldplug all Devices.
[   22.907498] systemd-journald[2017]: File /var/log/journal/7052aab1d81748638be6afa1cc7125b2/system.journal corrupted or uncleanly shut down, renaming and replacing.
[  OK  ] Started Create Static Device Nodes in /dev.
         Starting udev Kernel Device Manager...
[  OK  ] Reached target Local File Systems (Pre).
[  OK  ] Reached target Containers.
[  OK  ] Started Flush Journal to Persistent Storage.
[  OK  ] Started udev Kernel Device Manager.
         Starting Network Service...
[  OK  ] Started Network Service.
[  OK  ] Reached target Network.
[  OK  ] Found device /dev/ttyS2.
[   33.885347] RTL8211F Gigabit Ethernet stmmac-0:00: attached PHY driver [RTL8211F Gigabit Ethernet] (mii_bus:phy_addr=stmmac-0:00, irq=POLL)
[   33.984131] rk_gmac-dwmac ff540000.ethernet eth0: PTP not supported by HW
[   33.984926] IPv6: ADDRCONF(NETDEV_UP): eth0: link is not ready
[  OK  ] Listening on Load/Save RF Kill Switch Status /dev/rfkill Watch.
[  OK  ] Found device /dev/disk/by-label/boot.
         Mounting /boot/efi...
[   34.280096] FAT-fs (mmcblk1p6): Volume was not properly unmounted. Some data may be corrupt. Please run fsck.
[  OK  ] Mounted /boot/efi.
[  OK  ] Reached target Local File Systems.
         Starting Create Volatile Files and Directories...
[  OK  ] Started Create Volatile Files and Directories.
         Starting Network Time Synchronization...
         Starting Update UTMP about System Boot/Shutdown...
[  OK  ] Started Update UTMP about System Boot/Shutdown.
[  OK  ] Started Network Time Synchronization.
[  OK  ] Reached target System Time Synchronized.
[  OK  ] Reached target System Initialization.
[  OK  ] Started Daily man-db cache update.
[  OK  ] Started Daily verification of password and group files.
[  OK  ] Started Daily Cleanup of Temporary Directories.
[  OK  ] Listening on D-Bus System Message Bus Socket.
[  OK  ] Reached target Sockets.
[  OK  ] Reached target Basic System.
         Starting Permit User Sessions...
[  OK  ] Started Entropy Harvesting Daemon.
         Starting Network Name Resolution...
[  OK  ] Started OpenSSH Daemon.
         Starting Login Service...
[  OK  ] Started D-Bus System Message Bus.
[  OK  ] Started Daily rotation of log files.
[  OK  ] Reached target Timers.
[  OK  ] Started Network Name Resolution.
[  OK  ] Started Permit User Sessions.
         Starting Update man-db cache...
         Starting Rotate log files...
[  OK  ] Started Verify integrity of password and group files.
[  OK  ] Started Serial Getty on ttyS2.
[  OK  ] Started Getty on tty1.
[  OK  ] Reached target Login Prompts.
[  OK  ] Reached target Host and Network Name Lookups.
[  OK  ] Started Login Service.
[  OK  ] Reached target Multi-User System.
[  OK  ] Reached target Graphical Interface.
[  OK  ] Started Rotate log files.
[   36.033693] rk_gmac-dwmac ff540000.ethernet eth0: Link is Up - 100Mbps/Half - flow control off
[   36.034531] IPv6: ADDRCONF(NETDEV_CHANGE): eth0: link becomes ready

Arch Linux 4.14.0-rc2 (ttyS2)

rock64 login: root
Password: 
Login incorrect

rock64 login: root
Password: 
[   53.939797] audit: type=1006 audit(1512553334.012:2): pid=2077 uid=0 old-auid=4294967295 auid=0 tty=ttyS2 old-ses=4294967295 ses=1 res=1
[   54.021505] audit: type=1006 audit(1512553334.096:3): pid=2085 uid=0 old-auid=4294967295 auid=0 tty=(none) old-ses=4294967295 ses=2 res=1
[root@rock64 ~]# ifconfig
eth0: flags=4163<UP,BROADCAST,RUNNING,MULTICAST>  mtu 1500
        inet6 fe80::801d:daff:fe1f:fd31  prefixlen 64  scopeid 0x20<link>
        ether 82:1d:da:1f:fd:31  txqueuelen 1000  (Ethernet)
        RX packets 0  bytes 0 (0.0 B)
        RX errors 0  dropped 0  overruns 0  frame 0
        TX packets 23  bytes 3269 (3.1 KiB)
        TX errors 0  dropped 0 overruns 0  carrier 0  collisions 0
        device interrupt 19  

lo: flags=73<UP,LOOPBACK,RUNNING>  mtu 65536
        inet 127.0.0.1  netmask 255.0.0.0
        inet6 ::1  prefixlen 128  scopeid 0x10<host>
        loop  txqueuelen 1000  (Local Loopback)
        RX packets 3  bytes 300 (300.0 B)
        RX errors 0  dropped 0  overruns 0  frame 0
        TX packets 3  bytes 300 (300.0 B)
        TX errors 0  dropped 0 overruns 0  carrier 0  collisions 0

[root@rock64 ~]# 
[root@rock64 ~]# 
[root@rock64 ~]# p igfoncif        ifconfig eth0 192.168.0.45
[root@rock64 ~]# ping 192.168.0.45
PING 192.168.0.45 (192.168.0.45) 56(84) bytes of data.
64 bytes from 192.168.0.45: icmp_seq=1 ttl=64 time=0.105 ms

--- 192.168.0.45 ping statistics ---
1 packets transmitted, 1 received, 0% packet loss, time 0ms
rtt min/avg/max/mdev = 0.105/0.105/0.105/0.000 ms
[root@rock64 ~]# ping 192.168.0.45  1
PING 192.168.0.1 (192.168.0.1) 56(84) bytes of data.

--- 192.168.0.1 ping statistics ---
3 packets transmitted, 0 received, 100% packet loss, time 2037ms

[root@rock64 ~]# ls
linux-4.14-rc2.tar.gz  rock64-4.14-rc2	rock64_14.14rc2.patch
[root@rock64 ~]# c ls
linux-4.14-rc2.tar.gz  rock64-4.14-rc2	rock64_14.14rc2.patch
[root@rock64 ~]# cd *rc2
